todo 90
B0GJTFXNRX: Apple AirTag (2nd Generation): Tracker for Keychain, Wallet, and More; | $24.00 | 4.6 out of 5 stars | (11,539)
B0GJTXVN9Z: Apple AirTag (2nd Generation) - 4 Pack: Tracker for Keychain, Wallet,  | $89.00 | 4.6 out of 5 stars | (11,539)
B0D63657GY: attempt 1 failed (Loading https://www.amazon.com/dp/B0D63657GY | Page.goto: Ti), backing off
B0D63657GY: Life360 Tile - Bluetooth Tracker, Keys Finder and Item Locator for Key | $24.99 | 4.3 out of 5 stars | (16,488)
B0D63573CF: Life360 Tile - Bluetooth Tracker, Keys Finder and Item Locator for Key | $44.99 | 4.3 out of 5 stars | (16,488)
B0F82HR8QZ: UGREEN FineTrack Air Tracker Tags (iOS Only) 4 Pack Key Finder | $22.79 | 4.4 out of 5 stars | (4,244)
B0C2ZL46QC: attempt 1 failed ( | Page.wait_for_selector: Timeout 20000ms exceeded.
Call lo), backing off
B0C2ZL46QC: attempt 2 failed (Amazon.com: ATUVOS Air Tracker Tags-4 Pack, Bluetooth Luggag), backing off
B0C2ZL46QC: homepage reload failed (Page.goto: Timeout 45000ms exceeded.
Call log:
  - navigatin), continuing
B0C2ZL46QC: NO TITLE | None | None | None
B0G1Y9GB16: attempt 1 failed (Amazon.com. Spend less. Smile more. | Page.goto: Timeout 450), backing off
B0G1Y9GB16: Air Tags for Android,Air Tags-4 Pack Android,Air Tracker Tags with 4 C | $26.99 | 4.3 out of 5 stars | (1,510)
B0H9PPS97R: attempt 1 failed (Amazon.com: Air Tracker Tags Bluetooth Item Finder-4 Pack，Co), backing off
B0H9PPS97R: attempt 2 failed (Amazon.com: Air Tracker Tags Bluetooth Item Finder-4 Pack，Co), backing off
B0H9PPS97R: homepage reload failed (Page.goto: Timeout 45000ms exceeded.
Call log:
  - navigatin), continuing
B0H9PPS97R: NO TITLE | None | None | None
B0FSKPVR91: attempt 1 failed (Loading https://www.amazon.com/dp/B0FSKPVR91 | Page.goto: Ti), backing off
B0FSKPVR91: Ultrbeka Air Tracker Tag 4 Pack Bluetooth Item Finder for iPhone – MFi | $19.99 | 4.4 out of 5 stars | (581)
B0FNN5WX7B: attempt 1 failed (Amazon.com: MSEBENT Air Tags-2 Pack, Apple Find My Item Find), backing off
B0FNN5WX7B: attempt 2 failed (Amazon.com: MSEBENT Air Tags-2 Pack, Apple Find My Item Find), backing off
B0FNN5WX7B: homepage reload failed (Page.goto: Timeout 45000ms exceeded.
Call log:
  - navigatin), continuing
B0FNN5WX7B: NO TITLE | None | None | None
B0CJYL1Q9S: attempt 1 failed ( | Page.wait_for_selector: Timeout 20000ms exceeded.
Call lo), backing off
B0CJYL1Q9S: attempt 2 failed ( | Page.wait_for_selector: Timeout 20000ms exceeded.
Call lo), backing off
B0CJYL1Q9S: NO TITLE | None | None | None
B0CHN2D8KM: attempt 1 failed (Loading https://www.amazon.com/dp/B0CHN2D8KM | Page.goto: Ti), backing off
B0CHN2D8KM: homepage reload failed (Page.goto: Timeout 45000ms exceeded.
Call log:
  - navigatin), continuing
B0CHN2D8KM: attempt 2 failed (Loading https://www.amazon.com/dp/B0CHN2D8KM | Page.goto: Ti), backing off
B0CHN2D8KM: NO TITLE | None | None | None
B0CCC69HN3: Samsung Galaxy SmartTag2, Bluetooth Tracker, Smart Tag Tracking Device | $28.50 | 4.4 out of 5 stars | (12,235)
B0DZXTLD38: attempt 1 failed (Amazon.com: Chipolo POP Tracker Tag - Colorful, Compatible, ), backing off
B0DZXTLD38: attempt 2 failed (Loading https://www.amazon.com/dp/B0DZXTLD38 | Page.goto: Ti), backing off
B0DZXTLD38: NO TITLE | None | None | None
B0FLKG9NWT: attempt 1 failed (Amazon.com: Chipolo Loop - Rechargeable Bluetooth Tracker fo), backing off
B0FLKG9NWT: Chipolo Loop - Rechargeable Bluetooth Tracker for Key and Item Locator | $39.00 | 4.2 out of 5 stars | (586)
B0FVYDTHZ3: Pebblebee Card 5, Bluetooth Wallet Tracker | Alt to Air Tag, 18-Mo Bat | $39.99 | 3.8 out of 5 stars | (380)
B0D6LDXRJ4: M5Stack Official ATOM Lite Compact ESP32 IoT Development Kit, Grey | $14.37 | 4.4 out of 5 stars | (68)
B0D6S1LD1G: attempt 1 failed (Amazon.com: M5Stack Official ATOMS3 Lite ESP32S3 Dev Kit | E), backing off
B0D6S1LD1G: homepage reload failed (Page.goto: Timeout 45000ms exceeded.
Call log:
  - navigatin), continuing
B0D6S1LD1G: attempt 2 failed ( | Page.goto: Timeout 45000ms exceeded.
Call log:
  - naviga), backing off
B0D6S1LD1G: NO TITLE | None | None | None
B0D2NKVB34: attempt 1 failed (Amazon.com: Seeed Studio XIAO ESP32C6-2.4 GHz WiFi 6, Blueto), backing off
B0D2NKVB34: attempt 2 failed (Amazon.com: Seeed Studio XIAO ESP32C6-2.4 GHz WiFi 6, Blueto), backing off
B0D2NKVB34: NO TITLE | None | None | None
B0DJ6N55FX: attempt 1 failed (Amazon.com: XIAO ESP32C6 3PCS Pack - 2.4GHz Wi-Fi 6, BLE 5.0), backing off
B0DJ6N55FX: homepage reload failed (Page.goto: Timeout 45000ms exceeded.
Call log:
  - navigatin), continuing
B0DJ6N55FX: attempt 2 failed (Loading https://www.amazon.com/dp/B0DJ6N55FX | Page.goto: Ti), backing off
B0DJ6N55FX: homepage reload failed (Page.goto: Timeout 45000ms exceeded.
Call log:
  - navigatin), continuing
B0DJ6N55FX: NO TITLE | None | None | None
B08D5ZD528: attempt 1 failed (Loading https://www.amazon.com/dp/B08D5ZD528 | Page.goto: Ti), backing off
B08D5ZD528: attempt 2 failed (Amazon.com: ESP-WROOM-32 ESP32 ESP-32S Development Board 2.4), backing off
B08D5ZD528: NO TITLE | None | None | None
STOPPING: 4 failures in a row
todo 79
B0C2ZL46QC: attempt 1 failed (Amazon.com | Page.wait_for_selector: Timeout 20000ms exceede), backing off
B0C2ZL46QC: ATUVOS Air Tracker Tags-4 Pack, Bluetooth Luggage Tracker Works with A | $21.99 | 4.2 out of 5 stars | (16,695)
B0H9PPS97R: Air Tracker Tags Bluetooth Item Finder-4 Pack，Compatible with Android( | $32.99 | 4.8 out of 5 stars | (101)
B0FNN5WX7B: Air Tags-2 Pack, Apple Find My Item Finders for Luggage (iOS Only) | $9.71 | 4.4 out of 5 stars | (2,486)
B0CJYL1Q9S: Samsung SmartTag2 (2023) Bluetooth + UWB, IP67 Water and Dust Resistan | $52.78 | 4.5 out of 5 stars | (8,590)
B0CHN2D8KM: Samsung SmartTag2 (2023) Bluetooth + UWB, IP67 Water and Dust Resistan | $23.49 | 4.6 out of 5 stars | (6,119)
B0DZXTLD38: Chipolo POP Tracker Tag - Colorful, Compatible, Loud Bluetooth Tracker | $29.00 | 3.9 out of 5 stars | (1,366)
B0D6S1LD1G: M5Stack Official ATOMS3 Lite ESP32S3 Dev Kit | $14.90 | 4.8 out of 5 stars | (26)
B0D2NKVB34: attempt 1 failed ( | Page.wait_for_selector: Timeout 20000ms exceeded.
Call lo), backing off
B0D2NKVB34: Seeed Studio XIAO ESP32C6-2.4 GHz WiFi 6, Bluetooth 5.3, Zigbee, Threa | $11.90 | 4.7 out of 5 stars | (155)
B0DJ6N55FX: attempt 1 failed (Amazon.com: XIAO ESP32C6 3PCS Pack - 2.4GHz Wi-Fi 6, BLE 5.0), backing off
B0DJ6N55FX: homepage reload failed (Page.goto: Timeout 45000ms exceeded.
Call log:
  - navigatin), continuing
B0DJ6N55FX: attempt 2 failed (Amazon.com. Spend less. Smile more. | Page.goto: Timeout 450), backing off
B0DJ6N55FX: NO TITLE | None | None | None
B08D5ZD528: attempt 1 failed (Amazon.com: ESP-WROOM-32 ESP32 ESP-32S Development Board 2.4), backing off
B08D5ZD528: attempt 2 failed (Amazon.com: ESP-WROOM-32 ESP32 ESP-32S Development Board 2.4), backing off
B08D5ZD528: NO TITLE | None | None | None
B0D8T53CQ5: ELEGOO 3PCS ESP-32 Dev Boards, ESP-WROOM-32, USB-C, WiFi Bluetooth 4.2 | $19.99 | 4.7 out of 5 stars | (515)
B0DSZBH9N9: attempt 1 failed (Loading https://www.amazon.com/dp/B0DSZBH9N9 | Page.goto: Ti), backing off
B0DSZBH9N9: 6-Pack ESP32-DevKitC-32 Development Board, Type-C, 38-Pin | $29.96 | 4.4 out of 5 stars | (71)
B0DKXFB7PW: attempt 1 failed ( | Page.wait_for_selector: Timeout 20000ms exceeded.
Call lo), backing off
B0DKXFB7PW: ESP32-S3 PoE Ethernet Development Board, with POE Module, 240MHz | $30.71 | 4.6 out of 5 stars | (44)
B0DKJ21JD4: Waveshare ESP32-S3 ETH Development Board Microcontroller, 10/100Mbps R | $34.99 | 4.4 out of 5 stars | (28)
B0DRNSV5CS: Seeed Studio XIAO ESP32C3 (Pre-Soldered) | $10.99 | 4.7 out of 5 stars | (57)
B0FG2C8W67: attempt 1 failed (Loading https://www.amazon.com/dp/B0FG2C8W67 | Page.goto: Ti), backing off
B0FG2C8W67: attempt 2 failed (Amazon.com: Smart Blinds Motor for 1.5"(38mm) Shade Tube Wor), backing off
B0FG2C8W67: homepage reload failed (Page.goto: Timeout 45000ms exceeded.
Call log:
  - navigatin), continuing
B0FG2C8W67: NO TITLE | None | None | None
B0GSR94QV1: attempt 1 failed ( | Page.goto: Timeout 45000ms exceeded.
Call log:
  - naviga), backing off
B0GSR94QV1: homepage reload failed (Page.goto: Timeout 45000ms exceeded.
Call log:
  - navigatin), continuing
B0GSR94QV1: attempt 2 failed (Loading https://www.amazon.com/dp/B0GSR94QV1 | Page.goto: Na), backing off
B0GSR94QV1: NO TITLE | None | None | None
B0F42GMH45: Matter Smart Blinds Motor Kit for 1.5" Shade Tube, Type C Rechargeable | $112.68 | 4.1 out of 5 stars | (7)
B0G2B2WZ7L: attempt 1 failed (Loading https://www.amazon.com/dp/B0G2B2WZ7L | Page.goto: Ti), backing off
B0G2B2WZ7L: attempt 2 failed (Amazon.com: SmartWings Motorized Roller Shades 100% Blackout), backing off
B0G2B2WZ7L: homepage reload failed (Page.goto: Timeout 45000ms exceeded.
Call log:
  - navigatin), continuing
B0G2B2WZ7L: NO TITLE | None | None | None
B0D54KR9W7: Eve Motionblinds Upgrade Kit for Roller Blinds (Matter) | $175.70 | 4.4 out of 5 stars | (47)
B0GLXKLYYX: attempt 1 failed ( | Page.wait_for_selector: Timeout 20000ms exceeded.
Call lo), backing off
B0GLXKLYYX: attempt 2 failed ( | Page.wait_for_selector: Timeout 20000ms exceeded.
Call lo), backing off
B0GLXKLYYX: homepage reload failed (Page.goto: Timeout 45000ms exceeded.
Call log:
  - navigatin), continuing
B0GLXKLYYX: NO TITLE | None | None | None
B0FYM58RFW: attempt 1 failed (Amazon.com. Spend less. Smile more. | Page.goto: Timeout 450), backing off
B0FYM58RFW: homepage reload failed (Page.goto: Timeout 45000ms exceeded.
Call log:
  - navigatin), continuing
B0FYM58RFW: attempt 2 failed (Matter Over Thread Smart Roller Shade Motor, Built-in Batter), backing off
B0FYM58RFW: homepage reload failed (Page.goto: Timeout 45000ms exceeded.
Call log:
  - navigatin), continuing
B0FYM58RFW: NO TITLE | None | None | None
B0D9F4P592: attempt 1 failed (Loading https://www.amazon.com/dp/B0D9F4P592 | Page.goto: Ti), backing off
B0D9F4P592: attempt 2 failed (Amazon.com : Matter Thread Smart Blinds Motor for 38mm Tube,), backing off
B0D9F4P592: homepage reload failed (Page.goto: Timeout 45000ms exceeded.
Call log:
  - navigatin), continuing
B0D9F4P592: NO TITLE | None | None | None
B0B4DK18Z3: attempt 1 failed (Amazon.com. Spend less. Smile more. | Page.goto: Timeout 450), backing off
B0B4DK18Z3: homepage reload failed (Page.goto: Timeout 45000ms exceeded.
Call log:
  - navigatin), continuing
B0B4DK18Z3: attempt 2 failed (Amazon.com. Spend less. Smile more. | Page.goto: Timeout 450), backing off
B0B4DK18Z3: NO TITLE | None | None | None
STOPPING: 4 failures in a row
todo 64
B0DJ6N55FX: XIAO ESP32C6 3PCS Pack - 2.4GHz Wi-Fi 6, BLE 5.0, Zigbee, Matter, Thre | $22.99 | 4.5 out of 5 stars | (103)
B08D5ZD528: ESP-WROOM-32 ESP32 ESP-32S Development Board 2.4GHz Dual-Mode WiFi + B | $16.99 | 4.4 out of 5 stars | (1,273)
B0FG2C8W67: attempt 1 failed (Amazon.com: Smart Blinds Motor for 1.5"(38mm) Shade Tube Wor), backing off
B0FG2C8W67: attempt 2 failed (Amazon.com: Smart Blinds Motor for 1.5"(38mm) Shade Tube Wor), backing off
B0FG2C8W67: NO TITLE | None | None | None
B0GSR94QV1: Matter Roller Shade Motor - Expand Your Smart Home - Single Pack for 1 | $99.88 | 4.4 out of 5 stars | (12)
B0G2B2WZ7L: attempt 1 failed (Amazon.com: SmartWings Motorized Roller Shades 100% Blackout), backing off
B0G2B2WZ7L: attempt 2 failed (Amazon.com: SmartWings Motorized Roller Shades 100% Blackout), backing off
B0G2B2WZ7L: NO TITLE | None | None | None
B0GLXKLYYX: Eve Motionblinds Upgrade Kit for Roller Blinds (Matter) | $144.46 | 4.2 out of 5 stars | (7)
B0FYM58RFW: attempt 1 failed ( | Page.wait_for_selector: Timeout 20000ms exceeded.
Call lo), backing off
B0FYM58RFW: homepage reload failed (Page.goto: Timeout 45000ms exceeded.
Call log:
  - navigatin), continuing
B0FYM58RFW: attempt 2 failed (Amazon.com. Spend less. Smile more. | Page.goto: Timeout 450), backing off
B0FYM58RFW: NO TITLE | None | None | None
B0D9F4P592: Matter Thread Smart Blinds Motor for 38mm Tube, Direct Connection with | $109.99 | 3.4 out of 5 stars | (11)
B0B4DK18Z3: attempt 1 failed (Loading https://www.amazon.com/dp/B0B4DK18Z3 | Page.goto: Ti), backing off
B0B4DK18Z3: attempt 2 failed (Amazon.com: SmartWings Motorized Light Filtering Roller Shad), backing off
B0B4DK18Z3: homepage reload failed (Page.goto: Timeout 45000ms exceeded.
Call log:
  - navigatin), continuing
B0B4DK18Z3: NO TITLE | None | None | None
B09M9PZJWT: attempt 1 failed (Amazon.com. Spend less. Smile more. | Page.goto: Timeout 450), backing off
B09M9PZJWT: attempt 2 failed (Amazon.com: SmartWings Motorized Smart Roller Shades, 70% Bl), backing off
B09M9PZJWT: homepage reload failed (Page.goto: Timeout 45000ms exceeded.
Call log:
  - navigatin), continuing
B09M9PZJWT: NO TITLE | None | None | None
B00N1XCA9M: attempt 1 failed (Amazon.com: AcuRite Iris (01512MCB) Indoor/Outdoor Wireless ), backing off
B00N1XCA9M: AcuRite Iris (01512MCB) Indoor/Outdoor Wireless Weather Station, Color | $109.99 | 4.4 out of 5 stars | (7,110)
B016BERUKQ: attempt 1 failed ( | Page.wait_for_selector: Timeout 20000ms exceeded.
Call lo), backing off
B016BERUKQ: homepage reload failed (Page.goto: Timeout 45000ms exceeded.
Call log:
  - navigatin), continuing
B016BERUKQ: attempt 2 failed (Loading https://www.amazon.com/dp/B016BERUKQ | Page.goto: Ti), backing off
B016BERUKQ: NO TITLE | None | None | None
B0836CM7KY: attempt 1 failed (Amazon.com: Newentor Weather Station Wireless Indoor Outdoor), backing off
B0836CM7KY: Newentor Weather Station Wireless Indoor Outdoor Thermometer, Black,1S | $35.99 | 4.3 out of 5 stars | (21,524)
B0CWL7ST6S: attempt 1 failed (Amazon.com: DreamSky Weather Station Indoor Outdoor Thermome), backing off
B0CWL7ST6S: homepage reload failed (Page.goto: Timeout 45000ms exceeded.
Call log:
  - navigatin), continuing
B0CWL7ST6S: attempt 2 failed (Loading https://www.amazon.com/dp/B0CWL7ST6S | Page.goto: Ti), backing off
B0CWL7ST6S: homepage reload failed (Page.goto: Timeout 45000ms exceeded.
Call log:
  - navigatin), continuing
B0CWL7ST6S: NO TITLE | None | None | None
B0GKD6BZC6: BluSon Weather Station Wireless Indoor Outdoor Thermometer, Atomic Clo | $33.99 | 4.2 out of 5 stars | (218)
B0B9HMYR9T: La Crosse Technology V11-TH Color Wireless WiFi Weather Station… | $88.99 | 3.9 out of 5 stars | (79)
B0BBH688XG: Ambient Weather WS-1965 Wi-Fi Weather Station | $149.99 | 4.2 out of 5 stars | (554)
B0GZ3CRC9Q: attempt 1 failed (Loading https://www.amazon.com/dp/B0GZ3CRC9Q | Page.goto: Ti), backing off
B0GZ3CRC9Q: Sainlogic WiFi Weather Station with 443FT Wireless Indoor Outdoor Sens | $169.99 | 4.6 out of 5 stars | (976)
B0H7RPJ912: attempt 1 failed (Loading https://www.amazon.com/dp/B0H7RPJ912 | Page.goto: Ti), backing off
B0H7RPJ912: homepage reload failed (Page.goto: Timeout 45000ms exceeded.
Call log:
  - navigatin), continuing
B0H7RPJ912: attempt 2 failed ( | Page.goto: Timeout 45000ms exceeded.
Call log:
  - naviga), backing off
B0H7RPJ912: NO TITLE | None | None | None
B00T0K8MNI: AcuRite Iris (5-in-1) Weather Sensor with Rain Gauge, Wind Speed, Wind | $89.99 | 4.5 out of 5 stars | (1,683)
B0HK735S3Z: attempt 1 failed (Amazon.com: Weather Station Wireless Indoor Outdoor Digital ), backing off
B0HK735S3Z: Weather Station Wireless Indoor Outdoor Digital with Remote Sensor | $31.99 | 5.0 out of 5 stars | (23)
B0872P4HX7: attempt 1 failed (Loading https://www.amazon.com/dp/B0872P4HX7 | Page.goto: Ti), backing off
B0872P4HX7: attempt 2 failed (Broadlink Rm4 Pro Universal Remote with Sensor Cable,RF/IR S), backing off
B0872P4HX7: NO TITLE | None | None | None
B083LBMX64: attempt 1 failed (Amazon.com: BroadLink RM4 pro IR and RF Universal Remote, Al), backing off
B083LBMX64: BroadLink RM4 pro IR and RF Universal Remote, All in One Hub Code Lear | $44.99 | 3.9 out of 5 stars | (1,725)
B0F29LWRS9: attempt 1 failed (Amazon.com: Wi-Fi Universal IR/RF Remote Hub 433.92 MHz Fixe), backing off
B0F29LWRS9: homepage reload failed (Page.goto: Timeout 45000ms exceeded.
Call log:
  - navigatin), continuing
B0F29LWRS9: attempt 2 failed (Amazon.com. Spend less. Smile more. | Page.goto: Timeout 450), backing off
B0F29LWRS9: NO TITLE | None | None | None
B0D926FQRQ: attempt 1 failed (Amazon.com: WiFi Smart IR RF Blaster, Remote Control Hub/IR ), backing off
B0D926FQRQ: homepage reload failed (Page.goto: Timeout 45000ms exceeded.
Call log:
  - navigatin), continuing
B0D926FQRQ: attempt 2 failed ( | Page.goto: Timeout 45000ms exceeded.
Call log:
  - naviga), backing off
B0D926FQRQ: homepage reload failed (Page.goto: Timeout 45000ms exceeded.
Call log:
  - navigatin), continuing
B0D926FQRQ: NO TITLE | None | None | None
B0BMKZCKTF: attempt 1 failed ( | Page.wait_for_selector: Timeout 20000ms exceeded.
Call lo), backing off
B0BMKZCKTF: homepage reload failed (Page.goto: Timeout 45000ms exceeded.
Call log:
  - navigatin), continuing
B0BMKZCKTF: attempt 2 failed (Amazon.com: RTL-SDR Blog V3 R860 RTL2832U 1PPM TCXO SMA Soft), backing off
B0BMKZCKTF: NO TITLE | None | None | None
B0BMKB3L47: attempt 1 failed (Amazon.com: RTL-SDR Blog V3 R860 RTL2832U 1PPM TCXO HF Bias ), backing off
B0BMKB3L47: homepage reload failed (Page.goto: Timeout 45000ms exceeded.
Call log:
  - navigatin), continuing
B0BMKB3L47: attempt 2 failed (Amazon.com: RTL-SDR Blog V3 R860 RTL2832U 1PPM TCXO HF Bias ), backing off
B0BMKB3L47: NO TITLE | None | None | None
STOPPING: 4 failures in a row
todo 50
B0FG2C8W67: Smart Blinds Motor for 1.5"(38mm) Shade Tube Work with Homekit, Build  | $112.88 | 4.4 out of 5 stars | (12)
B0G2B2WZ7L: attempt 1 failed ( | Page.wait_for_selector: Timeout 20000ms exceeded.
Call lo), backing off
B0G2B2WZ7L: SmartWings Motorized Roller Shades 100% Blackout Work with Matter Home | $169.99 | 5.0 out of 5 stars | (1)
B0FYM58RFW: Matter Over Thread Smart Roller Shade Motor, Built-in Battery Blinds M | $96.99 | 4.0 out of 5 stars | (2)
B0B4DK18Z3: attempt 1 failed (Loading https://www.amazon.com/dp/B0B4DK18Z3 | Page.goto: Ti), backing off
B0B4DK18Z3: attempt 2 failed (Amazon.com: SmartWings Motorized Light Filtering Roller Shad), backing off
B0B4DK18Z3: NO TITLE | None | None | None
B09M9PZJWT: SmartWings Motorized Smart Roller Shades, 70% Blackout Linen White | $169.99 | 4.2 out of 5 stars | (24)
B016BERUKQ: AcuRite Wireless Home Weather Station with Color Display, Indoor Outdo | $39.99 | 4.3 out of 5 stars | (6,083)
B0CWL7ST6S: attempt 1 failed (Amazon.com: DreamSky Weather Station Indoor Outdoor Thermome), backing off
B0CWL7ST6S: DreamSky Weather Station Indoor Outdoor Thermometer Wireless, Atomic C | $29.99 | 4.4 out of 5 stars | (2,933)
B0H7RPJ912: attempt 1 failed ( | Page.wait_for_selector: Timeout 20000ms exceeded.
Call lo), backing off
B0H7RPJ912: Sainlogic 443FT Wireless Weather Station WiFi with Indoor Outdoor Sens | $129.99 | 4.8 out of 5 stars | (23)
B0872P4HX7: attempt 1 failed (Broadlink Rm4 Pro Universal Remote with Sensor Cable,RF/IR S), backing off
B0872P4HX7: Broadlink Rm4 Pro Universal Remote with Sensor Cable,RF/IR Smart Remot | $49.99 | 4.0 out of 5 stars | (3,365)
B0F29LWRS9: attempt 1 failed (Amazon.com: Wi-Fi Universal IR/RF Remote Hub 433.92 MHz Fixe), backing off
B0F29LWRS9: Wi-Fi Universal IR/RF Remote Hub 433.92 MHz Fixed-Code Only, App Contr | $39.99 | 3.7 out of 5 stars | (16)
B0D926FQRQ: attempt 1 failed (Amazon.com: WiFi Smart IR RF Blaster, Remote Control Hub/IR ), backing off
B0D926FQRQ: attempt 2 failed (Amazon.com: WiFi Smart IR RF Blaster, Remote Control Hub/IR ), backing off
B0D926FQRQ: NO TITLE | None | None | None
B0BMKZCKTF: RTL-SDR Blog V3 R860 RTL2832U 1PPM TCXO SMA Software Defined Radio (Do | $37.95 | 4.6 out of 5 stars | (3,126)
B0BMKB3L47: attempt 1 failed ( | Page.wait_for_selector: Timeout 20000ms exceeded.
Call lo), backing off
B0BMKB3L47: RTL-SDR Blog V3 R860 RTL2832U 1PPM TCXO HF Bias Tee SMA Software Defin | $47.95 | 4.4 out of 5 stars | (6,497)
B01GDN1T4S: attempt 1 failed (Amazon.com: Nooelec RTL-SDR v5 Bundle - NESDR Smart HF/VHF/U), backing off
B01GDN1T4S: homepage reload failed (Page.goto: Timeout 45000ms exceeded.
Call log:
  - navigatin), continuing
B01GDN1T4S: attempt 2 failed (Amazon.com. Spend less. Smile more. | Page.goto: Timeout 450), backing off
B01GDN1T4S: NO TITLE | None | None | None
B009U7WZCA: attempt 1 failed (Amazon.com: Nooelec NESDR Mini USB RTL-SDR & ADS-B Receiver ), backing off
B009U7WZCA: attempt 2 failed (Amazon.com: Nooelec NESDR Mini USB RTL-SDR & ADS-B Receiver ), backing off
B009U7WZCA: NO TITLE | None | None | None
B01HA642SW: attempt 1 failed (Amazon.com: Nooelec RTL-SDR v5 SDR - NESDR Smart HF/VHF/UHF ), backing off
B01HA642SW: Nooelec RTL-SDR v5 SDR - NESDR Smart HF/VHF/UHF (100kHz-1.75GHz) Softw | $44.95 | 4.5 out of 5 stars | (2,864)
B01B4L48QU: NESDR Nano 2 Plus - Tiny Black RTL-SDR USB Set (RTL2832U & R820T2) wit | $47.95 | 4.3 out of 5 stars | (350)
B079C3FHPG: attempt 1 failed (Amazon.com: NESDR SMArTee v2 SDR - Premium RTL-SDR w/Integra), backing off
B079C3FHPG: attempt 2 failed (Amazon.com: NESDR SMArTee v2 SDR - Premium RTL-SDR w/Integra), backing off
B079C3FHPG: NO TITLE | None | None | None
B00FX8ZGOO: Ambient Weather WS-10 | $57.99 | 4.4 out of 5 stars | (1,413)
B0969NHM3G: attempt 1 failed ( | Page.wait_for_selector: Timeout 20000ms exceeded.
Call lo), backing off
B0969NHM3G: attempt 2 failed (Amazon.com: SMARTRO Wireless Remote Sensor Outdoor Thermomet), backing off
B0969NHM3G: homepage reload failed (Page.goto: Timeout 45000ms exceeded.
Call log:
  - navigatin), continuing
B0969NHM3G: NO TITLE | None | None | None
B09ZQGZX3G: attempt 1 failed (Loading https://www.amazon.com/dp/B09ZQGZX3G | Page.goto: Ti), backing off
B09ZQGZX3G: homepage reload failed (Page.goto: Timeout 45000ms exceeded.
Call log:
  - navigatin), continuing
B09ZQGZX3G: attempt 2 failed (Amazon.com. Spend less. Smile more. | Page.goto: Timeout 450), backing off
B09ZQGZX3G: homepage reload failed (Page.goto: Timeout 45000ms exceeded.
Call log:
  - navigatin), continuing
B09ZQGZX3G: NO TITLE | None | None | None
B0FCZRXH8Z: attempt 1 failed (Amazon.com: PHILIPS Hue Wireless Smart Light Switch Button, ), backing off
B0FCZRXH8Z: attempt 2 failed (Amazon.com: PHILIPS Hue Wireless Smart Light Switch Button, ), backing off
B0FCZRXH8Z: NO TITLE | None | None | None
B0CTQLH6L6: attempt 1 failed (Loading https://www.amazon.com/dp/B0CTQLH6L6 | Page.goto: Ti), backing off
B0CTQLH6L6: attempt 2 failed (Aqara Zigbee 3.0 Wireless Mini Switch T1, Smart Button Requi), backing off
B0CTQLH6L6: NO TITLE | None | None | None
STOPPING: 4 failures in a row
DONE
