todo 267
B07N1CMGQQ: Govee Smart RGB LED Strip Lights 16.4ft, Work with Alexa, Google Assis | $19.99 | 4.5 out of 5 stars | (62,009)
B0991Q94KP: Govee 16.4ft RGBIC LED Strip Lights, LED Lights for Bedroom, APP Contr | $14.99 | 4.4 out of 5 stars | (26,564)
B099S9DXT7: Govee 32.8ft RGBIC LED Strip Lights, LED Lights for Bedroom, APP Contr | $29.99 | 4.4 out of 5 stars | (26,564)
B09VBZC2CX: Govee 100ft RGBIC LED Strip Lights, Work with Alexa and Google Assista | $72.99 | 4.4 out of 5 stars | (7,479)
B08NP8WRJ9: DAYBETTER Smart WiFi Led Lights 100ft, Tuya App Controlled Led Strip L | $21.99 | 4.3 out of 5 stars | (25,289)
B0CFQRCSQ1: DAYBETTER 100 ft Smart WiFi Led Lights, RGB Led Strip Lights for Bedro | $18.99 | 4.4 out of 5 stars | (8,444)
B09JB9YMT2: hyrion Smart LED Strip Lights 100ft WiFi, RGB Color Changing Lights Wo | $18.99 | 4.3 out of 5 stars | (11,652)
B09BG9B2JQ: Kasa Smart LED Light Strip, RGB, 16.4ft, Multicolor, KL400L5 | $24.99 | 4.4 out of 5 stars | (5,253)
B0DB69D1YJ: Cync GE Smart LED Strip Light, Color Changing Room Decor LED Light Str | $13.79 | 4.4 out of 5 stars | (667)
B0D7MKV1CK: Govee RGBWWIC LED Strip Light 2 Pro 16.4ft, Smart Control, APP, WiFi | $99.99 | 4.4 out of 5 stars | (591)
B0B2KY8X4M: Tapo RGBWIC Smart LED Light Strip 16.4Ft, 1000 Lumens, L930-5 | $35.99 | 3.9 out of 5 stars | (401)
B0BXNCRPS1: Govee RGBIC LED Neon Rope Lights, 10ft Gaming Lights for Gaming Desks | $64.99 | 4.4 out of 5 stars | (995)
B0CN4G5VD3: DAYBETTER Smart IC LED Strip Lights, BGRIC LED Lights for Bedroom, DIY | $9.99 | 4.4 out of 5 stars | (51,111)
B0GJBRB7WX: DAYBETTER Smart WiFi Led Lights, 25 FT RGB Led Strip Lights Compatible | $13.99 | 4.4 out of 5 stars | (8,444)
B0D326FYQ4: Philips Hue Indoor 16 Ft Smart LED Solo lightstrip Base Kit - 1 Pack - | $72.00 | 4.4 out of 5 stars | (1,219)
B09BDK76R2: Philips Hue Indoor 6-Foot Smart LED Light Strip Base Kit with Plug - F | $89.99 | 4.2 out of 5 stars | (622)
B0GNTM6WK1: Hue Flux 10-Feet LED Strip Light, 1-Pack | $79.99 | 4.2 out of 5 stars | (80)
B0GNTQR5S1: Hue Flux 16-Foot LED Strip Light, 3000 lm, Vibrant Color and Ambiance, | $109.99 | 4.2 out of 5 stars | (80)
B0G3CWMTT6: Philips Hue Essential LED Strip Light, 16ft | $51.99 | 3.7 out of 5 stars | (86)
B0GLT1W392: Philips Hue Essential 16 ft LED Flex Strip Light, 1-Pack | $99.99 | 4.4 out of 5 stars | (41)
B08CK9LQP5: Philips Hue Outdoor 7-Foot Smart LED Light Strip - White and Color Amb | $89.41 | 4.6 out of 5 stars | (412)
B08P2D215V: Philips Hue Play Gradient 65" Smart TV Light Strip - Flowing Multicolo | $156.95 | 4.3 out of 5 stars | (2,333)
B0FQLNRJCG: Philips Hue OmniGlow Micro LED Strip Light, 9.8ft, 1-Pack | $139.99 | 4.4 out of 5 stars | (155)
B0F83MNQMS: GLEDOPTO ZigBee 3.0 RGBCCT LED Strip Controller Pro RGB Color and Warm | $21.99 | 4.5 out of 5 stars | (43)
B0FQJBRXYP: GLEDOPTO ZigBee 3.0 LED Strip Light Controller Pro Max 5 in 1 RGBCCT R | $27.99 | 4.2 out of 5 stars | (46)
B09P7ZY2XJ: GIDEALED 2 Pack Smart ZigBee 3.0 LED Controller 2-Output for 4 Pin RGB | $20.89 | 4.0 out of 5 stars | (67)
B0BPBPGJ5G: BTF-LIGHTING LM052 Zigbee3.0 LED Controller for Dim/CCT/RGB/RGBW/RGBCC | $24.99 | 4.1 out of 5 stars | (46)
B09PDZN5S7: LM052 ZigBee 3.0 LED Controller RGB RGBW 5in1 Lights Control 12-24V | $24.99 | 3.6 out of 5 stars | (14)
B0DL9G5F5R: Govee RGBIC Neon Lights 32.8ft Works with Matter, Alexa, Google Assist | $106.99 | 4.6 out of 5 stars | (1,292)
B0GFH6QWCT: LIFX Smart LED Light Strip - RGB + Tunable White, Matter, Alexa - 20ft | $43.99 | 4.2 out of 5 stars | (42)
B0H6MDZC4R: Govee COB LED Strip Lights 2, RGBIC, 840 LEDs/m, 1000K-10000K, 32.8ft | $169.99 | 4.6 out of 5 stars | (29)
B0D7MHL8YB: Govee RGBWWIC LED Strip Light 2 Pro 6.56ft, Smart Control, APP, WiFi | $49.99 | 4.4 out of 5 stars | (591)
B0D7ZV4VKC: PAUTIX RGB Smart IC COB LED Strip Lights,Work with Alexa/Google Assist | $59.99 | 4.3 out of 5 stars | (49)
B0BZBP33MB: Tatazone RGBWW Smart LED Strip Lights, 65.6ft Tunable White 3000K to 6 | $59.99 | 4.1 out of 5 stars | (31)
B09B2SBHQK: Amazon Echo Show 5 (newest model), Smart display, Designed for Alexa+, | $59.99 | 4.2 out of 5 stars | (72,648)
B0C5DPSW5Y: Amazon Echo Show 15 (newest model), Full HD 15.6" kitchen hub for home | $249.99 | 4.4 out of 5 stars | (6,434)
B0DC91H3JK: Amazon Echo Show 11 (newest model), Vibrant Full-HD 11" display with m | $149.99 | 4.3 out of 5 stars | (8,134)
B0CDWWS127: Amazon Echo Show 21 (newest model), Full HD 21" kitchen hub for home o | $349.99 | 4.4 out of 5 stars | (6,434)
B09B2SB77Q: Amazon Echo Show 5 Kids (newest model), Designed for kids, Designed fo | $59.99 | 4.1 out of 5 stars | (3,627)
B0FP69CPG6: Google Nest Hub Max, Japan Model, Multi Language Nest Hub 10-inch with | $299.98 | 3.9 out of 5 stars | (50)
B0H6H2CC12: Google Nest Hub 7” Smart Display with Google Assistant (1st Gen) - Cha | $137.99 | 3.2 out of 5 stars | (37)
B0GQH6134D: eufy Security eufy Smart Display E10, Smart Home Hub, 8" Control Panel | $249.99 | 4.1 out of 5 stars | (463)
B0GTGDZ2Q2: 21.5" Smart Hub Digital Calendar Touch Screen, No Subscription, Google | $314.99 | 4.6 out of 5 stars | (22)
B0B5VR87JX: Zooz 700 Series Z-Wave Long Range Smart Relay ZEN51 | Installs Behind  | $37.95 | 4.2 out of 5 stars | (136)
B0B5VRGF3T: Zooz 700 Series Z-Wave Long Range Double Relay ZEN52 | Control 2 Light | $39.95 | 4.3 out of 5 stars | (108)
B0846DZJD8: Zooz Z-Wave Long Range MultiRelay ZEN16 800LR for Garage Doors, Sprink | $42.95 | 4.6 out of 5 stars | (507)
B0G2MN4TNF: Zooz Z-Wave Long Range Low Voltage XS Relay ZEN58 800LR | Z-Wave Hub R | $32.95 | 4.8 out of 5 stars | (16)
B0F5BLCXYN: Shelly Wave 1 US LR UL Z-Wave Smart Switch Relay, 1-Channel 15A | $39.99 | 4.5 out of 5 stars | (20)
B0FSLD56D9: Shelly Wave 1 Mini US LR Smart Switch Relay, 1-Channel 8 A | $35.99 | 4.1 out of 5 stars | (11)
B0F5RTPLG2: Shelly Wave 2PM US LR UL Smart Switch Relay, 2-Channel 16 A | $45.99 | 4.5 out of 5 stars | (17)
B0FSLL24GH: Shelly Wave 1PM Mini US LR Z-Wave Smart Switch Relay | $35.99 | 3.8 out of 5 stars | (12)
B01G7OD1F8: ENERWAVE Z-Wave Plus Relay, Hidden Smart Switch Wireless Remote Contro | $42.80 | 4.1 out of 5 stars | (267)
B0FSLKP45S: Shelly Wave PM Mini US LR Smart Power Meter, 1-Channel 16 A | $32.99 | 4.7 out of 5 stars | (4)
B0DFLR468J: SONOFF Zigbee 3.0 Smart Relay Switch, Mini in-Wall Light Switch Module | $45.90 | 4.6 out of 5 stars | (1,313)
B0GXZWRZXX: SONOFF MINI-ZBD Zigbee 3.0 Dry Contact Relay, AC/DC Input, Works with  | $14.90 | 4.2 out of 5 stars | (187)
B0HCZD5HS4: SONOFF MINI ONE MINI-ZB1GS Zigbee Smart Switch 16A Relay | $17.90 | 4.8 out of 5 stars | (51)
B0D5XCFPTR: Aqara Dual Relay Module T2, Requires a Neutral Line and Aqara Zigbee3. | $32.99 | 4.4 out of 5 stars | (115)
B08X218VMR: Smart Home Dry Contact Zigbee Relay Switch, Remote Control Zigbee Swit | $16.90 | 4.4 out of 5 stars | (481)
B091GS6J5W: 4 Channel 12V ZigBee Relay Switch with Clean Contact, Adjustable Self- | $23.90 | 4.3 out of 5 stars | (213)
B0DZHZDJXT: Shelly 1 Mini Gen4 Smart Relay Switch, Wi-Fi, Matter & Zigbee, 1-Chann | $24.98 | 4.5 out of 5 stars | (811)
B0DZHZCL6Z: Shelly 1 Gen4, Smart Wi-Fi, Zigbee & Matter Relay Switch with Dry Cont | $24.99 | 4.4 out of 5 stars | (1,211)
B0DZJ1W814: Shelly 2PM Gen4, Smart Relay Switch, WiFi, Matter & Zigbee, 2-Channel | $38.99 | 4.6 out of 5 stars | (808)
B0DBHLSZK1: 1 Channel DC 12V 24V AC 100/240V Tuya Smart Life App Dry Contact Zigbe | $15.10 | 4.3 out of 5 stars | (16)
B0B978D5CR: Tuya Zigbee 1 Channel Smart Relay Module USB5V 7-32V Micro Switch with | $16.99 | 4.6 out of 5 stars | (7)
B0D8YPW46Y: Shelly 1 Gen3 Relay Switch, WiFi Matter, Dry Contacts, No hub Required | $22.99 | 4.6 out of 5 stars | (1,187)
