todo 96
B0DXCQJVZG: Smart Air Conditioner Controller, WenzhiIoT WiFi Thermostat for Mini-S | $34.99 | 3.1 out of 5 stars | (39)
B0C79PNK84: Emporia Vue 3 Home Energy Monitor - Smart Home Automation Module and R | $199.99 | 4.6 out of 5 stars | (867)
B0C79TVH4Y: Emporia Vue 3 Home Energy Monitor - Smart Home Automation Module and R | $149.99 | 4.6 out of 5 stars | (316)
B0C7B1LKDW: Emporia Vue 3 Home Energy Monitor - Smart Home Automation Module and R | $99.99 | 4.5 out of 5 stars | (228)
B0DJNV3GPR: Refoss Smart Home Energy Monitor with Open API, Home Assistant, No Clo | $199.99 | 4.2 out of 5 stars | (178)
B0FQ9ZNKBL: Refoss Smart Home Energy Monitor with 16 60A Circuit Sensor, Local Con | $199.99 | 4.2 out of 5 stars | (67)
B0FSZYR7V4: Meross Smart Home Energy Monitor, Real-Time Power & Cost Tracking | $179.99 | 4.3 out of 5 stars | (46)
B0CD2SZX35: Eyedro Smart Home Energy Monitor 200A 2.4GHz WiFi/Ethernet Net Meterin | $149.99 | 3.6 out of 5 stars | (123)
B0D6VZQBPF: Smart Home Energy Monitor with 16 50A Circuit Level Sensors, Real-Time | $149.99 | 4.4 out of 5 stars | (218)
B0FGYLV8QC: Emporia Energy Monitor with 16 Sensors + 4 Smart Plugs Super Bundle -  | $225.58 | 4.6 out of 5 stars | (7)
B0CQKPYZM9: Enbrighten Z-Wave Duplex Outlet, Tamper Resistant, White & Light Almon | $30.45 | 4.4 out of 5 stars | (100)
B08GQLBXTX: Leviton Decora Smart Tamper-Resistant Outlet, 15A, Z-Wave, ZW15R-1BW,  | $49.99 | 3.6 out of 5 stars | (117)
B0CNDCMN5T: Enbrighten Z-Wave Duplex Outlet, Tamper Resistant, White & Light Almon | $44.99 | 3.6 out of 5 stars | (33)
B07NLYX72X: Z-Wave Plus Wireless Duplex Receptacle | $21.99 | 3.9 out of 5 stars | (14)
B07N3CK3MM: Kasa Smart Plug KP200, In-Wall Smart Home Wi-Fi Outlet | $24.99 | 4.6 out of 5 stars | (7,785)
B094YN5VZH: Amazon Basics Smart In-Wall Outlet, Works with Alexa Only, Individuall | $18.53 | 4.4 out of 5 stars | (1,426)
B0DR3BNNLM: Leviton Decora Smart Outlet, 15A, Wi-Fi 2nd Gen, D215R-1RW, White | $29.86 | 4.4 out of 5 stars | (109)
B0DLLQR3K7: Tapo Smart Plug, Wi-Fi in-Wall Outlet, P210M, Matter Compatible | $25.99 | 4.4 out of 5 stars | (403)
B07R3R5PWS: MOES Smart in-Wall Outlet, USB-A, 15A, 2.4GHz WiFi, No Hub Required | $20.99 | 4.5 out of 5 stars | (336)
B0CBBN4K7Y: ELEGRP Smart Plug, Smart in-Wall Outlet Compatible with Alexa and Goog | $79.99 | 4.6 out of 5 stars | (35)
B0FCZJ48JV: Geeni Smart Wi-Fi in-Wall Outlet, Tamper & Fire Resistant, White, 4-Pa | $59.99 | 4.7 out of 5 stars | (28)
B07KZSG2CT: BN-LINK Smart Electrical Outlet with 2 Controlled Plugs and Type-C Cha | $16.99 | 4.4 out of 5 stars | (469)
B0C741MSY2: TOPELER Smart Wall Outlet with 2 Individually Controlled Ports, 15Amp  | $14.99 | 4.3 out of 5 stars | (274)
B0CT62FC6W: Eve Energy Outlet (Matter) – Smart Outlet & Power Meter | $39.95 | 4.1 out of 5 stars | (175)
B0CLVR6GSH: Legrand Radiant Wi-Fi Matter 15 Amp Smart Outlet, White 1 Pack | $28.35 | 3.8 out of 5 stars | (56)
B0CPLKGMQ3: Matter Smart in-Wall Outlet, Apple&Google Home, Alexa, 2.4Ghz 15A, 4Pa | $49.99 | 4.1 out of 5 stars | (17)
B0G63TQFV7: InvisOutlet Aura in-Wall Smart Outlet with RGB Night Light, Matter Sma | $35.99 | 4.6 out of 5 stars | (24)
B07ZPMCW64: Ring Alarm 8-Piece Kit (newest model), Home or business security syste | $249.99 | 4.7 out of 5 stars | (18,073)
B08YMBQJ49: Ring Alarm 14-Piece Kit (newest model), Wireless smart home or busines | $329.99 | 4.6 out of 5 stars | (6,437)
B07ZDTXJ93: Ring Alarm 5-Piece Kit (newest model), Wireless smart home or business | $199.99 | 4.7 out of 5 stars | (5,418)
B07C38HT49: SimpliSafe 8 Piece Wireless Home Security System - Optional 24/7 Profe | $131.99 | 4.5 out of 5 stars | (2,692)
B083KC44TG: eufy Security 5-Piece Home Alarm Kit, Home Security System | $159.99 | 4.3 out of 5 stars | (1,207)
B0793N1V54: Abode 4 Piece Wireless Smart Security System - Works with Apple HomeKi | $99.00 | 4.2 out of 5 stars | (205)
B0CZLL7BPT: 15-Piece WiFi Home Security System, DIY Wireless Alarm Kit, No Subscri | $114.99 | 4.2 out of 5 stars | (915)
B0CLBTCC78: OSI Alarm System Gen 2 (4G), 11pc, DIY, Motion & Entry Sensors, Wirele | $169.99 | 4.5 out of 5 stars | (203)
B0D3LC2HNV: LWOHSI A108F Alarm System for Home Security with Door and Motion Senso | $139.99 | 4.0 out of 5 stars | (529)
B0H73WGPZB: WiFi Alarm System for Home Security, DIY, No Monthly Fee, App Alerts | $113.99 | 4.5 out of 5 stars | (43)
B0GQNT6SD7: ADT Blu Home Security System Starter Kit, DIY Wireless Alarm, Plan Req | $99.60 | 3.7 out of 5 stars | (39)
B08LKXCL65: WiFi Door Alarm System, 8-Piece DIY Wireless Alarm Kit with Door Senso | $59.99 | 4.2 out of 5 stars | (4,170)
B08ZK2BHP2: Amazon eero 6+ mesh wifi system - Supports internet plans up to a Giga | $214.99 | 4.4 out of 5 stars | (10,560)
B0C6RDKBTG: Amazon eero Pro 7 tri-band mesh Wi-Fi 7 router (newest model) - Suppor | $399.99 | 4.3 out of 5 stars | (1,506)
B09PRB1MZM: TP-Link Deco X55 AX3000 WiFi 6 Mesh System, Deco X55(3-Pack) | $149.97 | 4.4 out of 5 stars | (13,265)
B09VJ5CSD6: TP-Link Deco X55 AX3000 WiFi 6 Mesh System, Deco X55(1-Pack) | $65.94 | 4.4 out of 5 stars | (1,698)
B084GTH5LL: TP-Link Deco S4 Mesh AC1900 WiFi System, Deco S4(3-Pack) | $95.96 | 4.5 out of 5 stars | (29,540)
B08B3QNN9P: TP-Link Deco S4 Whole Home Mesh WiFi System, Deco S4(2-Pack) | $79.97 | 4.5 out of 5 stars | (29,540)
B0DKVDZXSN: Deco 7 Dual-Band BE5000 WiFi 7 Mesh Wi-Fi System 4-Stream 5 Gbps, 240  | $249.99 | 4.3 out of 5 stars | (1,337)
B0CN8QLS4K: Deco 7 Pro Tri-Band WiFi 7 BE10000 Whole Home Mesh System 6-Stream 10  | $396.50 | 4.3 out of 5 stars | (1,280)
B0B88T5RDY: TP-Link Deco XE75 AXE5400 Tri-Band WiFi 6E System, 3-Pack | $229.99 | 4.3 out of 5 stars | (2,241)
B0FH39S1XJ: NETGEAR Orbi 370 Series WiFi 7 Mesh System, Up to 6,000 sq ft., 3 Pack | $299.99 | 4.1 out of 5 stars | (566)
B0C6YMS4KH: ChargePoint HomeFlex Level 2 EV Fast Charger, J1772, Smart, Hardwired, | $549.00 | 4.3 out of 5 stars | (2,308)
B0D1XLRC5D: EVIQO Level 2 EV Charger J1772 48A - Hardwired 240V Wall Charging Stat | $449.99 | 4.7 out of 5 stars | (2,141)
B0DD7KW73M: EVIQO Level 2 EV Charger J1772 40A NEMA 14-50 - 240V Wall Charging Sta | $449.99 | 4.7 out of 5 stars | (2,141)
B0CG8D445Q: AIMILER Level 2 Electric Vehicle (EV) Charger(WIFI APP/Plug-play), 32A | $199.99 | 4.6 out of 5 stars | (1,334)
B0FP886BVQ: Level 2 EV Charger, 48Amp/11.5KW/240V, UL 2594, ETL & Energy Star | $359.99 | 4.7 out of 5 stars | (64)
B0FP4LH8KM: Level 2 EV Charger, 40Amp/9.6KW/240V, NEMA 14-50P, Wi-Fi(2.4 GHz) | $349.99 | 4.2 out of 5 stars | (50)
B0BW9DCRSG: Autel 50A Level 2 EV Charger, 240V Hardwired J1772, WiFi, 25ft Cable | $469.00 | 5.0 out of 5 stars | (11)
B0G4PHH62N: Level 2 EV Charger 32 Amp Portable J1772 NEMA 14-50 7.6kW 25ft Cable | $141.53 | 4.4 out of 5 stars | (53)
B0HJ3119TT: RIPPLEON Level 2 EV Charger - Hardwired/48Amp/11.5KW/240V, UL2594, ETL | $284.99 | 5.0 out of 5 stars | (11)
B0H5CKVDWK: Upgraded 48 Amp Level 2 EV Charger, Hardwired, 11.5kW J1772 Home Charg | $379.99 | 4.8 out of 5 stars | (17)
B0B5ZJY9MT: PETLIBRO Automatic Cat Feeder with Camera, 1080P HD Video & Night Visi | $125.99 | 4.1 out of 5 stars | (10,872)
B0CFFKBW58: PETKIT Automatic Cat Dog Feeder with Camera, AI-Powered Motion Capturi | $109.99 | 4.5 out of 5 stars | (414)
B09TKH9Q31: PAPIFEED Automatic Cat Feeder with App, WiFi Auto Cat Feeder, 6L Slow- | $39.99 | 4.3 out of 5 stars | (4,333)
B0DCNNN5FC: Frienhund Automatic Cat Feeder with 2K Camera: 5G WiFi Automatic Dog F | $69.99 | 4.4 out of 5 stars | (1,784)
B0DCFW2LQT: ANDOLL HOME Automatic Cat Feeder,4L Timed Cat＆Dog Dry Food Dispenser | $39.99 | 4.4 out of 5 stars | (3,296)
B0F1Y6NLT2: IMIPAW Automatic Cat Feeder, 5G WiFi Cat Food Dispenser with APP Remot | $39.99 | 4.2 out of 5 stars | (754)
B0C5X4N132: oneisall 5G WiFi Automatic Cat Feeder for 2 Cats, App Control, 20 Cups | $69.99 | 4.4 out of 5 stars | (1,837)
B0GJS115H7: iPettie Camera Automatic Cat Feeder and Water Dispenser, 5G/2.4GHz WiF | $109.99 | 4.0 out of 5 stars | (344)
B0GSR1GTHW: Automatic Cat Feeder with Camera - 7L/29 Cups Auto Dog Feeder with Lar | $59.99 | 4.6 out of 5 stars | (76)
B0FX98PTR7: HIFAY ATX4 Automatic Cat Feeder – 4L Timed Cat Dry Food Dispenser ，Foo | $19.99 | 3.2 out of 5 stars | (44)
B09GDQZLD1: Furbo 360° Dog Camera [Core Features, No Ongoing Cost] | $184.00 | 4.3 out of 5 stars | (9,059)
B0BWN22T25: Furbo 360° Dog Camera [Paid Plan Required to Activate] | $72.00 | 4.3 out of 5 stars | (9,059)
B0F8LNT9H7: Furbo Mini 360° Camera [Core Features, No Ongoing Cost] | $99.00 | 4.0 out of 5 stars | (942)
B0F8LGB7VR: Furbo Mini 360° Pet Camera [Paid Plan Required to Activate] | $49.00 | 4.0 out of 5 stars | (942)
B0CF5B94X2: TKENPRO 2K Pet Camera Treat Dispenser, 360°View Dog Camera with Phone  | $69.99 | 4.3 out of 5 stars | (1,001)
B0DZ6NMTY9: TKENPRO 2K Pet Camera Treat Dispenser, AI Photo Album, Dog Camera with | $75.99 | 4.3 out of 5 stars | (1,001)
B0GGGPRRSF: TKENPRO 5MP Ultra HD Pet Camera - Dog Camera with Treat Dispenser, Rem | $79.99 | 4.3 out of 5 stars | (1,001)
B0DZHDF7MD: Enabot EBO Air 2 Mobile Pet Camera Robot: 2K FamilyBot with Two-Way Ta | $149.99 | 4.2 out of 5 stars | (364)
B09Y8TLP25: Tapo 2K Pan Tilt Security Camera for Baby Monitor, Dog Camera, C210 | $29.99 | 4.5 out of 5 stars | (22,956)
B07WCV632L: VTech Smart WiFi Baby Monitor – See Your Baby at Home or from Anywhere | $116.32 | 4.1 out of 5 stars | (7,606)
B0DJS63Y2Q: ARENTI Baby Monitor D3 Kit, 3MP WiFi 6 Camera with App, 5" Wireless Di | $99.99 | 4.2 out of 5 stars | (240)
B0DJS7WRJS: ARENTI Baby Monitor 2 Cameras D3 Set, 3MP WiFi 6, 5" Display,Free Phon | $129.25 | 4.0 out of 5 stars | (2,013)
B0FM6T276Q: 1080P WiFi Baby Monitor With Camera And Audio,4" Screen,PTZ 360°,2.4GH | $59.99 | 4.3 out of 5 stars | (659)
B0DQXPWHSK: Momcozy Smart WiFi Baby Monitor with Camera and Audio,5" 1080P & Wall  | $189.99 | 4.1 out of 5 stars | (728)
B0H5BVB9CY: ARENTI Baby Monitor C3 Kit, 3MP WiFi 6 PTZ Camera with 5" Wireless Dis | $84.99 | 4.5 out of 5 stars | (32)
B0GWL492J9: Monai Pro 4K Smart WiFi Baby Monitor with Camera and Audio, Mount, AI  | $199.99 | 4.3 out of 5 stars | (49)
B0CJN8C2KK: Simyke Upgrade Video Baby Monitor,WiFi Baby Camera,2.8" Display and Ap | $37.98 | 4.1 out of 5 stars | (1,264)
B0H5BR6R7Z: Blemil 5.5-inch Smart WiFi Baby Monitor with Camera and Audio | $99.99 | 4.6 out of 5 stars | (124)
B0CX8LL2PC: Segway Navimow i105N Robot Lawn Mower Perimeter Wire Free 1/8 Acre RTK | $669.00 | 4.1 out of 5 stars | (395)
B0GQMG6ZJ3: ECOVACS Goat O1000 RTK Care Robot Lawn Mower, RTK Navigation, 1/4 Acre | $630.80 | 4.0 out of 5 stars | (172)
B0GGZQTY2N: ECOVACS Goat A2000 LiDAR PRO Robot Lawn Mower, Dual LiDAR Navigation | $1,329.05 | 4.0 out of 5 stars | (172)
B0GRVYN12B: Roborock RockNeo Q110H Robot Lawn Mower, Wire-Free Robotic Lawn Mower  | $679.99 | 4.2 out of 5 stars | (52)
B0GS1933S1: roborock RockMow X115H Robot Lawn Mower, Wire-Free 4WD Robot Lawn Mowe | $1,399.99 | 4.6 out of 5 stars | (13)
B0GKM8JZDF: Mammotion LUBA 3 AWD 3000 Robot Lawn Mower with Cleaning Stand (Ship S | $2,109.00 | 4.2 out of 5 stars | (179)
B0H87VVJLY: YARDCARE V100 Automatic Robot Lawn Mower HD Vision for Lawn Max 1600 s | $399.99 | 4.7 out of 5 stars | (59)
B0G1SCJ18P: Neomow X SE 360° 3D LiDAR Navigation Robot Lawn Mower for 0.75 Acre | $899.00 | 4.7 out of 5 stars | (11)
B0H761SNFG: [All-Terrain Wire-Free] DREAME LiDAR Robot Lawn Mower A3 AWD 1000 + Cl | $1,399.99 | 4.7 out of 5 stars | (31)
todo 0
DONE
todo 0
DONE
