todo 36
B0B4DK18Z3: SmartWings Motorized Light Filtering Roller Shade 70% Blackout Linen W | $159.99 | 4.6 out of 5 stars | (14)
B0D926FQRQ: attempt 1 failed ( | Page.wait_for_selector: Timeout 20000ms exceeded.
Call lo), backing off
B0D926FQRQ: WiFi Smart IR RF Blaster, Remote Control Hub/IR RF Controller for Smar | $32.00 | 3.1 out of 5 stars | (26)
B01GDN1T4S: Nooelec RTL-SDR v5 Bundle - NESDR Smart HF/VHF/UHF (100kHz-1.75GHz) So | $54.95 | 4.2 out of 5 stars | (3,975)
B009U7WZCA: attempt 1 failed (Loading https://www.amazon.com/dp/B009U7WZCA | Page.goto: Ti), backing off
B009U7WZCA: Nooelec NESDR Mini USB RTL-SDR & ADS-B Receiver Set, RTL2832U & R820T  | $44.95 | 4.3 out of 5 stars | (1,905)
B079C3FHPG: attempt 1 failed (Amazon.com: NESDR SMArTee v2 SDR - Premium RTL-SDR w/Integra), backing off
B079C3FHPG: NESDR SMArTee v2 SDR - Premium RTL-SDR w/Integrated Bias Tee, Aluminum | $44.95 | 4.4 out of 5 stars | (392)
B0969NHM3G: SMARTRO Wireless Remote Sensor Outdoor Thermometer Replacement for SC9 | $12.99 | 4.3 out of 5 stars | (346)
B09ZQGZX3G: attempt 1 failed ( | Page.wait_for_selector: Timeout 20000ms exceeded.
Call lo), backing off
B09ZQGZX3G: homepage reload failed (Page.goto: Timeout 45000ms exceeded.
Call log:
  - navigatin), continuing
B09ZQGZX3G: attempt 2 failed (Amazon.com. Spend less. Smile more. | Page.goto: Timeout 450), backing off
B09ZQGZX3G: NO TITLE | None | None | None
B0FCZRXH8Z: PHILIPS Hue Wireless Smart Light Switch Button, White, 1 Pack, Portabl | $32.99 | 4.6 out of 5 stars | (179)
B0CTQLH6L6: attempt 1 failed (Aqara Zigbee 3.0 Wireless Mini Switch T1, Smart Button Requi), backing off
B0CTQLH6L6: Aqara Zigbee 3.0 Wireless Mini Switch T1, Smart Button Requires Aqara  | $20.99 | 4.2 out of 5 stars | (44)
B0BHWS3VTZ: attempt 1 failed (Loading https://www.amazon.com/dp/B0BHWS3VTZ | Page.goto: Ti), backing off
B0BHWS3VTZ: homepage reload failed (Page.goto: Timeout 45000ms exceeded.
Call log:
  - navigatin), continuing
B0BHWS3VTZ: attempt 2 failed (Aqara Cube T1 Pro, Requires AQARA ZIGBEE 3.0 HUB | 6 Sides t), backing off
B0BHWS3VTZ: homepage reload failed (Page.goto: Timeout 45000ms exceeded.
Call log:
  - navigatin), continuing
B0BHWS3VTZ: NO TITLE | None | None | None
B0F1CJ6DHT: attempt 1 failed (Amazon.com. Spend less. Smile more. | Page.goto: Timeout 450), backing off
B0F1CJ6DHT: attempt 2 failed (Wireless Zigbee Smart Button, 4-Way Remote Switch and Scene ), backing off
B0F1CJ6DHT: NO TITLE | None | None | None
B0BJKBR1J6: attempt 1 failed (MOES Wireless Smart Scene Switch Button, Require MOES Zigbee), backing off
B0BJKBR1J6: attempt 2 failed (Loading https://www.amazon.com/dp/B0BJKBR1J6 | Page.goto: Ti), backing off
B0BJKBR1J6: NO TITLE | None | None | None
B0G83YMKGG: attempt 1 failed (Shelly BLU RC Button 4 ZB, Smart Bluetooth & Zigbee-operated), backing off
B0G83YMKGG: homepage reload failed (Page.goto: Timeout 45000ms exceeded.
Call log:
  - navigatin), continuing
B0G83YMKGG: attempt 2 failed (Loading https://www.amazon.com/dp/B0G83YMKGG | Page.goto: Ti), backing off
B0G83YMKGG: NO TITLE | None | None | None
STOPPING: 4 failures in a row
