B0DHY6B9GY: Birdbuddy Pro Solar Smart Bird Feeder with Camera, AI Bird ID, 2K Vide | $239.99 | 4.1 out of 5 stars | (1,203)
B0B56BVWBM: NETVUE by Birdfy Smart Bird Feeder with 2K AI Camera, Value for Beginn | $109.99 | 4.4 out of 5 stars | (1,458)
B0FHWJF8Q7: Birdfy Smart Bird Feeder with Camera Solar Powered, 60FPS Slow-Motion  | $132.57 | 4.5 out of 5 stars | (130)
B0GYRNKYRT: Birdfy Smart Bird Feeder with Camera, Solar Powered Hanging Bird Feede | $142.49 | 4.5 out of 5 stars | (61)
B0DZHNDJQM: Kiwibit Bird Feeder with Camera 4K, Solar Powered, 8MP Photos, Smart A | $189.99 | 4.5 out of 5 stars | (521)
B0G1S7CZG7: Kiwibit Solar Smart Bird Feeder with Camera, 4K Live Video, No Subscri | $239.99 | 4.5 out of 5 stars | (349)
B0C4Y6D5BD: HARYMOR Smart Bird Feeder with Camera - AI Identify Birds Species, Sol | $99.99 | 4.5 out of 5 stars | (1,940)
B0DYDGBGQT: HARYMOR Bird Feeder with Camera, 2K Live Video, AI Identify Bird Speci | $69.98 | 4.5 out of 5 stars | (552)
B0CYH237TV: Fazoxo Bird Feeder with Camera,Birds House Camera,Solar Powered,AI Bir | $47.49 | 4.3 out of 5 stars | (1,362)
B0CZRKX894: TT Nature Bird Feeder with Camera, Upgraded 1.5L Smart Birdhouse Al Id | $69.99 | 4.4 out of 5 stars | (549)
B0DSDFV4Z2: Smart Bird Feeder with Camera Solar Powered, 2K HD Video, AI Bird Spec | $59.99 | 4.3 out of 5 stars | (1,511)
B0D7BKBKFH: Smart Bird Feeder with Camera Solar Powered, 2K Live Stream for Backya | $159.99 | 4.3 out of 5 stars | (1,052)
B0G21S2TF9: Zooz Z-Wave Long Range Smart Siren & Chime ZSE50 800LR (Z-Wave Hub Req | $47.95 | 4.3 out of 5 stars | (42)
B07P8ZRWQM: Aeotec Siren 6, Z-Wave Plus S2 Enabled Zwave Siren Safety Speaker, Wal | $79.99 | 3.4 out of 5 stars | (380)
B099CS76K3: Ecolink Z-Wave 700 Chime + Siren, Z-Wave Plus S2 Enabled, with Battery | $59.99 | 3.3 out of 5 stars | (68)
B08XHZP7NV: Aeotec MultiSensor 7, 6-in-1 Zwave Sensors Contains Monitor Motion, Te | $69.99 | 3.8 out of 5 stars | (112)
B0D47WR1S2: Aeotec TriSensor 8, 800 Series Zwave Motion Sensor, Temperature, Light | $39.99 | 3.6 out of 5 stars | (38)
B09GDL6BGY: Zooz Z-Wave Long Range Q Sensor ZSE11 800LR | Motion, Temperature, Hum | $46.95 | 3.6 out of 5 stars | (126)
B00Q59PBZE: HomeSeer Smart Motion, Temperature & Light Sensor (HSM200), AC Powered | $49.95 | 3.4 out of 5 stars | (114)
B081G97TLB: Z-Wave Hub Range Extender - Aeotec Range Extender 7 - Improves Perform | $34.99 | 4.2 out of 5 stars | (845)
B07ZB2VP4K: Ring Alarm Range Extender (2nd Gen) | Extend Ring Device Coverage Up t | $14.99 | 4.3 out of 5 stars | (4,194)
B0CQX4JFV2: Minoston Smart Plug, 15A Mini Z-Wave 800 Series Plug-in Socket with Bu | $26.09 | 4.5 out of 5 stars | (507)
B0BHL9MBRZ: Zooz 800 Series Z-Wave Long Range Smart Plug ZEN04 800LR | Hub Require | $35.95 | 4.8 out of 5 stars | (70)
B08LN2NPZ3: Minoston Smart Plug, Mini Plug-in Z-Wave 800 Series Socket with Built- | $54.99 | 4.5 out of 5 stars | (507)
B0CQS4SS9F: New One Z-Wave Smart Plug, 800 Series Z-Wave Outlet with Built-in Repe | $26.99 | 4.7 out of 5 stars | (32)
B085LKPHK6: GD00Z-8-GC: Z-Wave Plus S2 Security, Black, Small | $84.99 | 4.0 out of 5 stars | (266)
B0FXYWJ47K: GoController Smart Garage Door GD00Z-7 | Z-Wave Plus, Black | $74.99 | 5.0 out of 5 stars | (1)
B0846DZJD8: Zooz Z-Wave Long Range MultiRelay ZEN16 800LR for Garage Doors, Sprink | $42.95 | 4.6 out of 5 stars | (507)
B096LLL1C6: Zooz Z-Wave Long Range Relay ZEN17 800LR for Awnings, Garage Doors, Sp | $45.75 | 4.5 out of 5 stars | (186)
B09G82YM3B: Zooz Z-Wave Long Range 700 Series Titan Water Valve Actuator ZAC36 | C | $199.95 | 4.3 out of 5 stars | (124)
B07DJZCFBH: EVC200-HCSML The Bulldog Valve Robot, Z-Wave Water Valve, Smart Home C | $215.00 | 4.7 out of 5 stars | (280)
B0GW89Y16J: EVC200-WLS1M Bulldog Valve Robot with Wired Leak Sensor, Z-Wave Water  | $215.00 | None | None
B0H875ZMKF: SONOFF Indoor Zigbee Siren SNZB-09P | $19.90 | 4.0 out of 5 stars | (128)
B0CQP3F8LZ: Zigbee Smart Siren Alarm: Wireless Alarm for Security & Automation, Ap | $25.99 | 3.3 out of 5 stars | (164)
B0CQC9XN7L: Zigbee Smart Siren Alarm: Wireless Home Security Alarm, Burglar Alarm  | $23.99 | 3.0 out of 5 stars | (24)
B0HFJHYT2Z: Zigbee Siren Alarm, 105dB Sound Light Alarm, Smart Life App, Hub Requi | $26.99 | None | None
B0C9DP249C: THIRDREALITY Smart Vibration Sensor with 110dB Alarm,Zigbee Hub Requir | $19.99 | 4.1 out of 5 stars | (605)
B0DG4KD97V: THIRDREALITY Zigbee Vibration Sensor 3 Pack with 110dB Alarm, Zigbee H | $56.99 | 4.1 out of 5 stars | (605)
B07PJT939B: Aqara Zigbee Vibration Sensor, Wireless Mini Glass Break Detector | $19.99 | 3.8 out of 5 stars | (1,906)
B0DPQL94K8: Haozee Smart Vibration Sensor Alarm, Real-time Monitoring | $14.99 | 4.0 out of 5 stars | (36)
B0G6ZH853W: Aqara Multi-State Sensor P100, Door and Window & Vibration Sensor, Whi | $27.99 | 3.2 out of 5 stars | (105)
B0FNF8VNNK: Frient Vibration Sensor | Vibration Detection | Tilt Sensor | 15 Prese | $43.95 | 5.0 out of 5 stars | (4)
B0BXFBH6JR: Aeotec Range Extender Zi - Zigbee Network Extender - Improves Range an | $29.49 | 4.5 out of 5 stars | (178)
B0C9LNXYLL: THIRDREALITY Multi-Function Night Light, Zigbee Repeater, 3-in-1 Combi | $29.99 | 4.3 out of 5 stars | (249)
B0BPY2KRHH: THIRDREALITY Zigbee Smart Plug with Real-time Power Monitoring,15A Sma | $12.99 | 4.4 out of 5 stars | (271)
B0G4VZB6NC: THIRDREALITY Smart Plug Gen3,Precise Real-time Power Monitoring,15A Ou | $14.99 | 4.3 out of 5 stars | (63)
B0DSC6QCDB: LinkTap Zigbee Extender, Not Compatible with Third-Party Systems | $39.99 | 4.4 out of 5 stars | (62)
B0FKGZTR9S: SwitchBot Smart Electric Motorized Blinds Kit with Hub Mini Matter-2.4 | $179.99 | 4.6 out of 5 stars | (66)
B0D54KR9W7: Eve Motionblinds Upgrade Kit for Roller Blinds (Matter) | $219.95 | 4.4 out of 5 stars | (47)
B0CQ1V35ZD: Yoolax Smart Blinds, Works with Matter, Alexa, Apple Home, Google Assi | $239.00 | 4.3 out of 5 stars | (24)
B0FG2C8W67: Smart Blinds Motor for 1.5"(38mm) Shade Tube Work with Homekit, Build  | $112.88 | 4.4 out of 5 stars | (13)
B0GSR94QV1: Matter Roller Shade Motor - Expand Your Smart Home - Single Pack for 1 | $99.88 | 4.4 out of 5 stars | (13)
B0G2B2WZ7L: SmartWings Motorized Roller Shades 100% Blackout Work with Matter Home | $169.99 | 5.0 out of 5 stars | (1)
B0DJNKYKJG: Motorized Blinds,Smart Blackout Shades with Matter Motor | $107.99 | 3.8 out of 5 stars | (40)
B0FF5RX99S: RYSE SmartShade + BatteryPack, Smart Home Smart Shades | $199.98 | 4.1 out of 5 stars | (55)
B0DWSK5H33: Aqara Thread/Zigbee Smart Climate Sensor W100, Wireless Remote HVAC Co | $39.99 | 3.8 out of 5 stars | (143)
B0CCP6HLN5: SwitchBot Wi-Fi Humidity Sensor 4 Pack with Hub 2 (Matter Enabled), IP | $88.39 | 4.2 out of 5 stars | (10,123)
B0HB4LXMWL: Matter Temperature Humidity Sensor with LCD Display | $29.99 | 4.2 out of 5 stars | (12)
B09TB72Z5N: Eve Water Guard - Smart Home Water Leak Detector, 6.5 ft Sensing Cable | $99.95 | 4.6 out of 5 stars | (206)
B08XXBRG71: Eve Weather - Apple HomeKit Smart Home, Connected Outdoor Weather Stat | $84.98 | 3.9 out of 5 stars | (1,769)
B0D81BVH6P: Eve Weather (Matter) – Smart Weather Station | $85.00 | 3.6 out of 5 stars | (70)
B0D817K9TL: Eve Weather (Matter) - weather station connected with temperature, hum | $103.82 | 3.5 out of 5 stars | (135)
B0DB8TJ2HH: arre Temperature Humidity Air Pressure Sensor with Matter & Thread Sup | $39.99 | 2.7 out of 5 stars | (52)
B0D9KM1JKS: arre Smart Button with Matter & Thread Support, Control Smart Home Acc | $34.99 | 3.4 out of 5 stars | (155)
B0FT2P18HL: Airversa QliQ AC1 HomeKit Button Controller, White 1 Pack | $29.99 | 4.3 out of 5 stars | (51)
B0C7BLSMMW: Onvis Smart Button, 5-Keys Smart Switch, Scene Controller, Compatible  | $34.99 | 3.9 out of 5 stars | (295)
B084H3NNZ9: Flic Smart Button 3-Pack | Light Switch, Music Controller, Routine Tri | $99.00 | 3.8 out of 5 stars | (240)
B0DCBNMRY9: Flic Twist | Smart Home Controller | Works with Matter, Alexa, SmartTh | $39.00 | 3.3 out of 5 stars | (47)
B0FF4VHCJV: Switchbot WiFi Smart Garage Door Opener, Matter Certified, Alexa/Googl | $24.99 | 4.1 out of 5 stars | (78)
B0F38C31H2: Switchbot Smart Garage Door Opener w/Remote, Matter Certified, Alexa/G | $44.99 | 4.1 out of 5 stars | (78)
B0FX4G3ML2: THIRDREALITY Smart Garage Door Opener, Matter Certified, Retrofit with | $49.99 | 4.0 out of 5 stars | (89)
B0FMXX1W7D: meross Smart Garage Door Opener Remote, Apple HomeKit Support, MSG150H | $69.99 | 4.3 out of 5 stars | (186)
B0GQFKMXWN: meross Smart Garage Door Opener Remote Compatible with Alexa and Googl | $39.99 | 4.3 out of 5 stars | (457)
B084Z5QZR2: meross Smart Garage Door Opener Remote Work with HomeKit, Alexa and Go | $49.99 | 4.2 out of 5 stars | (6,706)
B00KHSXB60: Lutron Caseta Smart Plug-in Lamp Dimmer (Smart Hub Required) for LED B | $49.95 | 4.7 out of 5 stars | (1,422)
B00JJY1QG0: Lutron Caseta Smart Lamp Dimmer Kit; Plug-in Dimmer & Pico Wireless Re | $54.95 | 4.7 out of 5 stars | (1,815)
B0777TC8QZ: Lutron Caseta Smart Lamp Dimmer Starter Kit: Lamp Dimmer, Smart Hub, R | $114.95 | 4.8 out of 5 stars | (143)
B00KLAXFQA: Lutron Caseta Smart Dimmer Switch (Smart Hub Required), No Neutral Req | $64.95 | 4.7 out of 5 stars | (5,670)
B08Z4HK39S: Lutron Caseta Smart Outdoor Plug & Remote for Lights (Smart Hub Requir | $94.95 | 4.6 out of 5 stars | (134)
B0BSHKS26L: Lutron Caseta Diva Smart Dimmer Switch (Smart Hub Required), w Wallpla | $74.20 | 4.7 out of 5 stars | (690)
B0C7LS14RR: Lutron Caseta Diva Smart Dimmer Switch (Smart Hub Required), No Neutra | $139.90 | 4.7 out of 5 stars | (690)
B00XPW67ZM: Lutron Caseta Smart Hub Compatible with Alexa, Apple, Google Home, & M | $89.95 | 4.6 out of 5 stars | (1,964)
B0BYPDDLWD: Lutron Caseta Diva Smart Dimmer Switch (Smart Hub Required), No Neutra | $69.95 | 4.7 out of 5 stars | (690)
B07SGGQLNT: Lutron Caseta Original Smart Switch for Lights & Fans (Smart Hub Requi | $64.20 | 4.7 out of 5 stars | (952)
B0BYP8PY3Z: Lutron Caseta Diva Smart Dimmer Switch (Smart Hub Required), No Neutra | $69.95 | 4.7 out of 5 stars | (690)
B01M3XJUAD: Lutron Caseta Deluxe Smart Dimmer Starter Kit; 2 Smart Dimmers, Hub &  | $214.65 | 4.7 out of 5 stars | (2,586)
B011PHGURS: Lutron Caseta Deluxe Smart Lamp Dimmer Starter Kit: 2 Lamp Dimmes & Mo | $214.95 | 4.3 out of 5 stars | (78)
B084CMPWST: Lutron Caseta Smart Lighting Auto On/Off Wireless Occupancy Motion Sen | $54.95 | 4.5 out of 5 stars | (959)
B084CMP3Q6: Lutron Caseta Smart Lighting Manual On, Auto Off Wireless Vacancy Sens | $54.95 | 4.1 out of 5 stars | (25)
B005WM3ALC: Lutron Motion Sensor Light Switch, 2 Amp Single Pole, for Any Bulb | $22.85 | 4.6 out of 5 stars | (13,837)
B00L43RTSS: Lutron Motion Sensor Light Switch, 2 Amp Single Pole, for Any Bulb | $39.98 | 4.6 out of 5 stars | (13,837)
B005WM3C42: Lutron Motion Sensor Light Switch, 5 Amp 3-Way, for Lighting and Fans | $35.33 | 4.6 out of 5 stars | (1,796)
B0FX3CG4NW: Lutron Humidity Sensor Switch, 3 Amp Single Pole, for Exhaust Fans | $41.99 | 4.4 out of 5 stars | (70)
B0BYPDKCD5: Lutron Caseta Smart Claro Accessory Switch for 3 Way, Does Not Work Al | $34.95 | 4.5 out of 5 stars | (305)
B0BSHS5YSL: Lutron Caseta Claro Smart Switch & Wallplate for LED Lights (Smart Hub | $69.20 | 4.6 out of 5 stars | (310)
B07N1GXM38: Lutron Caseta Smart Fan Control (Smart Hub Required) 4-Speed for Paddl | $69.95 | 4.7 out of 5 stars | (1,960)
B00CAO4NVG: Lutron Motion Sensor and LED Dimmer Switch, Single Pole/3-Way | $51.14 | 4.5 out of 5 stars | (1,621)
B002SYEIU4: Lutron LRF2-OCRB-P-WH Radio Powr Savr Wireless Ceiling-Mounted Occupan | $129.99 | 4.3 out of 5 stars | (8)
B0092LE9H8: Lutron Motion Sensor Switch & Wallplate, 2 Amp Single Pole, for Any Bu | $24.98 | 4.5 out of 5 stars | (607)
B01NASZ0UM: BN-LINK Wireless Remote Control Outlet Electrical Switch for Lights, F | $15.99 | 4.7 out of 5 stars | (24,810)
B01N23GRYD: BN-LINK Wireless Remote Control Outlet Electrical Switch for Lights, F | $24.29 | 4.7 out of 5 stars | (18,521)
B07FK5SP9H: BN-LINK Wireless Remote Control Outlet Electrical Switch for Lights, F | $9.98 | 4.6 out of 5 stars | (11,411)
B07CY8RSBF: BN-LINK Mini Wireless Remote Control Outlet Switch Power Plug in for H | $24.99 | 4.6 out of 5 stars | (7,449)
B07HRD1GXP: DEWENWILS Remote Control Outlet Switch, 100 Feet Range, ETL Listed | $12.99 | 4.7 out of 5 stars | (5,622)
B09X2W2TRT: DEWENWILS Indoor Remote Outlet, Wireless Switch, 15A/1875W, 100FT RF R | $9.99 | 4.7 out of 5 stars | (2,929)
B07D2BY7VY: DEWENWILS Indoor Remote Control Outlet, Wireless On Off Power Switch | $9.99 | 4.8 out of 5 stars | (7,691)
B082TX3CV1: HBN Remote Control Outlets Outdoor Waterproof Indoor Wireless Light Sw | $14.99 | 4.5 out of 5 stars | (9,734)
B08MFBL8RZ: Syantek Remote Control Outlet Wireless Light Switch for Household Appl | $15.29 | 4.7 out of 5 stars | (3,811)
B07JW5SDZD: Syantek Remote Control Outlet Wireless Light Switch for Household Appl | $22.99 | 4.8 out of 5 stars | (2,752)
B0DJ6QDHWH: TESSAN Remote Control Outlet Plug, Remote Light Switch Wireless, 100FT | $29.99 | 4.7 out of 5 stars | (452)
B09WZSY1DN: DEWENWILS Wireless Control Outlet 100FT Range, 125V/15A/1875W Light Sw | $24.99 | 4.5 out of 5 stars | (1,100)
B0BYYR57GQ: igloohome New Smart Padlock 2 (SP2), The Toughest Smart Padlock – Shar | $184.99 | 4.0 out of 5 stars | (311)
B0CB9DXDKB: Master Lock Bluetooth Smart Padlock Outdoor Smart Lock Black 4401LHEC | $125.34 | 3.7 out of 5 stars | (84)
B098XLJ932: Master Lock 6400EURLJENT Professional Bluetooth Smart Padlock [Bluetoo | $203.12 | 4.6 out of 5 stars | (20)
B0D8L7B3L3: ABUS Everox One 61/45 Bluetooth Padlock | $134.00 | 4.2 out of 5 stars | (57)
B0D228BZJM: eLinkSmart Fingerprint Gym Locker Lock, Keyless Biometric Padlock, Wea | $38.99 | 4.3 out of 5 stars | (544)
B0CXSH6LHD: eLinkSmart Heavy Duty Smart Padlock with Key, Pad Lock with Code Keypa | $69.99 | 4.1 out of 5 stars | (405)
B0CCXR9ZVN: eLinkSmart Fingerprint Padlock with Key Backup, Heavy Duty Weatherproo | $69.99 | 4.2 out of 5 stars | (303)
B09D7F2GBQ: Fingerprint Padlock, Pothunder Smart Padlock, Locker Lock, Fingerprint | $26.99 | 4.0 out of 5 stars | (1,317)
B0D8DNHRM8: Pothunder Heavy Duty Smart Padlock, Gate Lock Padlock with Key Code an | $52.49 | 4.1 out of 5 stars | (268)
B0CNCN7RKY: Fingerprint Lock, Dhiedas Gym Locker Lock with Fingerprint Bluetooth A | $26.99 | 4.1 out of 5 stars | (668)
B0G1YLTMSR: Anweller Heavy Duty Fingerprint Padlock with Key, Pad Lock with Code K | $79.99 | 4.4 out of 5 stars | (53)
pass 1 missing 0
DONE-B
