B0DFYF2D7D: PETKIT PuraMax 2 Odor Free Automatic Cat Litter Box,with 2-Year Covera | $299.99 | 4.2 out of 5 stars | (2,625)
B087C7K4CP: PetSafe ScoopFree Crystal Smart Self-Cleaning Litter Box, Front-Entry | $205.99 | 3.8 out of 5 stars | (716)
B0DFM4Z71X: Cumrige Automatic Litter Box,Safety Sensor,App Control,95L Large Capac | $199.99 | 4.2 out of 5 stars | (3,588)
B0D1QWZDKT: Meowant Self-Cleaning Cat Litter Box, 75L Extra Large Open-Top, APP Co | $239.99 | 4.0 out of 5 stars | (1,377)
B0FH21L9CF: Mintakawa Automatic Cat Litter Box Self Cleaning - APP Control and Wei | $119.99 | 4.0 out of 5 stars | (1,208)
B0GD73F98D: CATLINK Self Cleaning Cat Litter Box Open-X, 5G & 2.4G WiFi, Safe | $169.00 | 4.1 out of 5 stars | (561)
B0F8N6MQ34: WARCAT Self-Cleaning Litter Box – 90L, APP, Sensors, Brown | $169.99 | 4.1 out of 5 stars | (394)
B0CVNPMXHL: Petcove PurrTek Automatic Litter Box Self Cleaning 5GHz Wi-Fi, Odor Co | $189.99 | 4.0 out of 5 stars | (2,645)
B0H2XZJ1FR: Automatic Cat Litter Box Self Cleaning - App Control, Open-Design, Sma | $119.99 | 4.4 out of 5 stars | (645)
B0HGWT16KH: Fumoi Automatic Litter Box,Safety Sensor,App Control,Washable Litter T | $189.99 | 4.6 out of 5 stars | (254)
B0HF45KGTK: Automatic Litter Box, Self Cleaning Litter Box, Odor Control, 90L Capa | $219.99 | 4.5 out of 5 stars | (313)
B0F6TK43JT: Mimfam Automatic Self Cleaning Litter Box, with 4 Pairs Infrared Senor | $99.99 | 4.5 out of 5 stars | (156)
B0FDKQGRCK: PETLIBRO Upgrade Cat Water Fountain Stainless Steel Tray, Dockstream 2 | $79.99 | 4.3 out of 5 stars | (20,409)
B0FDKVJNXB: PETLIBRO Upgrade Cat Water Fountain, Cordless Cat Fountain Battery Ope | $89.99 | 4.2 out of 5 stars | (4,526)
B0GX5JWR3P: PETLIBRO Cat Water Fountain Stainless Steel Tray, App Monitoring Cat F | $62.80 | 4.2 out of 5 stars | (178)
B0CBN7SM2R: PETLIBRO Cat Water Fountain, App Monitoring Pet Fountains for Cats Ind | $17.99 | 3.8 out of 5 stars | (1,992)
B0FHQC19RV: PETKIT EVERSWEET MAX 2 Cat Water Fountain Dishwasher Safe, Cordless | $84.99 | 4.0 out of 5 stars | (164)
B0GWJ2QWXF: PETKIT Eversweet Ultra Cat Water Fountain with AI Camera, Filterless | $249.99 | 4.2 out of 5 stars | (84)
B0F9FC7JYD: Wireless Cat Water Fountain No Filters, Wastewater Separation, FEELNEE | $49.99 | 4.1 out of 5 stars | (1,576)
B0GQ9MV5R4: PETLIBRO Quiet Dog Water Fountain Stainless Steel Tray, Smart Pet Wate | $79.99 | 4.3 out of 5 stars | (354)
B0HGF8BDWD: ODSD Filterless Cat Water Fountain - App Monitoring Pet Water Dispense | $68.99 | 4.6 out of 5 stars | (34)
B0GXZ1RX3G: PETGUGU AI Cat Water Fountain with App Monitoring, Ultra-Quiet Automat | $59.98 | 4.3 out of 5 stars | (30)
B0G52BXW5H: Smart Dog Water Bowl Dispenser Large, 10L/ 2.64Gal Cordless Dog Water  | $64.59 | 3.8 out of 5 stars | (223)
B0G6ZMT8T3: PETLIBRO Cat Water Fountain Stainless Steel Tray, Wireless Pump Cat Fo | $45.58 | 4.3 out of 5 stars | (894)
B0HDNK1QND: DELLA 6000 BTU AC Unit with Energy Saving Window Air Conditioner,WIFI  | $209.96 | 4.0 out of 5 stars | (467)
B0G34M7C1M: Midea 6,000 BTU U Shaped Window Air Conditioner, Cools up to 250 Sq Ft | $314.99 | 4.4 out of 5 stars | (270)
B0CRJXS26V: TCL 10,000 BTU Smart Window Air Conditioner, Fan, & Dehumidifier, Wi-F | $297.99 | 4.4 out of 5 stars | (102)
B0CVVQWGH2: Midea 8,000 BTU Smart Inverter Air Conditioner Window Unit with Heat a | $339.99 | 4.1 out of 5 stars | (820)
B0G34JL2ZS: Midea 12,000 BTU U Shaped Window Air Conditioner, Cools up to 550 Sq F | $396.62 | 4.4 out of 5 stars | (511)
B0FDQLNGHZ: Midea 10,000 BTU U-Shaped Smart Inverter Window AC, Cools 450 Sq Ft, U | $396.62 | 4.3 out of 5 stars | (620)
B0FDQGPCG7: Midea 8,000 BTU U-Shaped Smart Inverter Window AC, Cools 350 Sq Ft, Ul | $357.19 | 4.1 out of 5 stars | (906)
B0CFYFCNBW: Frigidaire 8,000 BTU Smart Inverter Window Air Conditioner with Wi-Fi  | $380.57 | 4.1 out of 5 stars | (36)
B0HKH91VNM: DELLA 5000 BTU Smart Window AC, Works with Alexa, Cools Up to 150 Sq F | $195.96 | 4.0 out of 5 stars | (467)
B0BVGF5RBB: GE Profile ClearView Inverter Window Air Conditioner 10,300 BTU, Ultra | $319.95 | 3.5 out of 5 stars | (479)
B0BRKPCJ7P: DREO Smart Tower Fan for Bedroom, 90° Oscillating Fan, 26ft/s Wind, 28 | $79.94 | 4.5 out of 5 stars | (29,834)
B09M8PMW26: DREO Smart Tower Fan for Bedroom, 120° Oscillating Fan, 12 Speeds | $116.95 | 4.5 out of 5 stars | (6,828)
B0BTY58CS4: DREO Smart Tower Fan for Bedroom, 28ft/s Velocity, 8 Speeds Ultra Quie | $79.93 | 4.5 out of 5 stars | (95,114)
B09N3HKY79: DREO Smart 42'' Tower Fan for Bedroom, 12 Speeds, 20dB Quiet Standing  | $119.99 | 4.5 out of 5 stars | (29,834)
B0DG8PNJDD: DREO Smart Tower Fan for Bedroom, 90° Oscillating Bladeless Fan | $109.99 | 4.6 out of 5 stars | (22,250)
B0CKQNHK1H: Levoit Tower Fan for Bedroom, 26ft/s Smart Standing Fans that Blow Col | $129.99 | 4.4 out of 5 stars | (15,023)
B0CS5YG5YV: GoveeLife 42 in. Tower Fan, 150 Deg Oscillation, 5 Modes 12 Speeds, Si | $179.99 | 4.6 out of 5 stars | (949)
B0DQQ1PX69: GoveeLife 36 in. Black Tower Fan for Bedroom, 5 Modes 8 Speeds up to 2 | $99.99 | 4.4 out of 5 stars | (722)
B0DTP2M139: PELONIS 40" Smart Bladeless Fan for Bedrrom - Tower Fan, Alexa/Google/ | $144.94 | 4.3 out of 5 stars | (438)
B0DTPH69KS: EcoNour Smart Tower Fan with WiFi & Alexa Control, 42Inch Personal Fan | $79.99 | 4.2 out of 5 stars | (453)
B0GMZ92XDD: MORENTO Smart Tower Fan with Remote, WiFi/App/Voice Control, 25dB, Bla | $59.99 | 4.3 out of 5 stars | (189)
B0F8Q1GY69: Della 42" Smart Tower Fan, Ultra Quiet 23dB Cooling Fan with 12 Speeds | $79.96 | 4.6 out of 5 stars | (252)
B0BLSGHRXB: Govee RGBIC Floor Lamp, 1000lm LED Corner Lamp | $59.99 | 4.4 out of 5 stars | (11,937)
B0F43M9KWW: Govee Tree Floor Lamp with 3 Rotatable Lights, Compatible with Matter | $118.99 | 4.6 out of 5 stars | (695)
B0F3NZ12GL: Govee Uplighter Floor Lamp for Living Room, RGBIC Ripple Projector | $125.99 | 4.6 out of 5 stars | (1,421)
B0GQTF4X6H: Govee Lantern Floor Lamp, Halo Gradient RGBIC Smart Corner Lamp for Be | $99.99 | 4.8 out of 5 stars | (324)
B0GQXN36K5: Govee Floor Lamp 3 Lite, Smart RGBIC LED Corner Lamp for Living Room | $79.99 | 4.5 out of 5 stars | (175)
B0DB1739S4: Lanmonlily Corner Floor Lamp, Alexa Compatible, RGBICW, Music Sync | $34.99 | 4.3 out of 5 stars | (1,194)
B09W8WLQ19: YHW Smart RGB LED Floor Lamp Works with Alexa Google Home, WiFi Remote | $49.99 | 4.2 out of 5 stars | (2,307)
B0DNMV22L2: Ailofy Corner Floor Lamp, 1500lm RGBW Corner Lamp Work with Alexa & Go | $34.82 | 4.3 out of 5 stars | (268)
B0BDL1K1QQ: Qaubauyt Smart LED Floor Lamp with APP Control & RGB Colors - Dimmable | $32.99 | 4.3 out of 5 stars | (2,767)
B0C7784CT8: YHW Floor lamp for Living Room Works with Alexa & Google, White Linen  | $58.99 | 4.3 out of 5 stars | (429)
B0BVPR7X3G: Smart Floor Lamp Works with Alexa & Google Home, Color Changing Steple | $49.99 | 4.1 out of 5 stars | (330)
B0B1V6G21S: Govee Smart Recessed Lighting 6 Inch, LED Downlight 1100 Lumen, 4 Pack | $89.99 | 4.6 out of 5 stars | (1,232)
B0C4FBK4RY: Govee Smart Recessed Lighting 4 Inch, LED Downlight 800 Lumen, 4 Pack | $84.99 | 4.6 out of 5 stars | (1,232)
B0F2165SNY: Govee Smart Recessed Lighting 4 inch, RGBIC LED Recessed Light 900LM 4 | $99.99 | 4.5 out of 5 stars | (397)
B0CJJRRJ7X: Govee Smart Retrofit Recessed Lighting 6 Inch, Wi-Fi Bluetooth Direct  | $109.99 | 4.4 out of 5 stars | (355)
B0DDC7K528: SikSog Smart Recessed Lighting 4 Inch RGBCW Color Changing 12W LED Dow | $89.99 | 4.3 out of 5 stars | (522)
B0BYZL9PPK: Smart Recessed Lighting 6 Inch RGBCW Color Changing 16W LED Downlights | $39.99 | 4.3 out of 5 stars | (1,128)
B0F3BKBNVZ: Feit Electric 5/6in Smart Recessed Downlights, 75W Eq, 1000 Lumens, 3  | $44.95 | 4.1 out of 5 stars | (1,310)
pass 1 missing 0
DONE-A
