B0C1F1XLWS: HALO HLB LED Recessed Lighting 6 in Smart Wi-Fi RGBWW Canless ceiling  | $37.44 | 4.6 out of 5 stars | (127)
B0BF5KVM11: HALO RL LED Recessed Lighting 5/6 in Smart WiFi RGBWW Canless ceiling  | $25.47 | 4.3 out of 5 stars | (196)
B0GJSNPY6G: Lumary Smart Recessed Lighting 6 Inch, RGBWW Canless Slim Wafer Lights | $109.99 | 4.4 out of 5 stars | (91)
B0GT7N35QM: PHILIPS Smart 5-6 Inch Retrofit Recessed Downlight 4-Pack, 750 Lumens, | $99.99 | 4.4 out of 5 stars | (31)
B0DHZTHKJJ: Amazon Basics Smart Recessed 5/6 Inch Downlight, Color Changing, Works | $11.91 | 4.1 out of 5 stars | (121)
B016UCNP3A: REOLINK 8CH 5MP PoE Security Camera System with 2TB HDD RLK8-410B4-5MP | $459.99 | 4.4 out of 5 stars | (2,895)
B07H3QVZQ2: REOLINK 5MP 8CH Home Security Camera System with 2TB HDD RLK8-520D4-5M | $459.99 | 4.4 out of 5 stars | (2,786)
B07W4WBKKJ: REOLINK 8CH 4K/8MP Security Camera System with 2TB HDD RLK8-800B6 | $889.99 | 4.4 out of 5 stars | (915)
B082KGF6FX: REOLINK 16CH 4K Security Bullet Camera System with 4TB HDD RLK16-800B8 | $1,259.99 | 4.4 out of 5 stars | (1,582)
B0CF9Y9WMK: 【Human Track】Hiseeu 4K PoE PTZ Security Camera System, 6pcs 5MP PTZ Ca | $339.99 | 4.3 out of 5 stars | (509)
B0DD3GXD3S: Hiseeu Home Security Camera System, 4K NVR Kit, Wired Plug-in Powered  | $479.99 | 4.2 out of 5 stars | (2,174)
B07QM5996S: Hiseeu Wireless Security Camera, 5MP WiFi Security Camera System, 500G | $199.99 | 4.2 out of 5 stars | (814)
B0H6G9MT1M: ANNKE Wireless Security Camera System, 4K NVR, 4 Dual-Lens PT Cams, 1T | $249.99 | 4.8 out of 5 stars | (29)
B0H28P49H4: eufy Security NVR System E50, 8-Cam Kit, 4K Dual-Lens Bullet-PTZ, 4TB  | $1,599.99 | 4.7 out of 5 stars | (17)
B0CNRDG796: aosu D1 Classic 4-Cam Kit, Security Cameras Wireless Outdoor, Solar Po | $359.99 | 4.3 out of 5 stars | (4,178)
B07VPMX7Q5: REOLINK 8CH 5MP Super HD Home Security Camera System RLK8-410B6-5MP | $599.99 | 4.5 out of 5 stars | (607)
B0H5G1DLBM: Lorex Connect App | V-Series | 8Ch 4K NVR System | 5 V3 Dome IP Camera | $699.99 | 4.7 out of 5 stars | (8)
B0FQYSF58M: Chamberlain Belt Drive myQ Garage Door Opener, 3/4HP w/Fixed Camera | $272.77 | 4.2 out of 5 stars | (208)
B0FQYM9DQS: Chamberlain Belt Drive myQ Garage Door Opener, 1/2 HP w/Battery Backup | $239.00 | 4.3 out of 5 stars | (151)
B0C7K97GX2: Chamberlain Wall Mount myQ Garage Door Opener, Battery Backup | $519.00 | 4.5 out of 5 stars | (617)
B09B2VHJDL: Chamberlain C2212T Smart Wi-Fi Garage Door Opener, 1/2-HP Chain Drive  | $309.99 | 4.4 out of 5 stars | (510)
B0G95ZTYDG: Chamberlain 1 HP Belt Drive Smart Garage Door Opener with Built-in Cam | $349.00 | 4.4 out of 5 stars | (30)
B0G1FWWCPT: LiftMaster 6690L Smart Garage Door Opener, 1-1/4 HP Belt Drive, Built- | $542.50 | 4.2 out of 5 stars | (16)
B07MV2WHF4: Genie QuietLift Connect – WiFi Smart Garage Door Opener with Added Wir | $259.00 | 4.4 out of 5 stars | (2,015)
B07SKCGMY7: Genie StealthDrive Connect Smart Belt Drive Garage Door Opener, 7155-T | $334.21 | 4.4 out of 5 stars | (5,084)
B0CWM6PFP2: Genie Chain Drive 500 1/2 HPC Smart Garage Door Opener, Model 1135-VM | $215.99 | 4.4 out of 5 stars | (65)
B0FQYW1Y69: Craftsman Belt Drive Garage Door Opener, 3/4 HP, Wi-Fi, Battery Backup | $247.00 | 4.4 out of 5 stars | (53)
B07VZX13DJ: Skylink 1/2HPF Garage Door Opener with Alexa. Extremely Quiet DC Motor | $178.38 | 4.3 out of 5 stars | (270)
B0FQXRQ561: Chamberlain Chain Drive myQ Garage Door Opener, 3/4HP w/Fixed Camera | $266.47 | 4.2 out of 5 stars | (132)
B0CTH5HGGT: SofaBaton X1S Universal Remote with Hub & Customize APP | $179.99 | 3.6 out of 5 stars | (478)
B0FYPR3KLW: SofaBaton X2 Universal Remote with Hub & Charing Dock & APP & Touchscr | $359.99 | 4.1 out of 5 stars | (87)
B0FT3F7ZGZ: SwitchBot Universal Remote Control with Hub 3, Multi-use Smart Remote  | $142.49 | 3.8 out of 5 stars | (1,868)
B0CXJC5ZZT: SwitchBot Universal Remote Control with Hub Mini Matter Enabled, Multi | $85.49 | 4.2 out of 5 stars | (5,308)
B0GDDC3CKQ: SofaBaton X1S Smart Universal Remote Control with Hub,One-Click Scenes | $179.99 | 4.6 out of 5 stars | (22)
B0FBRK76L8: SwitchBot K11+ Robot Vacuum & Mop with Matter, 6000Pa Suction, 90-Day  | $239.99 | 4.0 out of 5 stars | (314)
B0H7XCFZP8: SwitchBot K11+ Pro Compact Robot Vacuum and Mop, 12,000Pa, LiDAR Navig | $269.99 | 4.5 out of 5 stars | (6)
B0F6CJ6G2Z: SwitchBot S20 Robot Vacuum and Mop with Matter, 10000Pa Powerful Sucti | $309.99 | 3.3 out of 5 stars | (74)
B0FSJPFDPV: dreame L40 Ultra Gen 2 Robot Vacuum and Mop with 25,000Pa Suction | $569.98 | 4.3 out of 5 stars | (657)
B0GT6BYB85: iRobot Roomba 415X Robot Vacuum & Mop Combo, 20,000Pa, 90 Days Self-Em | $398.99 | 4.1 out of 5 stars | (12,019)
B0FK2HPNCB: eufy E25 Robot Vacuum and Mop Combo, 20,000 Pa, HydroJet Roller Mop | $599.99 | 4.4 out of 5 stars | (54,091)
B0GCDZBK9Q: eufy Omni C20 Robot Vacuum and Mop Combo for Hardwood and Carpet, 7,00 | $339.99 | 4.4 out of 5 stars | (54,091)
B0GXFHY7Y2: roborock 2026 New Qrevo 2 Pro Robot Vacuum and Mop, 20,000Pa Suction | $549.99 | 4.3 out of 5 stars | (1,027)
B0F334DN9J: roborock Q7 L5 Robot Vacuum and Mop Combo, 8,000Pa Suction | $139.99 | 4.0 out of 5 stars | (18,065)
B0DWX69JVG: roborock Q7 M5+ Robot Vacuum and Mop, Up to 7-9 Weeks Self-Empty, 1000 | $249.99 | 4.0 out of 5 stars | (25,422)
B0DWXBCQVP: roborock Q10 S5+ Robot Vacuum and Mop, 10,000Pa Suction | $279.99 | 4.0 out of 5 stars | (20,584)
B09T4YZGQR: Shark AI Ultra Robot Vacuum, 60-Day Self-Emptying Base, Black, AV2511A | $269.99 | 4.0 out of 5 stars | (41,687)
B0GDXV2KJ4: ROPVACNIC Robot Vacuum and Mop Combo 5200Pa Suction Robotic Cleaner | $99.99 | 4.3 out of 5 stars | (2,221)
B0GR3WJL89: Linkind Matter 52" Smart Ceiling Fan with Lights and Remote, Black | $129.99 | 4.7 out of 5 stars | (24)
B0GQGY896M: Govee Ceiling Fans with Lights and Remote, RGBIC Smart 52'' flush moun | $159.99 | 4.6 out of 5 stars | (237)
B0GSXQFW4C: Govee Ceiling Fan with Lights, 20'' RGBIC Fandelier Ceiling Fan with L | $159.99 | 4.2 out of 5 stars | (128)
B0F1MVQ4HT: Lumary Smart WiFi Ceiling Fans with Lights, Low Profile Flush Mount Wh | $151.99 | 4.3 out of 5 stars | (187)
B0GSVNMMJ2: CINOTON 52" Smart Ceiling Fans with Lights and Remote, App Control, Bl | $69.99 | 4.0 out of 5 stars | (113)
B0GSVN5W9B: RGBCW Smart 52" 2600LM LED Ceiling Fan Light with Remote, Black | $64.99 | 4.0 out of 5 stars | (93)
B0DRCNLHT2: TCL Ceiling Fans with Lights, 52 Inch Low Profile Ceiling Fan with Lig | $159.99 | 4.5 out of 5 stars | (521)
B0F5LNYTR7: Tapo Smart Wi-Fi Power Strip, Matter, P316M, Energy Monitoring | $39.99 | 4.5 out of 5 stars | (345)
B0DYD7FKKB: Matter Smart Power Strip,Works with Apple HomeKit, Siri, Alexa, Google | $35.99 | 3.8 out of 5 stars | (62)
B0H8Q1KJ13: Matter Smart Power Strip Surge Protector with USB-C Fast Charging 20W  | $35.99 | 3.6 out of 5 stars | (7)
B0DB8KS8Q3: Aqara Smart Valve Controller T1,Matter Over Bridge, Zigbee 3.0 Hub Req | $69.99 | 3.8 out of 5 stars | (401)
B0DK5VQ29S: Zigbee Smart Water Shutoff Valve 3/4" | $147.00 | 4.2 out of 5 stars | (10)
B0DNM4YS2R: Zigbee(TUYA/SmartThings HUB NEEDED) Ball Valve Smart Water Shutoff Man | $36.99 | 3.2 out of 5 stars | (6)
B0F1F9QBJJ: Upgrade Zigbee 3.0 Smart Water Valve Shutoff Reinforced Mounting Arm D | $36.99 | 3.7 out of 5 stars | (6)
B0G3WJGBZN: Smart Valve PRO Zigbee 3.0 Motorized Ball Valve Metal Gear Tuya Smart  | $46.99 | 4.0 out of 5 stars | (1)
B0DY21V8MG: First Alert 10-Year Battery Combination Smoke & Carbon Monoxide Alarm | $64.98 | 3.5 out of 5 stars | (270)
B0C7HVF4SJ: Zooz 800 Series Z-Wave Long Range DC Signal Sensor ZEN55 | for Use wit | $44.95 | 4.9 out of 5 stars | (60)
pass 1 missing 0
DONE-B
