B0D41XL87F: Govee RGBIC Smart Table Lamp 2, Touch Bedside Small Table Lamp (Corded | $53.99 | 4.7 out of 5 stars | (2,544)
B08CKGXVL3: meross Smart Table Lamp, Compatible with Apple HomeKit and Amazon Alex | $35.99 | 4.2 out of 5 stars | (1,771)
B0GLM9BBQT: Govee Smart Cordless Table Lamp Classic (No Adapter), RGBIC Desk Lamp | $59.99 | 4.3 out of 5 stars | (188)
B099MV5XMX: Hifree Smart Table Lamp, Dimmable Desk Lamp with App/Voice Control, LE | $29.99 | 4.3 out of 5 stars | (1,500)
B0DDXD8BMQ: Lepro TB1 AI Smart Table Lamp, RGB+IC Addressable Color Changing Desk  | $63.99 | 4.6 out of 5 stars | (449)
B09G6S3QX1: WiZ Connected Hero v2 Smart Portable Table Lamp, WiFi Enabled, 16 Mill | $44.99 | 4.2 out of 5 stars | (74)
B0936C6SBW: Bedroom Lamp with Smart RGB LED Bulb, Multicolor Changing Table Lamp f | $33.99 | 4.3 out of 5 stars | (642)
B0GWM6QNS1: Smart RGB Dimmable Table Lamp Compatible with Alexa&APP&Remote Control | $23.74 | 4.4 out of 5 stars | (319)
B0F3D8RB4H: Govee Table Lamp 2 Pro x Sound by JBL, Cordless Table Lamp with Speake | $124.99 | 3.9 out of 5 stars | (556)
B0BJ1KCJPY: RGB Smart Table Lamp with Remote Control - Alexa Lamp for Bedroom with | $34.99 | 4.4 out of 5 stars | (211)
B0HGTX6QMM: LIFX Luna Smart Tabletop & Wall-Mounted Lamp, 1000 Lumens, Dimmable | $79.99 | None | None
B0DDX2CY1Q: Lepro TB2 AI Smart Table Lamp, RGB+IC Modern Treble Clef Spiral Desk L | $59.99 | 4.2 out of 5 stars | (91)
B0CRV5F1VB: Govee Smart Ceiling Light, RGBIC 2400LM 2700K-6500K 12 Inch 1 Pack Whi | $44.99 | 4.6 out of 5 stars | (2,003)
B0GSYPZ4L5: Govee Smart Ceiling Light Pro, RGBIC 4800LM 2700K-6500K 18 Inch 1 Pack | $129.99 | 4.6 out of 5 stars | (555)
B0F1N5HPVH: Govee Smart Ceiling Light 4300LM 15 Inch, RGBIC 2700K-6500K 1 Pack | $89.99 | 4.6 out of 5 stars | (555)
B0GR9VMV71: Govee Ceiling Light Ultra 21 Inch, 5000LM Smart Flush Mount Ceiling Li | $199.99 | 4.6 out of 5 stars | (86)
B07WY3VM1M: TALOYA Smart Ceiling Light,Main Light and RGB Night Light Dimmable,12  | $39.98 | 4.2 out of 5 stars | (3,814)
B0C7VPW49D: MELEGAN 12 Inch Smart RGB LED Flush Mount Ceiling Light (2 Pcs) | $49.99 | 4.3 out of 5 stars | (379)
B0C7ZRTDWF: Annaror Smart LED Ceiling Light WiFi, 13in RGB Flush Mount Lighting Fi | $44.99 | 4.4 out of 5 stars | (328)
B0DD7KV38V: BLNAN Smart RGB LED Flush Mount Ceiling Light with Remote, 13 Inch 24W | $42.99 | 4.5 out of 5 stars | (248)
B0H1J192F3: SwitchBot RGBICWW Ceiling Light 12 Inch, Matter Certified LED Flush Mo | $49.99 | 4.0 out of 5 stars | (74)
B0G6KNGV8H: SOTTAE Smart Ceiling Light, 12 Inch RGBIC LED Flush Mount Ceiling Ligh | $32.99 | 4.4 out of 5 stars | (473)
B082VXG9RG: Globe Electric 60839 Wi-Fi Smart 11" Flush Mount Ceiling Light, Brushe | $56.99 | 3.9 out of 5 stars | (317)
B0H6N18HKY: LIFX 13in Smart Ceiling Light, RGB, 2000lm, Matter, Apple Home, Black  | $89.99 | 5.0 out of 5 stars | (12)
B0F42HLLSC: BLUETTI Elite 30 V2 Portable Power Station 288Wh 600W LFP Solar Genera | $279.99 | 4.4 out of 5 stars | (1,202)
B0F42CSQWG: BLUETTI Elite 100 V2 Portable Power Station for Camping 1024Wh 1800W | $499.00 | 4.6 out of 5 stars | (1,811)
B0D7PPG25F: Jackery Explorer 1000 v2 Portable Power Station,1070Wh,1500W | $499.00 | 4.7 out of 5 stars | (3,676)
B0C1SMJTDT: BLUETTI Portable Power Station AC180, 1152Wh LiFePO4 Battery Backup w/ | $499.00 | 4.5 out of 5 stars | (2,640)
B0GWGSKN54: Anker SOLIX C1000 Gen 2 Portable Power Station with 200W Solar Panel | $849.99 | 4.7 out of 5 stars | (1,677)
B0D62GMQ3F: Anker SOLIX C300 Portable Power Station, 288Wh Solar Generator for Cam | $329.99 | 4.6 out of 5 stars | (1,934)
B0FQV6LMVX: EF ECOFLOW DELTA 3 Max Portable Power Station, 2048Wh LFP Battery, 240 | $879.00 | 4.7 out of 5 stars | (631)
B0FQVC4RF5: EF ECOFLOW Portable Power Station Delta 3 Classic, 1024Wh 1800W AC | $499.00 | 4.7 out of 5 stars | (1,326)
B0DCBYMC9D: EF ECOFLOW Delta 3 Portable Power Station, 1024Wh 1800W | $599.00 | 4.7 out of 5 stars | (1,365)
B0FM8653F1: Jackery HomePower 3600 Plus Power Station, 3584Wh, 3600W AC Output | $1,709.00 | 4.6 out of 5 stars | (205)
B0HJDBKSY5: Anker SOLIX S2000 Portable Power Station with Power Strip | $779.99 | 4.7 out of 5 stars | (376)
B0HD6GN86Q: BLUETTI Elite 100 mini Portable Power Station for Camping 1004.8Wh 700 | $429.99 | 4.6 out of 5 stars | (1,811)
B0GTQ7BHVL: OUPES Mega 1 Lite Portable Power Station 1024Wh 2000W (4500W Surge) | $459.99 | 4.7 out of 5 stars | (69)
B0FLF5Y2K6: Flume F2X Smart Home Water Monitor and Leak Detector (Newest Model) –  | $269.00 | 4.3 out of 5 stars | (81)
B00C03D01Q: Moen Flo Shutoff, 3/4" Automatic Water Leak Detector & Shutoff, 900-00 | $559.00 | 3.9 out of 5 stars | (2,320)
B0DSKG73XB: Frizzlife LP365 Smart Water Monitor and Automatic Shutoff Valve - 0.01 | $329.99 | 4.5 out of 5 stars | (362)
B0F3CQMKQF: YoLink FlowSmart All-in-One Kit: 0.75" Water Meter + Hub | $269.99 | 4.4 out of 5 stars | (157)
B0FG7SKZ45: RESTMO Smart Water Flow Meter with Screen Backlight, 2.4GHz WiFi Conne | $49.99 | 4.0 out of 5 stars | (68)
B0DS28CJGR: RESTMO Smart Water Flow Meter with Screen Backlight, APP Control | $37.99 | 4.2 out of 5 stars | (325)
B0FL1CZ447: Bluebot Mini Smart Water Meter Bundle – WiFi Leak Detector & Water Usa | $258.76 | 3.8 out of 5 stars | (21)
B081HT5LD6: Moen 900-006 Flo Smart Water Monitor and Automatic Shutoff Sensor, Wi- | $608.00 | 3.9 out of 5 stars | (2,320)
B0FH6FS9TV: Haozee WiFi Smart Water Valve and Auto Shut-Off | $159.99 | 3.8 out of 5 stars | (45)
B0HHH9DYGP: Water Flow Meter, 0.1gal/min Water Flow Monitor Alarm, Water Valve 3/4 | $119.99 | 4.8 out of 5 stars | (14)
B0H1QWLZTD: ecozy 3 in 1 Sunrise Alarm Clock White Noise Machine with Smart App Co | $39.99 | 4.0 out of 5 stars | (28)
B0FRRXBZ3W: ANJANK App Smart Sunrise Alarm Clock Sound Machine with Wake up Light, | $39.99 | 3.8 out of 5 stars | (27)
B0F2JMVZXP: Smart Sunrise Alarm Clock with No Signup APP Control & Wake-Up Light,  | $27.92 | 4.3 out of 5 stars | (178)
B0FNMM6X65: REACHER Smart Sunrise Alarm Clock with App Control and White Noise Mac | $79.99 | 4.0 out of 5 stars | (73)
B0FHVLKQTN: Dreamegg Sunrise 1 Pro - Sunrise Alarm Clock, Sound Machine for Sleep, | $74.99 | 3.7 out of 5 stars | (90)
B0GJD55N62: Sunrise Alarm Clock with App Control & White Noise for Heavy Sleeper | $29.99 | 4.5 out of 5 stars | (27)
B0H3NSFQ5K: NEEWER NF03 Sunrise Alarm Clock Smart Wake Up Light, AI App Control, T | $59.99 | 3.9 out of 5 stars | (54)
B0DGXD6WVW: Odokee Sunrise Alarm Clock White Noise Machine: Natural Wake Up Light | $59.99 | 4.5 out of 5 stars | (2,240)
B0HKVSB8K1: Dekala Arches Gradual Sunrise Alarm Clock with Wireless Charging, Suns | $129.99 | 4.5 out of 5 stars | (26)
B0FWK419S2: Dreamegg Sunrise 2 Sunrise Alarm Clock, Sound Machine for Sleep, 29 So | $39.99 | 3.9 out of 5 stars | (132)
B0HDC7Q945: attempt 1 failed (Amazon.com : Aiper Scuba S3 Robotic Pool Cleaner with Auto-P), backing off
B0HDC7Q945: Aiper Scuba S3 Robotic Pool Cleaner with Auto-Parking & Alerts, Azure | $699.99 | 4.8 out of 5 stars | (113)
B0GSVTQK33: Beatbot Sora 10 Cordless Pool Vacuum Robot for Inground & Above Ground | $469.00 | 4.6 out of 5 stars | (89)
B0H8YD3QYS: (2026 Upgrade) WYBOT C2 Vision Pool Vacuum for Inground Pools, Gray Gr | $629.99 | 4.3 out of 5 stars | (75)
B0HGLV3NQN: Wybot C2 Cordless Pool Vacuum for Inground Pools, Robotic Pool Cleaner | $499.99 | 4.2 out of 5 stars | (422)
B0F9HHLK4J: Polaris Freedom SC Cordless Robotic Pool Cleaner, WiFi Enabled | $799.00 | 3.7 out of 5 stars | (49)
B09K4C9WGF: Dolphin Nautilus CC Plus Wi-Fi Automatic Robotic Pool Vacuum Cleaner,  | $849.00 | 3.6 out of 5 stars | (3,291)
B0GQ516HSY: Dolphin Nautilus EON 100 Cordless Robotic Pool Cleaner Ideal for Pools | $899.00 | 3.3 out of 5 stars | (67)
B0DPG7L6QP: AIPER EcoSurfer S2 Solar Pool Skimmer Robot 24/7 Continuous Cleaning,  | $339.99 | 4.3 out of 5 stars | (2,393)
B0HJ24W7NB: WYBOT B1 Cordless Robotic Pool Vacuum Pool Cleaner Robot for Inground  | $379.99 | 4.3 out of 5 stars | (156)
B0F1FQ92TN: WYBOT S2 Vision AI Camera Cordless Pool Cleaners for Inground Pools, 8 | $899.99 | 4.2 out of 5 stars | (42)
B0GSFYLQQQ: ECOVACS Ultramarine P1 Pool Cleaner Robot with Accessory Kit | $499.99 | 3.7 out of 5 stars | (213)
B0DDSYRZVY: Chasing Hydro 4 Cordless Pool Vacuum for Inground Pools | 210-Min Batt | $299.99 | 4.0 out of 5 stars | (56)
B0C3JNJPZ7: WITHINGS Body Smart - Accurate Scale for Body Weight and Fat Percentag | $129.95 | 4.3 out of 5 stars | (39,748)
B0H6FPSYXM: Etekcity WiFi 8-Electrode Smart Scale for Body Weight and Fat | $169.99 | 4.7 out of 5 stars | (152,540)
B0FCXWLCD2: RENPHO Elis Evo Smart Scale, Wi-Fi & Bluetooth, Rechargeable, Body Fat | $59.99 | 4.6 out of 5 stars | (272)
B0FS764RQ4: WYZE Scale Ultra BodyScan 8-Electrode Smart Scale, Wi-Fi Auto-Sync | $119.98 | 4.6 out of 5 stars | (24,901)
B0GYP37RZW: RENPHO Smart Scale with Large Handle Display, Wi-Fi & Wireless Connect | $159.99 | 4.4 out of 5 stars | (1,729)
B0DHTYQ4KJ: Wyze Scale Ultra Smart Scale for Body Weight, BMI & Muscle Mass | $49.98 | 4.4 out of 5 stars | (1,557)
B0H2Z199N8: arboleaf Smart Scale for Body Weight, Dual-Frequency 8-Electrode BIA | $119.99 | 4.7 out of 5 stars | (18,257)
B09HCJD6H1: Etekcity Smart Scale for Body Weight and Fat, BMI, FSA Eligible, Black | $79.99 | 4.7 out of 5 stars | (349,711)
B0D96373RS: GE Smart Scale for Body Weight: Full Body Composition Analyzer, 50+ Me | $69.99 | 4.3 out of 5 stars | (5,099)
B0FJFL8KP4: RENPHO Smart Scale for Body Weight, TFT Handle Display, Rechargeable | $199.99 | 4.5 out of 5 stars | (32,841)
B0H5K6943N: Arboleaf Body Fat Scale for Body Weight, 8-Electrode Body Composition, | $129.99 | 4.7 out of 5 stars | (7,989)
B0HFWYPR7Z: GE Smart Scale for Body Fat with BMI Muscle Mass: 5.3-inch Handle Disp | $119.99 | 4.6 out of 5 stars | (128)
B0FKH3PQT1: SwitchBot Smart Automatic Curtain Opener 2 Pack with Hub Mini - WiFi R | $199.99 | 4.3 out of 5 stars | (51)
B0FT3DBVJX: SwitchBot Smart Automatic Curtain Opener 2 Packs with Hub3 - Bluetooth | $249.99 | 4.5 out of 5 stars | (14)
Traceback (most recent call last):
  File "C:\Users\ajach\OneDrive\Desktop\CC\outputs\themis-reviews\research\amz.py", line 117, in <module>
    asyncio.run(run(sys.argv[1], sys.argv[2], sys.argv[3:]))
    ~~~~~~~~~~~^^^^^^^^^^^^^^^^^^^^^^^^^^^^^^^^^^^^^^^^^^^^^
  File "C:\Users\ajach\AppData\Local\Python\pythoncore-3.14-64\Lib\asyncio\runners.py", line 205, in run
    return runner.run(main)
           ~~~~~~~~~~^^^^^^
  File "C:\Users\ajach\AppData\Local\Python\pythoncore-3.14-64\Lib\asyncio\runners.py", line 128, in run
    return self._loop.run_until_complete(task)
           ~~~~~~~~~~~~~~~~~~~~~~~~~~~~~^^^^^^
  File "C:\Users\ajach\AppData\Local\Python\pythoncore-3.14-64\Lib\asyncio\base_events.py", line 719, in run_until_complete
    return future.result()
           ~~~~~~~~~~~~~^^
  File "C:\Users\ajach\OneDrive\Desktop\CC\outputs\themis-reviews\research\amz.py", line 109, in run
    json.dump(res, open(out, "w", encoding="utf-8"), indent=1, ensure_ascii=False)
                   ~~~~^^^^^^^^^^^^^^^^^^^^^^^^^^^^
OSError: [Errno 22] Invalid argument: 'prod-b12a.json'
pass 1 missing 46
