B0BW171KP3: Zooz 800 Series Z-Wave Long Range S2 USB Stick ZST39 LR, Great for DIY | $39.95 | 4.6 out of 5 stars | (619)
B0G8JKPMV7: SONOFF Z-Wave 800 Dongle Plus (Dongle-PZG23), USB Stick with EFR32ZG23 | $39.90 | 4.6 out of 5 stars | (176)
B094NW5B68: Aeotec Z-Stick 7 Plus, Zwave Plus USB to Create Z-Wave hub, Gateway Co | $39.99 | 4.5 out of 5 stars | (256)
B0D29Y1L5H: HomeSeer Z-Wave USB Interface/Radio/Dongle (SmartStick G8), 800 Series | $39.95 | 4.4 out of 5 stars | (97)
B0FL858V4Q: Home Assistant Connect ZWA-2 | Connect Z-Wave Devices to Home Assistan | $79.00 | 4.6 out of 5 stars | (250)
B0DV9RFSR9: Z-Stick 10 Pro - Zigbee 3.0 & Z-Wave 800 Series USB Adapter - Works wi | $59.99 | 4.5 out of 5 stars | (182)
B0CR4G1G8M: Hubitat Elevation C-8 Pro Smart Home Hub - Z-Wave Zigbee Matter | $194.95 | 3.8 out of 5 stars | (376)
B08TWDNQ5Q: Aeotec Smart Home Hub, Works as a SmartThings Hub, Z-Wave, Zigbee, Mat | $159.99 | 4.2 out of 5 stars | (2,139)
B0G52DX5M3: Homey Pro (2026) | Smart Hub for Home Automation – Features Z-Wave Plu | $449.00 | 3.6 out of 5 stars | (49)
B0H5QKDKN2: SONOFF Z-Wave 800 PoE Dongle Max (Dongle-MZG23) | $44.90 | 4.5 out of 5 stars | (26)
B094VTQQCR: Aeotec Z-Stick 7 | Z-Wave Plus V2 | ZWA010 | 700 Series | $54.69 | 4.6 out of 5 stars | (316)
B0DVVFLCMZ: HomeSeer Smart Home Hub (HomeTroller Pi G8), Locally Managed Automatio | $159.95 | 3.1 out of 5 stars | (10)
B08F9S5NT4: Homey Bridge | Smart Home Hub for Home Automation. Features Z-Wave Plu | $68.99 | 3.4 out of 5 stars | (118)
B0FR8MQN4Q: DEWENWILS 800 Z-Wave Dongle, Long Range USB Stick, Compatible with Hom | $32.99 | 3.9 out of 5 stars | (17)
B0932VR1BC: AEOTEC ZW090-C(Plus Version) Z-Stick Gen5 Plus, Z-wave Plus USB to Cre | $58.71 | 4.7 out of 5 stars | (95)
B09KXTCMSC: SONOFF Zigbee 3.0 USB Dongle Plus Gateway, Universal Zigbee USB Gatewa | $33.47 | 4.6 out of 5 stars | (5,679)
B0B6P22YJC: Sonoff Zigbee USB Dongle Plus-ZBDongle-E 3.0 External Antenna Interfac | $24.90 | 4.7 out of 5 stars | (3,739)
B0FMJD288B: SONOFF Zigbee 3.0 USB Dongle Plus MG24, Zigbee Gateway with EFR32MG24, | $35.90 | 4.6 out of 5 stars | (692)
B0G2LTBM1M: SONOFF Zigbee 3.0 & Thread Dongle Lite (EFR32MG21) | USB Stick Coordin | $24.90 | 4.5 out of 5 stars | (454)
B0FMJH4DPN: SONOFF Zigbee/Thread PoE Dongle Max | Dongle-M | $42.90 | 4.3 out of 5 stars | (617)
B0D737SJ5G: SMLIGHT SLZB-07 Zigbee 3.0 Coordinator Thread/Matter Mini USB Adapter  | $34.99 | 4.4 out of 5 stars | (133)
B0H5HYZ3LP: SONOFF Zigbee USB Dongle Plus CC2674P10(Dongle-PP10) | $35.90 | 4.6 out of 5 stars | (99)
B09ZQQZSQZ: SONOFF Zigbee Bridge Pro Hub, ZigBee 3.0 Smart Gateway, APP Control an | $24.90 | 3.8 out of 5 stars | (2,597)
B0H7BQVT8F: SONOFF Bridge Max Smart Home Hub (Bridge-M) | $59.90 | 4.6 out of 5 stars | (46)
B0C2HPM863: THIRDREALITY Smart Hub Gen2 Plus, ZigBee 3.0 standard, Smart Home gate | $23.99 | 3.6 out of 5 stars | (81)
B0DWK8318H: Aqara Smart Hub M100 for Home Automation, Matter Controller, Wi-Fi | $29.99 | 3.9 out of 5 stars | (996)
B0CWLHSKYC: Aqara Smart Home Hub M3 for Advanced Automation, Matter Controller, IR | $139.99 | 4.1 out of 5 stars | (1,682)
B016H0QZ7I: Philips Hue Bridge, Unlock the Full Potential of Hue Bridge System, Mu | $55.99 | 4.5 out of 5 stars | (11,419)
B0D2D89SFQ: Smart Multi-Mode Gateway: ZigBee 3.0 & Bluetooth & Mesh Hub, App Remot | $27.39 | 4.0 out of 5 stars | (336)
B0FQ712KM8: Zigbee 3.0 USB Dongle-P Plus Gateway, TI CC2652P+CP2102N Dual-Chip, Un | $28.99 | 4.3 out of 5 stars | (32)
B0FK5DV16J: SMLIGHT SLZB-06 MG26U(2026 Model) Zigbee 3.0 to Ethernet,USB,and WiFi  | $84.99 | 3.4 out of 5 stars | (7)
B0DJNKTCFY: Tuya Smart Multi-Mode Gateway, Zigbee 3.0, BLE, Bluetooth Mesh, Smart  | $35.99 | 3.4 out of 5 stars | (20)
B0BCR7M9KX: attempt 1 failed (Echo Hub | Page.wait_for_selector: Timeout 20000ms exceeded.), backing off
Traceback (most recent call last):
  File "C:\Users\ajach\OneDrive\Desktop\CC\outputs\themis-reviews\research\amz.py", line 94, in <module>
    asyncio.run(run(sys.argv[1], sys.argv[2], sys.argv[3:]))
    ~~~~~~~~~~~^^^^^^^^^^^^^^^^^^^^^^^^^^^^^^^^^^^^^^^^^^^^^
  File "C:\Users\ajach\AppData\Local\Python\pythoncore-3.14-64\Lib\asyncio\runners.py", line 205, in run
    return runner.run(main)
           ~~~~~~~~~~^^^^^^
  File "C:\Users\ajach\AppData\Local\Python\pythoncore-3.14-64\Lib\asyncio\runners.py", line 128, in run
    return self._loop.run_until_complete(task)
           ~~~~~~~~~~~~~~~~~~~~~~~~~~~~~^^^^^^
  File "C:\Users\ajach\AppData\Local\Python\pythoncore-3.14-64\Lib\asyncio\base_events.py", line 719, in run_until_complete
    return future.result()
           ~~~~~~~~~~~~~^^
  File "C:\Users\ajach\OneDrive\Desktop\CC\outputs\themis-reviews\research\amz.py", line 83, in run
    await pg.goto("https://www.amazon.com/", wait_until="commit"); await pg.wait_for_timeout(4000)
    ^^^^^^^^^^^^^^^^^^^^^^^^^^^^^^^^^^^^^^^^^^^^^^^^^^^^^^^^^^^^^
  File "C:\Users\ajach\AppData\Roaming\Python\Python314\site-packages\playwright\async_api\_generated.py", line 9869, in goto
    await self._impl_obj.goto(
    ...<4 lines>...
    )
  File "C:\Users\ajach\AppData\Roaming\Python\Python314\site-packages\playwright\_impl\_page.py", line 560, in goto
    return await self._main_frame.goto(**locals_to_params(locals()))
           ^^^^^^^^^^^^^^^^^^^^^^^^^^^^^^^^^^^^^^^^^^^^^^^^^^^^^^^^^
  File "C:\Users\ajach\AppData\Roaming\Python\Python314\site-packages\playwright\_impl\_frame.py", line 156, in goto
    await self._channel.send(
        "goto", self._navigation_timeout, locals_to_params(locals())
    )
  File "C:\Users\ajach\AppData\Roaming\Python\Python314\site-packages\playwright\_impl\_connection.py", line 76, in send
    return await self._connection.wrap_api_call(
           ^^^^^^^^^^^^^^^^^^^^^^^^^^^^^^^^^^^^^
    ...<3 lines>...
    )
    ^
  File "C:\Users\ajach\AppData\Roaming\Python\Python314\site-packages\playwright\_impl\_connection.py", line 632, in wrap_api_call
    raise rewrite_error(error, f"{parsed_st['apiName']}: {error}") from None
playwright._impl._errors.TimeoutError: Page.goto: Timeout 45000ms exceeded.
Call log:
  - navigating to "https://www.amazon.com/", waiting until "commit"

