B0D14WP9TB: Govee Permanent Outdoor Lights 2, 100ft RGBIC Outdoor Lights with 100  | $189.99 | 4.5 out of 5 stars | (3,061)
B0DX1WPB9J: Govee Permanent Outdoor Lights Pro, 200ft with 120 RGBIC LED Lights, W | $479.99 | 4.4 out of 5 stars | (2,347)
B0D4DW6BXC: eufy Permanent Outdoor Lights E22, 100ft with 60 Triple-LED Lights | $229.99 | 4.4 out of 5 stars | (995)
B0CZY49ZTL: Enbrighten Eternity Permanent Outdoor Lights, 100ft, 72 Lights | $249.99 | 4.5 out of 5 stars | (198)
B0F1XGYD3W: Linkind Permanent Outdoor Lights for House HP5, 100ft RGBTW Eave Light | $149.99 | 4.5 out of 5 stars | (232)
B0H9KBLNVD: Permanent Outdoor Lights for House 100ft RGB+IC Smart Outdoor Decor | $75.69 | 4.3 out of 5 stars | (7,656)
B0HBQJRH8G: Permanent Outdoor Lights 150ft RGB+IC Outdoor String Lights App&Voice  | $125.99 | 4.6 out of 5 stars | (2,593)
B0FKGH55C7: ASAHOM Permanent Outdoor Lights S107B, 100FT with 72 RGBCW LEDs, Black | $229.99 | 4.5 out of 5 stars | (480)
B088K4QSRV: Govee Smart Outdoor String Lights H7015, 48ft RGBIC, IP65, 47 Scene Mo | $44.99 | 4.2 out of 5 stars | (3,936)
B0CT4ZR4Y9: Govee Smart Outdoor String Lights 2, 144ft RGBIC Patio Lights with 45  | $119.99 | 4.1 out of 5 stars | (1,887)
B0F21SVF9R: Govee S14 Bulb Outdoor String Lights 2, 96ft RGBICWW, 30 LED Bulbs, IP | $69.99 | 4.2 out of 5 stars | (1,310)
B093DFSHN8: XMCOSY+ Patio Lights, Smart 50Ft Outdoor String Lights with 25 G40 Bul | $39.99 | 4.4 out of 5 stars | (2,294)
B0DT7LMJJN: Cync GE Dynamic Effects Smart Cafe Lights, Color Changing Patio String | $48.99 | 4.4 out of 5 stars | (189)
B0DDTRM7DJ: eufy Security Floodlight Camera E30, 2K, AI Detection & Tracking, Outd | $119.99 | 4.4 out of 5 stars | (1,006)
B0C9W1K5Y8: WYZE Floodlight Camera v2, 2K HD Outdoor Security Camera with 2800 Lum | $79.99 | 4.2 out of 5 stars | (3,010)
B0GHR3WVT1: REOLINK Elite Floodlight WiFi 4K 8MP 180° Panoramic Wired Floodlight C | $289.99 | 4.0 out of 5 stars | (504)
B0B5VLCL1N: Blink Wired Floodlight Camera, Smart security camera, 2600 lumens, HD  | $99.99 | 4.2 out of 5 stars | (13,868)
B08F6GPQQ7: Ring Floodlight Cam Wired Plus, Outdoor Home or Business Security with | $179.99 | 4.7 out of 5 stars | (44,289)
B0B9TTCVS8: WYZE Floodlight Camera Pro, 2.5K HD Outdoor Security Camera 3000-Lumen | $112.88 | 4.2 out of 5 stars | (1,936)
B0D2KGVQGP: Tapo 2K+ Outdoor Wired Floodlight Security Camera, C720, 2800LM | $119.99 | 4.4 out of 5 stars | (441)
B0FQ1ZGF98: Tapo 2K Outdoor Pan/Tilt Wireless Floodlight Security Camera, C615F KI | $99.99 | 4.4 out of 5 stars | (606)
B0DB6LX5SW: Arlo Wired Floodlight Security Camera 2K HDR - 1-Cam | $75.99 | 4.3 out of 5 stars | (417)
B0F7XHV4DZ: REOLINK 4K 8MP 180° Panoramic Floodlight Camera, Adjustable 3000 Lumen | $269.99 | 4.0 out of 5 stars | (504)
B0GVSSP9JC: REOLINK Solar Floodlight Security Cameras Wireless Outdoor, Up to 1000 | $229.99 | 4.1 out of 5 stars | (408)
B0D827MFB4: Feit Electric Floodlight Camera, 5000 Lumens, 1080p HD, SEC5000/CAM/WI | $99.50 | 3.8 out of 5 stars | (339)
B099KLNM24: Kasa Outdoor Smart Plug KP401, Smart Home Wi-Fi Outlet Timer | $12.99 | 4.5 out of 5 stars | (6,884)
B091FXH2FR: Kasa Outdoor Smart Plug, Smart Home Wi-Fi Outlet with 2 Sockets, EP40 | $22.99 | 4.6 out of 5 stars | (17,506)
B07JQSX11M: BN-LINK Outdoor Smart Wi-Fi Plug,Heavy Duty 3 Grounded Outlet Timer,2. | $21.99 | 4.3 out of 5 stars | (13,773)
B094YHJJVG: Amazon Basics Outdoor Smart Plug with 2 Individually Controlled Outlet | $23.99 | 4.5 out of 5 stars | (3,780)
B08HQ2N235: meross Outdoor Smart Plug Work with HomeKit, Alexa, Google and SmartTh | $25.99 | 4.4 out of 5 stars | (3,956)
B08BFGRY9C: meross Outdoor Smart Plug, 3 Independent Sockets, Apple HomeKit Compat | $27.89 | 4.4 out of 5 stars | (4,762)
B08NXY7WWX: Wyze Plug Outdoor, Dual Outlets Energy Monitoring, IP64, 2.4GHz WiFi S | $36.97 | 4.5 out of 5 stars | (3,686)
B0BFWMQTZ7: ELEGRP PQR20 Outdoor Smart Plug Waterproof IP66, WiFi Plug with 2 Indi | $26.99 | 4.4 out of 5 stars | (824)
B0CDYPNS5K: Leviton Decora Smart Wi-Fi Weather-Resistant Outdoor Plug, D215O-1RE,  | $59.99 | 4.5 out of 5 stars | (175)
B08D4RQR1T: HBN Smart Outdoor Power Stake Timer, 6 Outlets, WiFi Voice Control | $28.49 | 4.2 out of 5 stars | (1,614)
B07SQB5PKQ: Geeni Outdoor Duo Wi-Fi Smart Plug, Weatherproof Dual Socket, Wireless | $18.80 | 4.4 out of 5 stars | (3,703)
B0DHL1XJ22: EIGHTREE Outdoor Smart Plug, Timer Outlet with 2 Independent Outlets,  | $17.98 | 4.4 out of 5 stars | (613)
B09DT173R1: Kasa Outdoor Smart Dimmer Plug, IP64 Plug- in Dimmer for Outdoor Strin | $22.99 | 4.3 out of 5 stars | (5,849)
B0CVN3CNCD: Tapo Matter Outdoor Smart Plug, 2 Individual Outlets, P400M | $25.99 | 4.5 out of 5 stars | (1,091)
B0CVMXZMDM: Kasa Matter Smart Outdoor Plug, Dual Outlet, EP40M, No Hub Required | $29.99 | 4.6 out of 5 stars | (384)
B0814RVFJC: Minoston Outdoor Smart Plug, Matter Smart Plug, Smart Home Wi-Fi Outle | $31.48 | 4.3 out of 5 stars | (762)
B07X52W1J8: Minoston Matter Outdoor Smart Plug WiFi Heavy Duty Plug-in Outlet IP65 | $18.99 | 4.3 out of 5 stars | (3,842)
B0H2VW2J1P: Linkind Matter Outdoor Smart Plug, Works with Alexa, Apple Home,Google | $22.98 | 4.9 out of 5 stars | (21)
B0F5M2S8VJ: Tapo Outdoor Smart Dimmer Plug for Outdoor Lights, Matter, P430M | $23.99 | 4.3 out of 5 stars | (110)
B0GTZWZTMK: Enbrighten Matter Outdoor Smart Plug, 2 Individual Grounded Outlets, B | $25.99 | 4.7 out of 5 stars | (46)
B0HC79KN8J: Onvis Outdoor Smart Plug, Matter Over Thread, Energy Monitoring, IP65 | $35.99 | 4.1 out of 5 stars | (7)
B0GV124HC3: Enbrighten Matter Outdoor Smart Plug Yard Stake, 6 Grounded Outlets, G | $29.99 | 4.3 out of 5 stars | (22)
B0CP83JY1M: Legrand Radiant Wi-Fi Matter 15 Amp Smart Dual Outdoor Plug, Black, 1  | $26.25 | 3.8 out of 5 stars | (69)
B07G95FFN3: Kasa Smart Plug Power Strip HS300, Smart Outlet, No Hub Required | $49.99 | 4.6 out of 5 stars | (9,448)
B083JKSSR5: kasa smart Plug Power Strip KP303, Surge Protector with 3 Individually | $24.98 | 4.6 out of 5 stars | (16,497)
B0CP4D62RX: Geeni Surge Ultra Smart 8-Outlet Surge Protector, No Hub, 6 ft. Cord,  | $39.99 | 4.4 out of 5 stars | (533)
B0C453CLSY: Amazon Basics Smart Plug Power Strip with 6 Individually Controlled Ou | $39.99 | 4.3 out of 5 stars | (681)
B0F5LNYTR7: Tapo Smart Wi-Fi Power Strip, Matter, P316M, Energy Monitoring | $39.99 | 4.5 out of 5 stars | (345)
B0DZWLRKGW: Smart Power Strip, Yozisital Charging Station with 6 Smart Outlets and | $34.99 | 4.4 out of 5 stars | (361)
B07DB3W915: Geeni Smart Surge Protector Power Strip with 6 Wi-Fi Outlets, 3 ft. Co | $24.99 | 4.1 out of 5 stars | (2,464)
B0B5G6MDQ6: POWSAV 6 Ft WiFi Surge Protector - 8 Outlet Extension Cord with 4 Smar | $26.97 | 4.4 out of 5 stars | (704)
B097NJ8Y4N: BN LINK Smart Plug Power Strip，Surge Protector with 6 Individually Con | $42.99 | 4.0 out of 5 stars | (620)
B0D4R8RYXL: Geeni Smart Plug Power Strip, 6 Outlets & 2 USB Ports, Surge, 6 ft., B | $34.99 | 4.4 out of 5 stars | (147)
B0CYGSFFFW: Tapo Smart Plug Outlet Extender, P306, 3 Individual Smart Outlets | $39.99 | 4.5 out of 5 stars | (643)
B0B9WQL3FD: GHome Smart Plug Outlet Extender, USB Wall Charger with 3 Individual S | $34.99 | 4.4 out of 5 stars | (1,713)
B0BT93MJ4G: GoveeLife Smart Humidifiers for Bedroom, 3L Top Fill Cool Mist Humidif | $31.99 | 4.2 out of 5 stars | (3,580)
B0CCVX6FSD: DREO Smart Humidifiers for Bedroom, 4L Cool Mist Humidifier | $49.99 | 4.4 out of 5 stars | (12,139)
B0C2GKJ9RT: Levoit 3L Dual 200S Smart Humidifiers for Bedroom, Top Fill, Quiet, Bl | $49.99 | 4.4 out of 5 stars | (63,981)
B0CB4CK3ZS: DREO 6L Smart Humidifiers for Bedroom, Warm & Cool Mist for Large Room | $79.93 | 4.3 out of 5 stars | (5,679)
B0GR99R7XD: Levoit Humidifiers for Bedroom Large Room, 6.2L Tank, Smart App, Quiet | $79.99 | 4.4 out of 5 stars | (33,360)
B0DHRD584W: GoveeLife Smart Humidifiers for Bedroom Large Room, 6L Top Fill Humidi | $79.99 | 4.5 out of 5 stars | (570)
B095KGXPW5: Levoit LV600S Smart Warm&Cool Mist Humidifiers for Home Bedroom Large  | $109.00 | 4.3 out of 5 stars | (6,814)
B0DT48R3BR: DREO 8L Smart Humidifier Large Room, 80H Runtime, Warm & Cool Mist, HM | $99.94 | 4.4 out of 5 stars | (950)
B0GR9DHR8W: Levoit Evaporative Humidifiers for Bedroom, 19dB, Superior Studio Smar | $139.99 | 4.3 out of 5 stars | (294)
B0CSZ3BQW9: GoveeLife 7L Smart Humidifier for Bedroom, Warm & Cool Mist for Large  | $89.99 | 4.4 out of 5 stars | (344)
B0DJV658NX: VIVOSUN AeroStream H09 Intelligent Wi-Fi Humidifier, 2.38 Gal / 9 L Hu | $99.99 | 4.2 out of 5 stars | (1,258)
B0GZWKMDLF: DREO 11L Smart Humidifier Large Room 700 ft², 100H Runtime, 21dB Quiet | $99.98 | 4.4 out of 5 stars | (92)
B0BR7RHQB9: GoveeLife Dehumidifier for Home 4,500ft², 50 to 137 Pints, 2.0Gal Buck | $229.99 | 4.0 out of 5 stars | (1,588)
B0GXYD5JBY: DREO Energy Star 2025 Smart Dehumidifier for Basement, 1.85 Gal Water  | $199.96 | 4.3 out of 5 stars | (249)
B07NRDBBH5: Midea 22 Pint Dehumidifier for Basement, 1,500 Sq. Ft, Energy star | $194.99 | 4.4 out of 5 stars | (7,197)
