todo 89
B07D37FKGY: Aqara Zigbee Temperature and Humidity Sensor 1 Pack, Thermometer Hygro | $18.98 | 4.2 out of 5 stars | (5,629)
B0BYZP8NK2: SONOFF Zigbee Indoor Temperature Humidity Sensor, SNZB-02D LCD Zigbee  | $15.90 | 4.2 out of 5 stars | (3,334)
B0CLLVHGWN: SONOFF SNZB-02P Zigbee Temperature Humidity Sensor, Indoor Thermometer | $16.90 | 3.9 out of 5 stars | (1,591)
B0D2NVJTS3: THIRDREALITY Zigbee Temperature and Humidity Sensor Lite,Smart Thermom | $19.99 | 4.3 out of 5 stars | (496)
B0BF9W3WMK: THIRDREALITY Zigbee Temperature and Humidity Sensor with Digital LCD D | $24.99 | 4.3 out of 5 stars | (455)
B0G56QWSSZ: SONOFF SNZB-02DR2 AirGuard TH, Indoor Smart Zigbee Temperature and Hum | $14.90 | 4.4 out of 5 stars | (639)
B0FCG88WW6: attempt 1 failed (Amazon.com: SONOFF SNZB-02WD IP65 Zigbee LCD Smart Temperatu), backing off
B0FCG88WW6: SONOFF SNZB-02WD IP65 Zigbee LCD Smart Temperature Humidity Sensor, Wa | $19.90 | 4.4 out of 5 stars | (562)
B0HGQXF2W1: SONOFF Zigbee Thermometer Hygrometer SNZB-02UL with 2.9" E-Ink Display | $24.90 | 4.9 out of 5 stars | (38)
B0H5Q5C76J: SONOFF SNZB-02M AirGuard TH Pressure Zigbee Temperature Humidity Senso | $19.90 | 4.2 out of 5 stars | (203)
B0DWSK5H33: Aqara Thread/Zigbee Smart Climate Sensor W100, Wireless Remote HVAC Co | $35.99 | 3.8 out of 5 stars | (141)
B0H4QJQFKM: SONOFF SNZB-02B AirGuard TH Lite Zigbee Temperature Humidity Sensor, T | $35.90 | 3.9 out of 5 stars | (174)
B0FCG8N5NC: SONOFF SNZB-02LD Zigbee Waterproof Temperature Sensor with 1.5M Stainl | $19.90 | 4.1 out of 5 stars | (1,005)
B0FSKHSLB8: Zigbee Temperature and Humidity Sensor, Wireless Thermometer for Home  | $12.99 | 4.4 out of 5 stars | (12)
B0GTHZWDHV: Zigbee Temperature and Humidity Sensor, Hub Required, 4-Pack | $38.68 | 3.0 out of 5 stars | (6)
B0B3G9Z4LJ: Zooz 800 Series Z-Wave Long Range Temperature | Humidity XS Sensor ZSE | $44.95 | 4.0 out of 5 stars | (131)
B0987MNJZ1: Aeotec aërQ Temperature, Humidity, Dew Point Sensor - Wireless, Batter | $30.99 | 3.5 out of 5 stars | (173)
B09MWM5DWB: Trane Parts OEM Trane ZSENS930AW00MA Z-Wave Temperature and Humidity S | $91.00 | 4.0 out of 5 stars | (27)
B0FPGRQ7BL: Ring Temperature & Humidity Sensor, monitor mold risk & indoor climate | $24.99 | 3.9 out of 5 stars | (89)
B0D47WR1S2: Aeotec TriSensor 8, 800 Series Zwave Motion Sensor, Temperature, Light | $39.99 | 3.6 out of 5 stars | (38)
B0872ZWV8X: Govee WiFi Thermometer Hygrometer H5179 with App Notification Alert | $33.99 | 4.3 out of 5 stars | (7,874)
B0B5KF2J34: Govee WiFi Thermometer Hygrometer H5103 with Electronic Ink Display | $39.99 | 4.2 out of 5 stars | (1,945)
B0DQ88P15G: GoveeLife 2.0 WiFi Hygrometer Thermometer with Gateway, Mini Sensor 3- | $49.99 | 4.3 out of 5 stars | (748)
B0GTV1R5JY: GoveeLife WiFi Thermometer Hygrometer 5-in-1, Large LCD 3-Pack with Ga | $89.99 | 4.6 out of 5 stars | (136)
B01HH7YD2Y: attempt 1 failed ( | Page.wait_for_selector: Timeout 20000ms exceeded.
Call lo), backing off
B01HH7YD2Y: Temp Stick Remote WiFi Temperature & Humidity Sensor, Data Logger. No  | $149.00 | 4.4 out of 5 stars | (3,957)
B0G7VC5D3F: X-Sense Smart Wi-Fi Temperature and Humidity Monitor, 3 Sensors & Base | $36.09 | 4.5 out of 5 stars | (565)
B0CCP6HLN5: attempt 1 failed (Amazon.com: SwitchBot Wi-Fi Humidity Sensor 4 Pack with Hub ), backing off
B0CCP6HLN5: attempt 2 failed (Amazon.com: SwitchBot Wi-Fi Humidity Sensor 4 Pack with Hub ), backing off
B0CCP6HLN5: NO TITLE | None | None | None
B0CZ8ZSP67: attempt 1 failed (Amazon.com: MOCREO WiFi Freezer Thermometer Alarm with Digit), backing off
B0CZ8ZSP67: MOCREO WiFi Freezer Thermometer Alarm with Digital Monitor Hub, App an | $69.99 | 4.5 out of 5 stars | (500)
B0F245PNYH: YoLink Freezer Thermometer Hygrometer Kit: 3-Pack + Hub | $69.99 | 4.7 out of 5 stars | (887)
B0B58VSJDG: WiFi Temperature Humidity Sensor: Indoor Thermometer Hygrometer with A | $12.99 | 3.8 out of 5 stars | (794)
B0GSFD558N: eMylo WiFi Temperature Humidity Sensor with 100dB Siren Alarm, App Ale | $14.99 | 2.8 out of 5 stars | (3)
B0971SJGW1: Thermote Wireless Remote Temperature Sensor. WiFi Thermometer Temperat | $138.00 | 4.0 out of 5 stars | (95)
B07Y36FWTT: attempt 1 failed (Amazon.com: Govee Indoor Hygrometer Thermometer H5075 with B), backing off
B07Y36FWTT: Govee Indoor Hygrometer Thermometer H5075 with Bluetooth App Control | $11.69 | 4.5 out of 5 stars | (48,457)
B07R586J37: Govee Smart Bluetooth Thermometer Hygrometer H5074, Mini Humidity Sens | $13.99 | 4.3 out of 5 stars | (13,308)
B09DPCW47P: attempt 1 failed (Amazon.com: Govee Hygrometer Thermometer 3 Pack H5100, Mini ), backing off
B09DPCW47P: attempt 2 failed (Amazon.com: Govee Hygrometer Thermometer 3 Pack H5100, Mini ), backing off
B09DPCW47P: NO TITLE | None | None | None
B0BVZC9Q31: attempt 1 failed (Amazon.com: SwitchBot IP65 Indoor Outdoor Hygrometer Thermom), backing off
Traceback (most recent call last):
  File "C:\Users\ajach\OneDrive\Desktop\CC\outputs\themis-reviews\research\amz.py", line 94, in <module>
    asyncio.run(run(sys.argv[1], sys.argv[2], sys.argv[3:]))
    ~~~~~~~~~~~^^^^^^^^^^^^^^^^^^^^^^^^^^^^^^^^^^^^^^^^^^^^^
  File "C:\Users\ajach\AppData\Local\Python\pythoncore-3.14-64\Lib\asyncio\runners.py", line 205, in run
    return runner.run(main)
           ~~~~~~~~~~^^^^^^
  File "C:\Users\ajach\AppData\Local\Python\pythoncore-3.14-64\Lib\asyncio\runners.py", line 128, in run
    return self._loop.run_until_complete(task)
           ~~~~~~~~~~~~~~~~~~~~~~~~~~~~~^^^^^^
  File "C:\Users\ajach\AppData\Local\Python\pythoncore-3.14-64\Lib\asyncio\base_events.py", line 719, in run_until_complete
    return future.result()
           ~~~~~~~~~~~~~^^
  File "C:\Users\ajach\OneDrive\Desktop\CC\outputs\themis-reviews\research\amz.py", line 83, in run
    await pg.goto("https://www.amazon.com/", wait_until="commit"); await pg.wait_for_timeout(4000)
    ^^^^^^^^^^^^^^^^^^^^^^^^^^^^^^^^^^^^^^^^^^^^^^^^^^^^^^^^^^^^^
  File "C:\Users\ajach\AppData\Roaming\Python\Python314\site-packages\playwright\async_api\_generated.py", line 9869, in goto
    await self._impl_obj.goto(
    ...<4 lines>...
    )
  File "C:\Users\ajach\AppData\Roaming\Python\Python314\site-packages\playwright\_impl\_page.py", line 560, in goto
    return await self._main_frame.goto(**locals_to_params(locals()))
           ^^^^^^^^^^^^^^^^^^^^^^^^^^^^^^^^^^^^^^^^^^^^^^^^^^^^^^^^^
  File "C:\Users\ajach\AppData\Roaming\Python\Python314\site-packages\playwright\_impl\_frame.py", line 156, in goto
    await self._channel.send(
        "goto", self._navigation_timeout, locals_to_params(locals())
    )
  File "C:\Users\ajach\AppData\Roaming\Python\Python314\site-packages\playwright\_impl\_connection.py", line 76, in send
    return await self._connection.wrap_api_call(
           ^^^^^^^^^^^^^^^^^^^^^^^^^^^^^^^^^^^^^
    ...<3 lines>...
    )
    ^
  File "C:\Users\ajach\AppData\Roaming\Python\Python314\site-packages\playwright\_impl\_connection.py", line 632, in wrap_api_call
    raise rewrite_error(error, f"{parsed_st['apiName']}: {error}") from None
playwright._impl._errors.TimeoutError: Page.goto: Timeout 45000ms exceeded.
Call log:
  - navigating to "https://www.amazon.com/", waiting until "commit"

todo 57
B0CCP6HLN5: SwitchBot Wi-Fi Humidity Sensor 4 Pack with Hub 2 (Matter Enabled), IP | $88.39 | 4.2 out of 5 stars | (10,109)
B09DPCW47P: Govee Hygrometer Thermometer 3 Pack H5100, Mini Bluetooth Humidity Sen | $31.99 | 4.4 out of 5 stars | (1,052)
B0BVZC9Q31: attempt 1 failed (Amazon.com: SwitchBot IP65 Indoor Outdoor Hygrometer Thermom), backing off
B0BVZC9Q31: SwitchBot IP65 Indoor Outdoor Hygrometer Thermometer Wireless 3Packs,  | $31.59 | 4.2 out of 5 stars | (10,109)
B0DFWJSYLM: TempPro TempAir Bluetooth Thermometer Hygrometer, 260 ft Temperature S | $12.99 | 4.3 out of 5 stars | (917)
B0CQLD3TXR: TempPro TempAir Bluetooth Hygrometer Thermometer for Greenhouse Up to  | $14.99 | 4.3 out of 5 stars | (1,779)
B01H3669T4: attempt 1 failed (Elitech GSP-6 Dual Probe Bluetooth Temperature Humidity Data), backing off
B01H3669T4: Elitech GSP-6 Dual Probe Bluetooth Temperature Humidity Data Logger | $38.99 | 4.1 out of 5 stars | (388)
B07TK22DQQ: Wireless Temperature and Humidity Sensor - Developed in The USA - 24/7 | $64.95 | 4.3 out of 5 stars | (1,054)
B08PKVRJJX: SensorPush HTP.xw Temperature, Humidity & Barometric Pressure, Bluetoo | $89.99 | 4.5 out of 5 stars | (1,006)
B08PKWPKM2: SensorPush HT.w Temperature & Humidity Sensor, Water Resistant, Blueto | $69.99 | 4.6 out of 5 stars | (1,672)
B07X9ZSCD8: Inkbird Instant Read Thermometer IHT-1P | $23.41 | 4.7 out of 5 stars | (8,601)
B0774BGBHS: Inkbird Thermometer and Hygrometer Smart Sensor Data Logger with Water | $29.99 | 4.1 out of 5 stars | (610)
B07DQNFJVL: attempt 1 failed ( | Page.wait_for_selector: Timeout 20000ms exceeded.
Call lo), backing off
B07DQNFJVL: Inkbird IBS-TH1 Plus Wireless Bluetooth Temperature and Humidity Monit | $35.99 | 3.9 out of 5 stars | (348)
B08TM67HJH: Inkbird Smart Thermometer Temperature and Humidity Monitor Hygrometer  | $24.99 | 4.1 out of 5 stars | (100)
B0DRG9PLL1: Elitech Digital Bluetooth Hygrometer Thermometer, Refrigerator Thermom | $23.74 | 3.7 out of 5 stars | (55)
B00T0K8NXC: attempt 1 failed (Amazon.com: AcuRite Wireless Indoor Outdoor Temperature and ), backing off
B00T0K8NXC: attempt 2 failed ( | Page.wait_for_selector: Timeout 20000ms exceeded.
Call lo), backing off
B00T0K8NXC: NO TITLE | None | None | None
B0BLX7RQRG: attempt 1 failed (Loading https://www.amazon.com/dp/B0BLX7RQRG | Page.goto: Ti), backing off
B0BLX7RQRG: attempt 2 failed (Amazon.com: TX141TH-BV4 Wireless Weather-resistant Temperatu), backing off
Traceback (most recent call last):
  File "C:\Users\ajach\OneDrive\Desktop\CC\outputs\themis-reviews\research\amz.py", line 94, in <module>
    asyncio.run(run(sys.argv[1], sys.argv[2], sys.argv[3:]))
    ~~~~~~~~~~~^^^^^^^^^^^^^^^^^^^^^^^^^^^^^^^^^^^^^^^^^^^^^
  File "C:\Users\ajach\AppData\Local\Python\pythoncore-3.14-64\Lib\asyncio\runners.py", line 205, in run
    return runner.run(main)
           ~~~~~~~~~~^^^^^^
  File "C:\Users\ajach\AppData\Local\Python\pythoncore-3.14-64\Lib\asyncio\runners.py", line 128, in run
    return self._loop.run_until_complete(task)
           ~~~~~~~~~~~~~~~~~~~~~~~~~~~~~^^^^^^
  File "C:\Users\ajach\AppData\Local\Python\pythoncore-3.14-64\Lib\asyncio\base_events.py", line 719, in run_until_complete
    return future.result()
           ~~~~~~~~~~~~~^^
  File "C:\Users\ajach\OneDrive\Desktop\CC\outputs\themis-reviews\research\amz.py", line 83, in run
    await pg.goto("https://www.amazon.com/", wait_until="commit"); await pg.wait_for_timeout(4000)
    ^^^^^^^^^^^^^^^^^^^^^^^^^^^^^^^^^^^^^^^^^^^^^^^^^^^^^^^^^^^^^
  File "C:\Users\ajach\AppData\Roaming\Python\Python314\site-packages\playwright\async_api\_generated.py", line 9869, in goto
    await self._impl_obj.goto(
    ...<4 lines>...
    )
  File "C:\Users\ajach\AppData\Roaming\Python\Python314\site-packages\playwright\_impl\_page.py", line 560, in goto
    return await self._main_frame.goto(**locals_to_params(locals()))
           ^^^^^^^^^^^^^^^^^^^^^^^^^^^^^^^^^^^^^^^^^^^^^^^^^^^^^^^^^
  File "C:\Users\ajach\AppData\Roaming\Python\Python314\site-packages\playwright\_impl\_frame.py", line 156, in goto
    await self._channel.send(
        "goto", self._navigation_timeout, locals_to_params(locals())
    )
  File "C:\Users\ajach\AppData\Roaming\Python\Python314\site-packages\playwright\_impl\_connection.py", line 76, in send
    return await self._connection.wrap_api_call(
           ^^^^^^^^^^^^^^^^^^^^^^^^^^^^^^^^^^^^^
    ...<3 lines>...
    )
    ^
  File "C:\Users\ajach\AppData\Roaming\Python\Python314\site-packages\playwright\_impl\_connection.py", line 632, in wrap_api_call
    raise rewrite_error(error, f"{parsed_st['apiName']}: {error}") from None
playwright._impl._errors.TimeoutError: Page.goto: Timeout 45000ms exceeded.
Call log:
  - navigating to "https://www.amazon.com/", waiting until "commit"

todo 43
B00T0K8NXC: AcuRite Wireless Indoor Outdoor Temperature and Humidity Sensor with A | $17.99 | 4.6 out of 5 stars | (12,084)
B0BLX7RQRG: attempt 1 failed (Amazon.com: TX141TH-BV4 Wireless Weather-resistant Temperatu), backing off
B0BLX7RQRG: TX141TH-BV4 Wireless Weather-resistant Temperature/Humidity Sensor | $20.99 | 4.3 out of 5 stars | (2,250)
B01EIBJO76: attempt 1 failed ( | Page.wait_for_selector: Timeout 20000ms exceeded.
Call lo), backing off
B01EIBJO76: attempt 2 failed (Amazon.com: Ambient Weather WS-10-X4 | Wireless Indoor/Outdo), backing off
B01EIBJO76: NO TITLE | None | None | None
B00FX8ZGOO: attempt 1 failed (Amazon.com: Ambient Weather WS-10 | Wireless Indoor/Outdoor ), backing off
B00FX8ZGOO: attempt 2 failed (Amazon.com: Ambient Weather WS-10 | Wireless Indoor/Outdoor ), backing off
B00FX8ZGOO: NO TITLE | None | None | None
B06XKH666P: attempt 1 failed ( | Page.wait_for_selector: Timeout 20000ms exceeded.
Call lo), backing off
B06XKH666P: attempt 2 failed (Amazon.com : TempPro TempAir 500 FT Indoor Outdoor Thermomet), backing off
B06XKH666P: NO TITLE | None | None | None
B09R1TP7HF: attempt 1 failed (Amazon.com: Geevon Indoor Outdoor Thermometer Wireless with ), backing off
B09R1TP7HF: Geevon Indoor Outdoor Thermometer Wireless with 3 Remote Sensors, Digi | $23.99 | 4.3 out of 5 stars | (2,724)
B0DQPT4BP1: attempt 1 failed (Amazon.com: TempPro TempAir 500FT Indoor Outdoor Thermometer), backing off
B0DQPT4BP1: TempPro TempAir 500FT Indoor Outdoor Thermometer Wireless with 3 Senso | $33.99 | 4.3 out of 5 stars | (296)
B0BMTNC9DR: attempt 1 failed (Amazon.com: Geevon TX19 Wireless Remote Outdoor Sensor for 8), backing off
B0BMTNC9DR: attempt 2 failed (Amazon.com: Geevon TX19 Wireless Remote Outdoor Sensor for 8), backing off
Traceback (most recent call last):
  File "C:\Users\ajach\OneDrive\Desktop\CC\outputs\themis-reviews\research\amz.py", line 94, in <module>
    asyncio.run(run(sys.argv[1], sys.argv[2], sys.argv[3:]))
    ~~~~~~~~~~~^^^^^^^^^^^^^^^^^^^^^^^^^^^^^^^^^^^^^^^^^^^^^
  File "C:\Users\ajach\AppData\Local\Python\pythoncore-3.14-64\Lib\asyncio\runners.py", line 205, in run
    return runner.run(main)
           ~~~~~~~~~~^^^^^^
  File "C:\Users\ajach\AppData\Local\Python\pythoncore-3.14-64\Lib\asyncio\runners.py", line 128, in run
    return self._loop.run_until_complete(task)
           ~~~~~~~~~~~~~~~~~~~~~~~~~~~~~^^^^^^
  File "C:\Users\ajach\AppData\Local\Python\pythoncore-3.14-64\Lib\asyncio\base_events.py", line 719, in run_until_complete
    return future.result()
           ~~~~~~~~~~~~~^^
  File "C:\Users\ajach\OneDrive\Desktop\CC\outputs\themis-reviews\research\amz.py", line 83, in run
    await pg.goto("https://www.amazon.com/", wait_until="commit"); await pg.wait_for_timeout(4000)
    ^^^^^^^^^^^^^^^^^^^^^^^^^^^^^^^^^^^^^^^^^^^^^^^^^^^^^^^^^^^^^
  File "C:\Users\ajach\AppData\Roaming\Python\Python314\site-packages\playwright\async_api\_generated.py", line 9869, in goto
    await self._impl_obj.goto(
    ...<4 lines>...
    )
  File "C:\Users\ajach\AppData\Roaming\Python\Python314\site-packages\playwright\_impl\_page.py", line 560, in goto
    return await self._main_frame.goto(**locals_to_params(locals()))
           ^^^^^^^^^^^^^^^^^^^^^^^^^^^^^^^^^^^^^^^^^^^^^^^^^^^^^^^^^
  File "C:\Users\ajach\AppData\Roaming\Python\Python314\site-packages\playwright\_impl\_frame.py", line 156, in goto
    await self._channel.send(
        "goto", self._navigation_timeout, locals_to_params(locals())
    )
  File "C:\Users\ajach\AppData\Roaming\Python\Python314\site-packages\playwright\_impl\_connection.py", line 76, in send
    return await self._connection.wrap_api_call(
           ^^^^^^^^^^^^^^^^^^^^^^^^^^^^^^^^^^^^^
    ...<3 lines>...
    )
    ^
  File "C:\Users\ajach\AppData\Roaming\Python\Python314\site-packages\playwright\_impl\_connection.py", line 632, in wrap_api_call
    raise rewrite_error(error, f"{parsed_st['apiName']}: {error}") from None
playwright._impl._errors.TimeoutError: Page.goto: Timeout 45000ms exceeded.
Call log:
  - navigating to "https://www.amazon.com/", waiting until "commit"

todo 39
B01EIBJO76: attempt 1 failed (Amazon.com: Ambient Weather WS-10-X4 | Wireless Indoor/Outdo), backing off
B01EIBJO76: Ambient Weather WS-10-X4 | $71.99 | 4.4 out of 5 stars | (438)
B00FX8ZGOO: attempt 1 failed ( | Page.wait_for_selector: Timeout 20000ms exceeded.
Call lo), backing off
B00FX8ZGOO: attempt 2 failed (Amazon.com: Ambient Weather WS-10 | Wireless Indoor/Outdoor ), backing off
B00FX8ZGOO: NO TITLE | None | None | None
B06XKH666P: attempt 1 failed (Loading https://www.amazon.com/dp/B06XKH666P | Page.goto: Ti), backing off
B06XKH666P: TempPro TempAir 500 FT Indoor Outdoor Thermometer Wireless with Sensor | $19.99 | 4.2 out of 5 stars | (36,041)
B0BMTNC9DR: Geevon TX19 Wireless Remote Outdoor Sensor for 8646/23190/8688/8667/86 | $9.99 | 4.2 out of 5 stars | (118)
B0969NHM3G: attempt 1 failed (Amazon.com: SMARTRO Wireless Remote Sensor Outdoor Thermomet), backing off
B0969NHM3G: attempt 2 failed (Amazon.com: SMARTRO Wireless Remote Sensor Outdoor Thermomet), backing off
B0969NHM3G: NO TITLE | None | None | None
B0H9P4M4TJ: Digital Weather Station Wireless Indoor Outdoor Thermometer - 433MHz R | $11.76 | None | None
B07D19YXND: attempt 1 failed (Aqara Zigbee Wireless Mini Switch, Works with HomeKit Google), backing off
B07D19YXND: Aqara Zigbee Wireless Mini Switch, Works with HomeKit Google Home Alex | $15.90 | 4.3 out of 5 stars | (3,068)
B0CL9JTMWF: SONOFF Zigbee Switch, SNZB-01P Wireless Push Button, Supports to Creat | $16.90 | 4.2 out of 5 stars | (941)
B0G2LNPCP7: attempt 1 failed (Loading https://www.amazon.com/dp/B0G2LNPCP7 | Page.goto: Ti), backing off
B0G2LNPCP7: SONOFF Fusion Zigbee Smart Scene Button SNZB-01M, Wireless Switch | $19.90 | 4.0 out of 5 stars | (365)
B09ZQGZX3G: attempt 1 failed (Loading https://www.amazon.com/dp/B09ZQGZX3G | Page.goto: Ti), backing off
Traceback (most recent call last):
  File "C:\Users\ajach\OneDrive\Desktop\CC\outputs\themis-reviews\research\amz.py", line 94, in <module>
    asyncio.run(run(sys.argv[1], sys.argv[2], sys.argv[3:]))
    ~~~~~~~~~~~^^^^^^^^^^^^^^^^^^^^^^^^^^^^^^^^^^^^^^^^^^^^^
  File "C:\Users\ajach\AppData\Local\Python\pythoncore-3.14-64\Lib\asyncio\runners.py", line 205, in run
    return runner.run(main)
           ~~~~~~~~~~^^^^^^
  File "C:\Users\ajach\AppData\Local\Python\pythoncore-3.14-64\Lib\asyncio\runners.py", line 128, in run
    return self._loop.run_until_complete(task)
           ~~~~~~~~~~~~~~~~~~~~~~~~~~~~~^^^^^^
  File "C:\Users\ajach\AppData\Local\Python\pythoncore-3.14-64\Lib\asyncio\base_events.py", line 719, in run_until_complete
    return future.result()
           ~~~~~~~~~~~~~^^
  File "C:\Users\ajach\OneDrive\Desktop\CC\outputs\themis-reviews\research\amz.py", line 83, in run
    await pg.goto("https://www.amazon.com/", wait_until="commit"); await pg.wait_for_timeout(4000)
    ^^^^^^^^^^^^^^^^^^^^^^^^^^^^^^^^^^^^^^^^^^^^^^^^^^^^^^^^^^^^^
  File "C:\Users\ajach\AppData\Roaming\Python\Python314\site-packages\playwright\async_api\_generated.py", line 9869, in goto
    await self._impl_obj.goto(
    ...<4 lines>...
    )
  File "C:\Users\ajach\AppData\Roaming\Python\Python314\site-packages\playwright\_impl\_page.py", line 560, in goto
    return await self._main_frame.goto(**locals_to_params(locals()))
           ^^^^^^^^^^^^^^^^^^^^^^^^^^^^^^^^^^^^^^^^^^^^^^^^^^^^^^^^^
  File "C:\Users\ajach\AppData\Roaming\Python\Python314\site-packages\playwright\_impl\_frame.py", line 156, in goto
    await self._channel.send(
        "goto", self._navigation_timeout, locals_to_params(locals())
    )
  File "C:\Users\ajach\AppData\Roaming\Python\Python314\site-packages\playwright\_impl\_connection.py", line 76, in send
    return await self._connection.wrap_api_call(
           ^^^^^^^^^^^^^^^^^^^^^^^^^^^^^^^^^^^^^
    ...<3 lines>...
    )
    ^
  File "C:\Users\ajach\AppData\Roaming\Python\Python314\site-packages\playwright\_impl\_connection.py", line 632, in wrap_api_call
    raise rewrite_error(error, f"{parsed_st['apiName']}: {error}") from None
playwright._impl._errors.TimeoutError: Page.goto: Timeout 45000ms exceeded.
Call log:
  - navigating to "https://www.amazon.com/", waiting until "commit"

DONE
