todo 106
B0FP3MM8W4: Kidde Smart Smoke & CO Detector with Ring, AA Battery, RGCUDR-RW | $69.97 | 4.3 out of 5 stars | (465)
B0FP3F4GJS: Kidde Smart Smoke Detector with Ring, AA Battery, RGSDR-RW | $49.98 | 4.3 out of 5 stars | (232)
B0F7N7WGWY: Kidde Smart Smoke & CO Detector with Ring, Hardwire & AA Battery, RGCU | $59.80 | 4.1 out of 5 stars | (423)
B0F7N5YS7T: Kidde Smart Smoke Detector with Ring, Hardwire & AA Battery, RGSAR-RW | $54.98 | 4.2 out of 5 stars | (228)
B0F7JVW1TZ: Kidde Hardwired Kidde App Enabled Smart Smoke and Carbon Monoxide Dete | $74.97 | 3.7 out of 5 stars | (211)
B0F7JNJ2CL: Kidde Hardwired Kidde App Enabled Smart Smoke Detector with AA Backup  | $54.97 | 3.8 out of 5 stars | (113)
B0DS2W3794: First Alert SC5 Battery Smart Smoke & Carbon Monoxide Alarm | $125.14 | 3.1 out of 5 stars | (624)
B0DS2VG4P1: attempt 1 failed (First Alert SC5 Hardwire Smart Smoke & Carbon Monoxide Alarm), backing off
B0DS2VG4P1: attempt 2 failed (First Alert SC5 Hardwire Smart Smoke & Carbon Monoxide Alarm), backing off
B0DS2VG4P1: NO TITLE | None | None | None
B00XV1RD0K: Google Nest Protect - Smoke Alarm - Smoke Detector and Carbon Monoxide | $499.99 | 4.6 out of 5 stars | (4,630)
B0D5J7G9J2: attempt 1 failed (Google Nest Temperature Sensor (2nd Gen) 3 Pack - Room Comfo), backing off
B0D5J7G9J2: Google Nest Temperature Sensor (2nd Gen) 3 Pack - Room Comfort Sensor  | $99.99 | 4.4 out of 5 stars | (1,330)
B09FXXQLJM: attempt 1 failed ( | Page.wait_for_selector: Timeout 20000ms exceeded.
Call lo), backing off
B09FXXQLJM: X-Sense Interconnected Smoke and CO Detector, SC07-W, 6-Pack | $237.48 | 4.4 out of 5 stars | (1,494)
B09FXXV4KY: X-Sense 6-Pack Interconnected Smoke and CO Detector, SC06-W | $239.99 | 4.6 out of 5 stars | (3,253)
B0GS4R6CG2: attempt 1 failed (Heiman Smart Wireless Interconnected Smoke Detector, 6-Pack ), backing off
B0GS4R6CG2: Heiman Smart Wireless Interconnected Smoke Detector, 6-Pack + Gateway, | $175.99 | 4.1 out of 5 stars | (36)
B0FB8NYT9S: eufy Security Smoke Alarm E10, Smoke Detector, Ultra-Compact 70 mm Des | $49.99 | 4.4 out of 5 stars | (234)
B0G1CRBH9K: Kidde Smart CO Detector + Indoor Air Quality, Plug-in & AA Battery, CO | $79.97 | 4.4 out of 5 stars | (67)
B07G95Z38H: attempt 1 failed (Loading https://www.amazon.com/dp/B07G95Z38H | Page.goto: Ti), backing off
B07G95Z38H: attempt 2 failed ( | Page.wait_for_selector: Timeout 20000ms exceeded.
Call lo), backing off
B07G95Z38H: NO TITLE | None | None | None
B0CV553YL4: attempt 1 failed (First Alert Hardwire Combination Smoke & Carbon Monoxide Ala), backing off
B0CV553YL4: First Alert Hardwire Combination Smoke & Carbon Monoxide Alarm with Vo | $65.52 | 3.9 out of 5 stars | (509)
B0C7HVF4SJ: attempt 1 failed (Amazon.com: Zooz 800 Series Z-Wave Long Range DC Signal Sens), backing off
B0C7HVF4SJ: Zooz 800 Series Z-Wave Long Range DC Signal Sensor ZEN55 | for Use wit | $44.95 | 4.9 out of 5 stars | (60)
B0GV4CWB6D: attempt 1 failed (Heiman Smoke Detector, Matter Over Thread, with Temp&Humidit), backing off
B0GV4CWB6D: homepage reload failed (Page.goto: Timeout 45000ms exceeded.
Call log:
  - navigatin), continuing
B0GV4CWB6D: attempt 2 failed (Loading https://www.amazon.com/dp/B0GV4CWB6D | Page.goto: Na), backing off
B0GV4CWB6D: NO TITLE | None | None | None
B0FVSVNJBY: Heiman Smart Smoke Detector, Matter Over Thread Fire Alarm,Real-Time A | $39.99 | 3.6 out of 5 stars | (78)
B0G135MZJY: attempt 1 failed (Loading https://www.amazon.com/dp/B0G135MZJY | Page.goto: Ti), backing off
B0G135MZJY: homepage reload failed (Page.goto: Timeout 45000ms exceeded.
Call log:
  - navigatin), continuing
B0G135MZJY: attempt 2 failed ( | Page.goto: Timeout 45000ms exceeded.
Call log:
  - naviga), backing off
B0G135MZJY: NO TITLE | None | None | None
B0GGRSMXKN: attempt 1 failed (Amazon.com - roborock 2026 New Qrevo S Pro Robot Vacuum and ), backing off
B0GGRSMXKN: roborock 2026 New Qrevo S Pro Robot Vacuum and Mop, 18,500Pa Suction | $429.99 | 4.1 out of 5 stars | (6,510)
B0GXF7ZQPY: attempt 1 failed (Loading https://www.amazon.com/dp/B0GXF7ZQPY | Page.goto: Ti), backing off
B0GXF7ZQPY: roborock 2026 New Qrevo 2 Pro Robot Vacuum and Mop, 20,000Pa Suction | $549.99 | 4.3 out of 5 stars | (1,014)
B0H34W2MS8: attempt 1 failed (Loading https://www.amazon.com/dp/B0H34W2MS8 | Page.goto: Ti), backing off
B0H34W2MS8: homepage reload failed (Page.goto: Timeout 45000ms exceeded.
Call log:
  - navigatin), continuing
B0H34W2MS8: attempt 2 failed (Loading https://www.amazon.com/dp/B0H34W2MS8 | Page.goto: Ti), backing off
B0H34W2MS8: NO TITLE | None | None | None
B09T4YZGQR: attempt 1 failed (Amazon.com - Shark AI Ultra Robot Vacuum, 60-Day Self-Emptyi), backing off
B09T4YZGQR: attempt 2 failed (Amazon.com - Shark AI Ultra Robot Vacuum, 60-Day Self-Emptyi), backing off
B09T4YZGQR: NO TITLE | None | None | None
B0GT6BYB85: attempt 1 failed (Amazon.com - iRobot Roomba 415X Robot Vacuum & Mop Combo, 20), backing off
B0GT6BYB85: homepage reload failed (Page.goto: Timeout 45000ms exceeded.
Call log:
  - navigatin), continuing
B0GT6BYB85: attempt 2 failed (Loading https://www.amazon.com/dp/B0GT6BYB85 | Page.goto: Ti), backing off
B0GT6BYB85: NO TITLE | None | None | None
B0F4DKGRDN: attempt 1 failed (Amazon.com - ILIFE V2 Robot Vacuum Cleaner, Tangle-Free Suct), backing off
B0F4DKGRDN: ILIFE V2 Robot Vacuum Cleaner, Tangle-Free Suction, White | $84.99 | 4.2 out of 5 stars | (24,424)
B0FK2HPNCB: attempt 1 failed ( | Page.wait_for_selector: Timeout 20000ms exceeded.
Call lo), backing off
B0FK2HPNCB: attempt 2 failed (Amazon.com - eufy E25 Robot Vacuum and Mop Combo, 20,000 Pa,), backing off
B0FK2HPNCB: NO TITLE | None | None | None
B0DWX69JVG: attempt 1 failed (Amazon.com - roborock Q7 M5+ Robot Vacuum and Mop, Up to 7-9), backing off
B0DWX69JVG: attempt 2 failed ( | Page.wait_for_selector: Timeout 20000ms exceeded.
Call lo), backing off
B0DWX69JVG: homepage reload failed (Page.goto: Timeout 45000ms exceeded.
Call log:
  - navigatin), continuing
B0DWX69JVG: NO TITLE | None | None | None
B0B89C8H4Q: attempt 1 failed ( | Page.goto: Timeout 45000ms exceeded.
Call log:
  - naviga), backing off
B0B89C8H4Q: homepage reload failed (Page.goto: Timeout 45000ms exceeded.
Call log:
  - navigatin), continuing
B0B89C8H4Q: attempt 2 failed ( | Page.goto: Timeout 45000ms exceeded.
Call log:
  - naviga), backing off
B0B89C8H4Q: homepage reload failed (Page.goto: Timeout 45000ms exceeded.
Call log:
  - navigatin), continuing
B0B89C8H4Q: NO TITLE | None | None | None
B0F334DN9J: attempt 1 failed (Loading https://www.amazon.com/dp/B0F334DN9J | Page.goto: Ti), backing off
B0F334DN9J: homepage reload failed (Page.goto: Timeout 45000ms exceeded.
Call log:
  - navigatin), continuing
B0F334DN9J: attempt 2 failed (Loading https://www.amazon.com/dp/B0F334DN9J | Page.goto: Na), backing off
B0F334DN9J: NO TITLE | None | None | None
STOPPING: 4 failures in a row
todo 86
B0DS2VG4P1: First Alert SC5 Hardwire Smart Smoke & Carbon Monoxide Alarm | $128.98 | 2.3 out of 5 stars | (748)
B07G95Z38H: attempt 1 failed (FIRST ALERT SC9120B Corded Electric Combination Alarm with A), backing off
B07G95Z38H: FIRST ALERT SC9120B Corded Electric Combination Alarm with Adapter Plu | $69.99 | 4.5 out of 5 stars | (884)
B0GV4CWB6D: Heiman Smoke Detector, Matter Over Thread, with Temp&Humidity Sensor,  | $49.98 | 4.7 out of 5 stars | (15)
B0G135MZJY: Heiman Smart Carbon Monoxide Detectors, Matter Over Thread CO Alarm, C | $49.99 | 3.7 out of 5 stars | (22)
B0H34W2MS8: iRobot Roomba 115X Combo Robot Vacuum & Mop with AutoEmpty Dock, 15,00 | $299.00 | 4.4 out of 5 stars | (5,219)
B09T4YZGQR: attempt 1 failed ( | Page.wait_for_selector: Timeout 20000ms exceeded.
Call lo), backing off
B09T4YZGQR: Shark AI Ultra Robot Vacuum, 60-Day Self-Emptying Base, Black, AV2511A | $249.99 | 4.0 out of 5 stars | (23,998)
B0GT6BYB85: attempt 1 failed ( | Page.wait_for_selector: Timeout 20000ms exceeded.
Call lo), backing off
B0GT6BYB85: iRobot Roomba 415X Robot Vacuum & Mop Combo, 20,000Pa, 90 Days Self-Em | $398.99 | 4.1 out of 5 stars | (11,996)
B0FK2HPNCB: attempt 1 failed (Amazon.com - eufy E25 Robot Vacuum and Mop Combo, 20,000 Pa,), backing off
B0FK2HPNCB: eufy E25 Robot Vacuum and Mop Combo, 20,000 Pa, HydroJet Roller Mop | $599.98 | 4.4 out of 5 stars | (54,076)
B0DWX69JVG: attempt 1 failed (Amazon.com - roborock Q7 M5+ Robot Vacuum and Mop, Up to 7-9), backing off
B0DWX69JVG: roborock Q7 M5+ Robot Vacuum and Mop, Up to 7-9 Weeks Self-Empty, 1000 | $249.99 | 4.0 out of 5 stars | (25,386)
B0B89C8H4Q: attempt 1 failed (Amazon.com - Shark Matrix Plus Robot Vacuum & Mop Combo, 60-), backing off
B0B89C8H4Q: attempt 2 failed (Amazon.com - Shark Matrix Plus Robot Vacuum & Mop Combo, 60-), backing off
B0B89C8H4Q: NO TITLE | None | None | None
B0F334DN9J: attempt 1 failed (Amazon.com: roborock Q7 L5 Robot Vacuum and Mop Combo, 8,000), backing off
B0F334DN9J: roborock Q7 L5 Robot Vacuum and Mop Combo, 8,000Pa Suction | $139.99 | 4.0 out of 5 stars | (16,408)
B07R295MLS: attempt 1 failed (Amazon.com: eufy 11S MAX Robot Vacuum Cleaner, Super Thin, Q), backing off
B07R295MLS: homepage reload failed (Page.goto: Timeout 45000ms exceeded.
Call log:
  - navigatin), continuing
B07R295MLS: attempt 2 failed (Loading https://www.amazon.com/dp/B07R295MLS | Page.goto: Ti), backing off
B07R295MLS: NO TITLE | None | None | None
B0FSJPFDPV: attempt 1 failed (Loading https://www.amazon.com/dp/B0FSJPFDPV | Page.goto: Ti), backing off
B0FSJPFDPV: dreame L40 Ultra Gen 2 Robot Vacuum and Mop with 25,000Pa Suction | $499.99 | 4.3 out of 5 stars | (638)
B0GJ5S4V78: attempt 1 failed (Amazon.com - ECOVACS DEEBOT T90 PRO Omni Robot Vacuum and Mo), backing off
B0GJ5S4V78: attempt 2 failed (Amazon.com - ECOVACS DEEBOT T90 PRO Omni Robot Vacuum and Mo), backing off
B0GJ5S4V78: homepage reload failed (Page.goto: Timeout 45000ms exceeded.
Call log:
  - navigatin), continuing
B0GJ5S4V78: NO TITLE | None | None | None
B0GSH62CFF: attempt 1 failed (Amazon.com. Spend less. Smile more. | Page.goto: Timeout 450), backing off
B0GSH62CFF: homepage reload failed (Page.goto: Timeout 45000ms exceeded.
Call log:
  - navigatin), continuing
B0GSH62CFF: attempt 2 failed ( | Page.goto: Timeout 45000ms exceeded.
Call log:
  - naviga), backing off
B0GSH62CFF: homepage reload failed (Page.goto: Timeout 45000ms exceeded.
Call log:
  - navigatin), continuing
B0GSH62CFF: NO TITLE | None | None | None
B0FBRK76L8: attempt 1 failed (Loading https://www.amazon.com/ | Page.goto: Timeout 45000ms), backing off
B0FBRK76L8: homepage reload failed (Page.goto: Timeout 45000ms exceeded.
Call log:
  - navigatin), continuing
B0FBRK76L8: attempt 2 failed ( | Page.goto: Timeout 45000ms exceeded.
Call log:
  - naviga), backing off
B0FBRK76L8: homepage reload failed (Page.goto: Timeout 45000ms exceeded.
Call log:
  - navigatin), continuing
B0FBRK76L8: NO TITLE | None | None | None
B0GHN2WH38: attempt 1 failed (Loading https://www.amazon.com/dp/B0GHN2WH38 | Page.goto: Ti), backing off
B0GHN2WH38: homepage reload failed (Page.goto: Timeout 45000ms exceeded.
Call log:
  - navigatin), continuing
B0GHN2WH38: attempt 2 failed (Amazon.com - dreame L60 Ultra FE Robot Vacuum and Mop, 212°F), backing off
B0GHN2WH38: homepage reload failed (Page.goto: Timeout 45000ms exceeded.
Call log:
  - navigatin), continuing
B0GHN2WH38: NO TITLE | None | None | None
STOPPING: 4 failures in a row
todo 75
B0B89C8H4Q: Shark Matrix Plus Robot Vacuum & Mop Combo, 60-Day Self-Emptying, AV26 | $229.99 | 4.0 out of 5 stars | (36,021)
B07R295MLS: eufy 11S MAX Robot Vacuum Cleaner, Super Thin, Quiet | $129.99 | 4.3 out of 5 stars | (59,577)
B0GJ5S4V78: attempt 1 failed ( | Page.wait_for_selector: Timeout 20000ms exceeded.
Call lo), backing off
B0GJ5S4V78: ECOVACS DEEBOT T90 PRO Omni Robot Vacuum and Mop, 30000Pa Blast Suctio | $499.00 | 4.2 out of 5 stars | (870)
B0GSH62CFF: iRobot Roomba 705X Robot Vacuum & Mop Combo, 175x More Suction, Extend | $699.99 | 4.3 out of 5 stars | (13,227)
B0FBRK76L8: attempt 1 failed (Amazon.com - SwitchBot K11+ Robot Vacuum & Mop with Matter, ), backing off
B0FBRK76L8: attempt 2 failed ( | Page.wait_for_selector: Timeout 20000ms exceeded.
Call lo), backing off
B0FBRK76L8: NO TITLE | None | None | None
B0GHN2WH38: dreame L60 Ultra FE Robot Vacuum and Mop, 212°F (100°C) Mop Self-Clean | $719.98 | 4.0 out of 5 stars | (118)
B0F6CJ6G2Z: attempt 1 failed (Amazon.com - SwitchBot S20 Robot Vacuum and Mop with Matter,), backing off
B0F6CJ6G2Z: SwitchBot S20 Robot Vacuum and Mop with Matter, 10000Pa Powerful Sucti | $399.99 | 3.2 out of 5 stars | (73)
B0F32THV6T: attempt 1 failed ( | Page.wait_for_selector: Timeout 20000ms exceeded.
Call lo), backing off
B0F32THV6T: homepage reload failed (Page.goto: Timeout 45000ms exceeded.
Call log:
  - navigatin), continuing
B0F32THV6T: attempt 2 failed (Amazon.com. Spend less. Smile more. | Page.goto: Timeout 450), backing off
B0F32THV6T: NO TITLE | None | None | None
B0DWXF15GF: roborock Q10 S5+ Robot Vacuum and Mop, 10,000Pa Suction | $279.99 | 4.0 out of 5 stars | (20,556)
B0GCDZBK9Q: attempt 1 failed ( | Page.wait_for_selector: Timeout 20000ms exceeded.
Call lo), backing off
B0GCDZBK9Q: eufy Omni C20 Robot Vacuum and Mop Combo for Hardwood and Carpet, 7,00 | $339.98 | 4.4 out of 5 stars | (54,077)
B09B8V1LZ3: Amazon Echo Dot (newest model) - Vibrant sounding speaker, Designed fo | $39.99 | 4.7 out of 5 stars | (200,442)
B0D6SX8VLQ: Amazon Echo Dot Max (newest model), Alexa speaker with room-filling so | $79.99 | 4.3 out of 5 stars | (5,316)
B0BFCBKXWL: Amazon Echo Spot (newest model), Great for nightstands, offices and ki | $54.99 | 4.5 out of 5 stars | (46,099)
B0FC4GVSYQ: Google Nest Audio (3-Pack) Smart Speakers – Multi-Room Wireless Home S | $399.99 | 4.4 out of 5 stars | (223)
Traceback (most recent call last):
  File "C:\Users\ajach\OneDrive\Desktop\CC\outputs\themis-reviews\research\amz.py", line 106, in <module>
    asyncio.run(run(sys.argv[1], sys.argv[2], sys.argv[3:]))
    ~~~~~~~~~~~^^^^^^^^^^^^^^^^^^^^^^^^^^^^^^^^^^^^^^^^^^^^^
  File "C:\Users\ajach\AppData\Local\Python\pythoncore-3.14-64\Lib\asyncio\runners.py", line 205, in run
    return runner.run(main)
           ~~~~~~~~~~^^^^^^
  File "C:\Users\ajach\AppData\Local\Python\pythoncore-3.14-64\Lib\asyncio\runners.py", line 128, in run
    return self._loop.run_until_complete(task)
           ~~~~~~~~~~~~~~~~~~~~~~~~~~~~~^^^^^^
  File "C:\Users\ajach\AppData\Local\Python\pythoncore-3.14-64\Lib\asyncio\base_events.py", line 719, in run_until_complete
    return future.result()
           ~~~~~~~~~~~~~^^
  File "C:\Users\ajach\OneDrive\Desktop\CC\outputs\themis-reviews\research\amz.py", line 98, in run
    json.dump(res, open(out, "w", encoding="utf-8"), indent=1, ensure_ascii=False)
                   ~~~~^^^^^^^^^^^^^^^^^^^^^^^^^^^^
OSError: [Errno 22] Invalid argument: 'prod-all.json'
todo 63
B0FBRK76L8: SwitchBot K11+ Robot Vacuum & Mop with Matter, 6000Pa Suction, 90-Day  | $239.99 | 4.0 out of 5 stars | (312)
B0F32THV6T: dreame L40s Ultra AE Robot Vacuum and Mop, Self Emptying & Auto Refill | $569.49 | 4.1 out of 5 stars | (238)
B0FBCSKRB6: Google Home Smart Speaker (South Korea Model) – Voice-Controlled Wi-Fi | $139.99 | 3.9 out of 5 stars | (24)
B0H6GS482L: Google - Premium Audio Speaker- 360-Degree Sound (Porcelain) | $99.99 | 4.2 out of 5 stars | (53)
B0CL7P33RH: Google Audio Bluetooth Speaker with Keychain LED - Wireless Music Stre | $129.99 | 4.4 out of 5 stars | (337)
B0GJ78ZKF6: Sonos Era 100 SL Compact, Microphone-Free Speaker - Black | $189.00 | 4.5 out of 5 stars | (387)
B0BW34LCB8: Sonos Era 100 - Black - Wireless, Alexa Enabled Smart Speaker | $219.00 | 4.4 out of 5 stars | (2,804)
B0GLH11HYK: Bose New Lifestyle Ultra Speaker, Wireless Home Speaker, TrueSpatial A | $299.00 | 4.1 out of 5 stars | (323)
B0CGYFYY34: Google Nest Mini 2nd Generation Smart Speaker with Google Assistant -  | $79.99 | 4.3 out of 5 stars | (2,155)
B0BFC7WQ6R: Amazon Echo Spot (newest model), Great for nightstands, offices and ki | $54.99 | 4.5 out of 5 stars | (46,099)
B08W8KS8D3: Amazon Smart Air Quality Monitor, Detects temperature, humidity, carbo | $46.99 | 4.2 out of 5 stars | (5,547)
B0BZV1XG6Y: GoveeLife Smart Air Quality Monitor with PM2.5 H5106, LED Display Wire | $39.98 | 4.3 out of 5 stars | (1,039)
B0FFMZL15X: GoveeLife Smart Air Quality Monitor CO2 Detector H5140, Display & Alar | $69.99 | 4.5 out of 5 stars | (235)
B097YW5Q72: Airthings 2960 View Plus - Battery Powered Radon & Air Quality Monitor | $265.95 | 4.0 out of 5 stars | (1,974)
B0CZ886B8N: Qingping Air Quality Monitor Gen 2, Air Quality Monitor Indoor Detects | $149.99 | 3.8 out of 5 stars | (245)
B092HK4BB1: Qingping Air Monitor Lite, Apple HomeKit Compatible Wi-Fi Indoor Air Q | $76.00 | 3.6 out of 5 stars | (706)
B0CLYRBRSB: BREATHE Airmonitor Plus Indoor Air Quality Monitor w/CO₂, PM & App. Ge | $129.99 | 4.0 out of 5 stars | (495)
B0GRWHXJZT: AprilAire ZAWTHCPV Smart Indoor 5-in-1 Wi-Fi Air Quality Monitor (CO2, | $169.99 | 4.1 out of 5 stars | (34)
B0G2W4FVQF: SONOFF SAWF-07P Smart Indoor Air Quality Monitor with PM2.5, PM10, Tem | $39.90 | 3.7 out of 5 stars | (193)
B0G2WDPB29: SONOFF AirGuard CO2 SAWF-08P, Smart Indoor Air Quality Monitor, Matter | $49.90 | 4.4 out of 5 stars | (173)
B0DLN46519: SwitchBot CO2 Detector, Air Quality Monitor Indoor, CO2 Monitor for CO | $59.49 | 4.3 out of 5 stars | (322)
B0DG5QLWP6: SwitchBot Air Purifier for Home Large Room, Matter, Up to 3620 ft², Ai | $89.99 | 4.4 out of 5 stars | (705)
B0D1K7GNPM: Temtop M10+ 6-in-1 CO2 Meter & Indoor Air Quality Monitor | $95.00 | 4.2 out of 5 stars | (151)
B00C03D01Q: Moen Flo Shutoff, 3/4" Automatic Water Leak Detector & Shutoff, 900-00 | $550.00 | 4.0 out of 5 stars | (2,312)
B0DSKG73XB: Frizzlife LP365 Smart Water Monitor and Automatic Shutoff Valve - 0.01 | $279.99 | 4.5 out of 5 stars | (360)
B0GJRQMPGM: Frizzlife LPG365 Smart Water Auto Shutoff Valve W/ 3 Leak Sensors, 100 | $399.99 | 5.0 out of 5 stars | (36)
B0DTP7J9Z7: YoLink Water Shutoff Kit: X3 Controller + EVO + 4-Pack Sensors + Hub | $296.99 | 4.7 out of 5 stars | (519)
B0F2MYNQS2: YoLink X3 Water Shutoff Kit: 1" Stainless Ball Valve + 3-Pack Sensors  | $259.99 | 4.8 out of 5 stars | (96)
B0CNGM4WD9: YoLink Water Shutoff Kit: 0.75" Brass Ball Valve + Valve Controller | $129.99 | 4.4 out of 5 stars | (109)
B0BRXL12FH: YoLink Water Shutoff Kit: Controller + Bulldog + 3-Pack Sensors + Hub | $319.00 | 4.6 out of 5 stars | (259)
B0851DYWBH: Motorized Smart Valve Actuator (Valve Sold Separately) WiFi & Bluetoot | $36.99 | 4.0 out of 5 stars | (287)
B0FX1ZT2QH: Smart Wifi Water Valve, Motorized Ball Valve, App Comtrol, Brass | $42.99 | 4.2 out of 5 stars | (157)
B09L5PB6B7: Smart WiFi Water Valve, APP Remote Control, Compatible with Alexa and  | $33.99 | 3.9 out of 5 stars | (173)
B0GFGVSGW4: WiFi Smart Water Valve Controller, Remote Shutoff for 1/2 to 1 in Pipe | $35.99 | 3.6 out of 5 stars | (34)
B0GYGCDL8H: EVC400-MW-WLS1M Bulldog Matter WiFi Valve Robot with Wired Leak Sensor | $215.00 | 4.0 out of 5 stars | (2)
B0H1ZQVFS2: Ai Smart Water Valve, Automatic Water Leak Detector & Shutoff, 3/4" | $329.99 | 4.7 out of 5 stars | (10)
B07CZ864Y9: Rachio 3 Smart Sprinkler In-Ground WiFi Irrigation Controller, 8-Zone | $195.00 | 4.5 out of 5 stars | (8,441)
B07CZ5K355: Rachio 3: Smart Sprinkler Controller, 16-Zone (Simple Auto Scheduling  | $243.91 | 4.5 out of 5 stars | (3,120)
B01D15HOIQ: Orbit B-hyve Smart Sprinkler Controller, 6-Zone - 57946 | $109.00 | 4.5 out of 5 stars | (9,441)
B01D15HOTU: Orbit B-hyve Smart Indoor/Outdoor Sprinkler Controller - 12-Zone - App | $129.86 | 4.4 out of 5 stars | (6,894)
B07DJ628XH: Orbit B-hyve Indoor Smart Sprinkler Controller, 8-Zone - 57925 | $86.57 | 4.4 out of 5 stars | (2,952)
B07DJ2QTW9: Orbit 57915 B-hyve 4-Zone Indoor Smart Sprinkler Controller | $77.98 | 4.5 out of 5 stars | (3,757)
B0CYN2D41N: Rain Bird ARC6 Irrigation Controller, Smart WiFi, Indoor, 6-Station | $89.12 | 4.0 out of 5 stars | (458)
B08J2BJSCB: Orbit B-hyve XR 8-Zone Indoor/Outdoor Smart Sprinkler Timer - 57985 |  | 4.3 out of 5 stars | (1,366)
B0F883P8N1: Smart Sprinklers Controller 2.4GHz WiFi, Irrigation Controller Easy Us | $39.99 | 4.2 out of 5 stars | (440)
B0F2HV721R: Indoor Smart Sprinklers Controller WiFi, Irrigation Controller Easy Us | $42.99 | 4.2 out of 5 stars | (114)
B0GDQFJ9DB: RainPoint WiFi Water Timer for Garden Hose with Brass Inlet & Outlet,  | $109.99 | 4.1 out of 5 stars | (222)
B0H11D2TS9: GoveeLife H5901 Smart WiFi Sprinkler Timer with Gateway, 1 Water Outle | $59.99 | 4.2 out of 5 stars | (115)
B0D3PVJMX8: RAINPOINT WiFi Water Timer, Smart Hose Timer for Garden Hose, WiFi Irr | $69.99 | 4.1 out of 5 stars | (220)
B0HDS4CTKS: RAINPOINT 2 Zone WiFi Water Timer for Garden Hose, Sprinkler Hose Time | $95.99 | 4.9 out of 5 stars | (63)
B0B1QWVQPY: Orbit B-hyve XD 4-Port Smart Hose Watering Timer - 24634 | $79.98 | 3.9 out of 5 stars | (2,025)
B09YFWNH9Y: Orbit B-hyve XD 1-Port Smart Hose Watering Timer - 24511 | $24.60 | 3.9 out of 5 stars | (2,025)
B0FKBG81PQ: Insoma WiFi Sprinkler Timer, Water Timer for Garden, Smart Hose Timers | $28.99 | 4.3 out of 5 stars | (53)
B0DFWHHN53: WiFi Water Timer Brass Inlet, 2.4GHz Smart Sprinkler Timers, 1 Zone Ho | $31.99 | 4.5 out of 5 stars | (69)
B0DZ295PWK: Smart WiFi Sprinkler Timer 3 Zone, Water Timer for Garden Hose Irrigat | $66.99 | 4.2 out of 5 stars | (185)
B0GDDYVG57: RAINPOINT 3 Zone WiFi Water Timer with Smart Gateway, Brass Inlet/Outl | $119.99 | 4.0 out of 5 stars | (80)
B0DWSGD1XZ: WiFi Sprinkler Timer 2 Zone, Smart Water Timer for Garden Hose Irrigat | $49.99 | 4.4 out of 5 stars | (117)
B0H3L2JVZP: SONOFF SWV-ZFU Hydro ONE Zigbee Smart Sprinkler Timer, Brass Inlet, We | $36.90 | 3.9 out of 5 stars | (43)
B0H4VC5XRQ: SONOFF SWV-ZF2U Hydro DUO Zigbee Smart 2 Zone Sprinkler Timer, Brass I | $46.50 | 3.5 out of 5 stars | (19)
B0D5B8S8N8: SONOFF Zigbee Sprinkler Timer, Gateway Required, Smart Controller Voic | $29.90 | 3.3 out of 5 stars | (213)
B0H3LB7234: SONOFF SWV-ZNU Hydro ONE Lite Zigbee Smart Sprinkler Timer, Brass Inle | $24.90 | 4.1 out of 5 stars | (29)
B0GWXCG5YT: [Requires Zigbee Hub, Hub NOT Included] GIEX Zigbee Smart Water Timer  | $24.90 | 3.3 out of 5 stars | (22)
B0DYV1CFYN: GIEX ZIGBEE 2-Zone Sprinkler Timer GX-03,Smart Irrigation Garden Hose  | $45.99 | 3.9 out of 5 stars | (8)
todo 0
DONE
