todo 96
B0CLZGLY8Q: Matter Smart Switch Module DIY Light Relay Switch, Works with Apple Ho | $15.99 | 4.5 out of 5 stars | (13)
B0CLZJFR93: Matter Smart Switch Module DIY Light Relay Switch 16A/100-240V, Works  | $14.99 | 3.5 out of 5 stars | (9)
B0DK4YC2BC: SwitchBot WiFi Switch Compatible with Alexa/Apple Home/Google Home/Mat | $16.99 | 4.5 out of 5 stars | (11)
B07WSG4FN4: Enbrighten Z-Wave Fan Control Switch, Paddle, White & Light Almond, 1  | $44.99 | 4.2 out of 5 stars | (115)
B0CNDCW9D9: Enbrighten Z-Wave Fan Control Switch, Paddle, White & Light Almond, 1  | $59.23 | 3.4 out of 5 stars | (34)
B08GQJWSRG: Leviton Decora Smart Fan Speed Controller, Z-Wave Plus, ZW4SF-1BW, Whi | $57.22 | 3.1 out of 5 stars | (140)
B0CTDCQJVZ: Kasa Smart Ceiling Fan Control & Dimmer Switch, KS240, Single Pole | $36.98 | 4.5 out of 5 stars | (853)
B086PPRWL7: Smart Ceiling Fan Control and Dimmer Light Switch, Neutral Wire Needed | $39.99 | 4.3 out of 5 stars | (4,747)
B08P5D3ZKW: TREATLIFE Smart Fan Switch, 4 Speed Fan Switch for Ceiling Fan, Neutra | $36.99 | 4.3 out of 5 stars | (1,401)
B086PSPP4X: TREATLIFE Smart Ceiling Fan Control and Dimmer Light Switch 2Pack, Neu | $72.99 | 4.4 out of 5 stars | (1,427)
B08P5CM8MR: TREATLIFE Smart Ceiling Fan Control 2Pack, 4 Speed Fan Switch for Ceil | $69.99 | 4.6 out of 5 stars | (214)
B0C6BPTQ36: Leviton Decora Smart Fan Speed Controller, Wi-Fi 2nd Gen, D24SF-1RW, W | $42.99 | 4.3 out of 5 stars | (157)
B0CPY3ZJNH: Amazon Basics Smart Ceiling Fan Control Switch, 4-Speed, Single Pole,  | $32.34 | 4.2 out of 5 stars | (134)
B0F5PX38GH: GHome Smart Dimmer Switch with 4-Speed Ceiling Fan Control, Ceiling Fa | $36.99 | 4.3 out of 5 stars | (62)
B07YXJS276: MOES WiFi Smart Ceiling Fan Light Wall Switch, Smart Life/Tuya APP Rem | $27.99 | 4.0 out of 5 stars | (283)
B09C21LX9R: SONOFF iFAN04 WiFi Ceiling Fan Light Controller, APP Control&Remote Co | $19.90 | 4.0 out of 5 stars | (181)
B0F6QDGR46: Smart Wi-Fi Ceiling Fan Remote Control Kit, 3 Fan Speed & Light Dimmer | $24.97 | 4.4 out of 5 stars | (145)
B0FPSCCVXZ: Ring Smart Fan Control, multi-speed fan control from anywhere, set sch | $24.99 | 4.3 out of 5 stars | (26)
B0GQ2QPDZC: MOES Star Ring Smart Ceiling Fan Control Dimmer Switch, 4-Speed Alexa | $34.99 | 3.7 out of 5 stars | (18)
B07NQ7SRNX: Lutron Caseta Smart Fan Control (Smart Hub Required) 4-Speed for Paddl | $69.95 | 4.7 out of 5 stars | (1,960)
B07NQDT26L: Lutron Caseta Smart Fan Control (Smart Hub Required) 4-Speed for Paddl | $69.95 | 4.7 out of 5 stars | (1,960)
B07NQF12G1: Lutron Caseta Smart Fan Control (Smart Hub Required) 4-Speed for Paddl | $69.95 | 4.7 out of 5 stars | (1,960)
B0006UUIC4: Lutron Diva 3-Speed Fan Control, Single-Pole/3-Way, DVFSQ-F-WH, White | $38.16 | 4.6 out of 5 stars | (831)
B0GJZ3B7WY: THIRDREALITY Smart Presence Sensor R3,60GHz mmWave Radar,USB-C Powered | $39.99 | 3.4 out of 5 stars | (61)
B0GWM6YVQL: THIRDREALITY Presence Sensor R2,24GHz mmWave Radar,Adjustable Sensitiv | $29.99 | 3.2 out of 5 stars | (12)
B0GY3ZBWFL: Zigbee Presence Sensor, Built-in Temperature, Humidity and Light Senso | $29.99 | 3.9 out of 5 stars | (49)
B0H5CLBGWV: Zigbee Human Presence Sensor, Battery-Powered, Zigbee Hub Required | $29.99 | 4.3 out of 5 stars | (19)
B0D8Y63LGN: Presence Sensor, WenzhiIoT Smart Motion Sensor Zigbee 5.8 GHz Radar Mm | $15.99 | 3.8 out of 5 stars | (46)
B0D8ZVNVD2: Presence Sensor, WenzhiIoT Smart Motion Sensor Zigbee 24 GHz Radar MmW | $18.99 | 3.4 out of 5 stars | (17)
B0GYJ3LQ5W: Zigbee Human Presence Sensor, Millimeter Wave Radar Motion Detector, C | $18.99 | 3.5 out of 5 stars | (7)
B0BXWZMQJ3: Aqara Presence Sensor FP2, mmWave Radar Wired Smart Motion Sensor | $67.99 | 3.6 out of 5 stars | (2,512)
B0F1F97422: 3 PCS LD2410C Sensor Module HLK-LD2410 Human Presence Radar LD2410 Mil | $20.48 | 4.4 out of 5 stars | (55)
B0CH8CRDS6: 3pcs LD2410C Human Presence Radar Sensor Module HLK-LD2410 LD2410 Mill | $18.99 | 4.6 out of 5 stars | (51)
B0FX7FXQGB: AKAMATIS Human Presence Sensor v2.2 for Home Assistant, mmWave Radar S | $20.99 | 4.4 out of 5 stars | (52)
B0FSRJT4KW: SwitchBot Smart mmWave Radar Motion Sensor, Bluetooth Presence Sensor  | $25.49 | 3.6 out of 5 stars | (427)
B0G8HN5THR: meross Presence Sensor MS605, Matter Over Thread, IP67 and Battery-Pow | $56.99 | 3.1 out of 5 stars | (88)
B09STSWQCB: THIRDREALITY ZigBee Smart Blind, Motorized Blackout Window Shades with | $158.99 | 4.0 out of 5 stars | (108)
B0C6KP9SDR: 1.5" Zigbee Blinds Motor Rechargeable, Automatic Blinds Opener-No Wiri | $99.89 | 4.4 out of 5 stars | (41)
B0FKBBWQPC: AM25 Zigbee Smart Blinds Motor for 1.5" Shade Tube, Type-C Rechargeabl | $98.88 | 4.3 out of 5 stars | (7)
B0GSR8294G: AM25 Zigbee Smart Blinds Motor Only-for 1.5" Roller Tube-Rechargeable  | $89.88 | 4.3 out of 5 stars | (7)
B0DK15JPWQ: ZigBee Smart Blind Motor with Built-in Battery, Rechargeable Roller Sh | $86.99 | 3.4 out of 5 stars | (14)
B0FRS2HHRV: AM22 Zigbee Smart Roller Shade Motor for 32mm Tubes - Rechargeable Bat | $99.99 | 5.0 out of 5 stars | (7)
B0DDCCVG3F: AM22 Smart Tuya Zigbee Blinds Motor Kit, Rechargeable Roller Shade Mot | $97.89 | 4.3 out of 5 stars | (7)
Traceback (most recent call last):
  File "C:\Users\ajach\OneDrive\Desktop\CC\outputs\themis-reviews\research\amz.py", line 106, in <module>
    asyncio.run(run(sys.argv[1], sys.argv[2], sys.argv[3:]))
    ~~~~~~~~~~~^^^^^^^^^^^^^^^^^^^^^^^^^^^^^^^^^^^^^^^^^^^^^
  File "C:\Users\ajach\AppData\Local\Python\pythoncore-3.14-64\Lib\asyncio\runners.py", line 205, in run
    return runner.run(main)
           ~~~~~~~~~~^^^^^^
  File "C:\Users\ajach\AppData\Local\Python\pythoncore-3.14-64\Lib\asyncio\runners.py", line 128, in run
    return self._loop.run_until_complete(task)
           ~~~~~~~~~~~~~~~~~~~~~~~~~~~~~^^^^^^
  File "C:\Users\ajach\AppData\Local\Python\pythoncore-3.14-64\Lib\asyncio\base_events.py", line 719, in run_until_complete
    return future.result()
           ~~~~~~~~~~~~~^^
  File "C:\Users\ajach\OneDrive\Desktop\CC\outputs\themis-reviews\research\amz.py", line 98, in run
    json.dump(res, open(out, "w", encoding="utf-8"), indent=1, ensure_ascii=False)
                   ~~~~^^^^^^^^^^^^^^^^^^^^^^^^^^^^
OSError: [Errno 22] Invalid argument: 'prod-all.json'
