B0BTL8B72D: Aqara Door and Window Sensor P2, Contact Sensor with Remote Alarm | $27.99 | 3.6 out of 5 stars | (1,122)
B0C3SL4K28: Eve Door & Window (Matter) 3 Pack – Smart Contact Sensor for Doors & W | $79.99 | 4.1 out of 5 stars | (785)
B0BZSY26WP: Eve Door & Window (Matter) – Smart Contact Sensor for Doors & Windows, | $33.60 | 4.1 out of 5 stars | (147)
B0G6ZH853W: Aqara Multi-State Sensor P100, Door and Window & Vibration Sensor, Whi | $27.99 | 3.2 out of 5 stars | (105)
B0DR3C9D17: arre Contact Sensor with Matter & Thread Support, Control Smart Home A | $29.99 | 2.7 out of 5 stars | (16)
B0HL88GKK7: SONOFF SNZT-04P Zigbee/Thread Door and Window Sensor with Tamper Proof | $22.90 | None | None
B0HDBT8XDN: Door Sensor with Matter Thread USB Power for Smart Home Automation | $18.07 | None | None
B0HGLMC23K: Matter Thread Door and Window Sensor, Smart Open Close Detector | $18.37 | None | None
B0FG2MD3YP: Aqara Presence Sensor FP300 Wireless 5-in-1 Motion Sensor with mmWave | $49.99 | 3.7 out of 5 stars | (912)
B0CT8W9NRB: Aqara Motion and Light Sensor P2, Motion Detector with Light Sensor | $31.99 | 3.5 out of 5 stars | (669)
B0BZT5W3V5: Eve Motion (Matter) - Smart Motion Sensor with Light Sensor, IPX3 Wate | $31.99 | 3.7 out of 5 stars | (360)
B0H9RV4BL4: Matter Motion Sensor, PIR Movement Sensor, Thread Indoor Sensor | $29.99 | 4.5 out of 5 stars | (7)
B0H6JFC9RQ: 5-in-1 Presence Sensor LWR02, PIR + mmWave Radar, Matter Over Thread | $49.99 | 4.4 out of 5 stars | (70)
B0GS5F4V6R: THIRDREALITY Smart Night Light-T,Support Matter Over Thread,3-in-1 RGB | $23.99 | 3.8 out of 5 stars | (48)
B0G8HLQ633: meross Presence Sensor MS605, IP67 Battery-Powered, Matter Over Thread | $24.99 | 3.1 out of 5 stars | (88)
B0CT8Q9X39: Onvis Smart Motion Sensor, Wireless Home Security System, PIR Motion D | $31.99 | 3.5 out of 5 stars | (24)
B0DWSK5H33: Aqara Thread/Zigbee Smart Climate Sensor W100, Wireless Remote HVAC Co | $39.99 | 3.8 out of 5 stars | (143)
B0HB4LXMWL: Matter Temperature Humidity Sensor with LCD Display | $29.99 | 4.2 out of 5 stars | (12)
B0DB8TJ2HH: arre Temperature Humidity Air Pressure Sensor with Matter & Thread Sup | $39.99 | 2.7 out of 5 stars | (52)
B0FGKN9X3V: Nanoleaf Essentials Smart Light Bulbs, Matter LED Bulbs A19 E26 60W 4P | $37.49 | 4.2 out of 5 stars | (1,585)
B0FGK5D33V: Nanoleaf Essentials Smart Light Bulbs, Matter LED Bulbs A19 E26 60W 2P | $22.79 | 4.2 out of 5 stars | (1,585)
B0DN63SFWL: Aqara Thread/Zigbee Smart LED Light Bulb T2 E26, 1 Pack | $23.99 | 4.0 out of 5 stars | (227)
B0DN1542G5: Aqara Thread/Zigbee Smart LED Light Bulb T2 E26, 1 Pack | $21.99 | 3.8 out of 5 stars | (114)
B0FQC6VCDW: ULTRALOQ Bolt SE Wi-Fi Smart Lock, Matter Over Thread, App Remote Acce | $89.99 | 4.3 out of 5 stars | (10,340)
B0FXM1QCVT: Philips Smart Lock Matter Over Thread, Touchscreen Fingerprint Deadbol | $119.99 | 4.2 out of 5 stars | (49)
B0BZSD2L1W: Aqara Smart Lock U100, Apple Home Key, Fingerprint Deadbolt, Gray | $149.99 | 4.1 out of 5 stars | (2,581)
B0FRS6T6HL: Aqara UWB Smart Lock U400, Apple Home Key, Fingerprint Deadbolt, Black | $269.99 | 4.1 out of 5 stars | (417)
B0BCGH7D8H: attempt 1 failed (Loading https://www.amazon.com/dp/B0BCGH7D8H | Page.goto: Ti), backing off
B0BCGH7D8H: Yale Smart Lock Deadbolt with Google Matter, Keyless Entry, Matte Blac | $169.99 | 3.4 out of 5 stars | (289)
B0F8RC3YRF: Level Bolt Smart Deadbolt - Make Your Lock Smart, Keep Your Keys & Har | $199.00 | 3.5 out of 5 stars | (80)
B0G3CPVSZW: Kwikset Aura Reach Smart Lock Matter Over Thread and Bluetooth Enabled | $158.61 | 3.3 out of 5 stars | (75)
B0GX14GPT3: TCL Smart Lock, Palm Vein Keyless Entry Deadbolt with Matter Over Thre | $179.99 | 5.0 out of 5 stars | (7)
B0FXWGYDQW: Aqara Smart Lock with Handle U300, Apple Home Key, Smart Lever Lock, B | $199.99 | 3.9 out of 5 stars | (73)
B0GZWVC674: Schlage Sense Pro UWB Smart Deadbolt Lock, Hands-Free Unlock, Matte Bl | $338.74 | 3.5 out of 5 stars | (63)
B0H1LG78QW: ULTRALOQ Bolt Mission UWB Smart Lock,Matter Over Thread,Approach to Un | $299.99 | 3.8 out of 5 stars | (44)
B0CZNZGGS7: Aqara Smart Lock U50, Apple Home Key, Keyless Entry Deadbolt, Black | $119.99 | 4.0 out of 5 stars | (672)
B0FKLBYHD2: Level Lock Pro - World’s Smallest, Most Innovative Smart Lock (Matte B | $349.00 | 3.9 out of 5 stars | (149)
B099WTN2TR: Govee RGBIC Floor Lamp Basic, 1000lm LED Corner Lamp, Black | $59.99 | 4.4 out of 5 stars | (11,937)
B0GQXN36K5: Govee Floor Lamp 3 Lite, Smart RGBIC LED Corner Lamp for Living Room | $79.99 | 4.5 out of 5 stars | (175)
B0GQT4YJ5F: Govee Floor Lamp 3 with Luminblend+ Technology, 1000K-10000K Standing  | $118.99 | 4.6 out of 5 stars | (215)
B0F43M9KWW: Govee Tree Floor Lamp with 3 Rotatable Lights, Compatible with Matter | $118.99 | 4.6 out of 5 stars | (695)
B0GQTF4X6H: Govee Lantern Floor Lamp, Halo Gradient RGBIC Smart Corner Lamp for Be | $99.99 | 4.8 out of 5 stars | (324)
B0F3NZ12GL: Govee Uplighter Floor Lamp for Living Room, RGBIC Ripple Projector | $125.99 | 4.6 out of 5 stars | (1,421)
B0FQ5GBZZ6: SwitchBot Smart Floor Lamp RGBICWW Voice/App Controlled Works with Ale | $55.99 | 3.8 out of 5 stars | (69)
B0DQSB2B5H: Nanoleaf Matter Smart Floor Lamp, 1700lm RGBTW LED Standing Lamps | $77.99 | 4.3 out of 5 stars | (125)
B0F4JZGBRZ: Govee Torchiere Floor Lamp Work with Matter, Alexa, RGBIC Standing Lam | $79.99 | 4.3 out of 5 stars | (263)
B0DZNVXQ94: SwitchBot Floor Lamp with Matter, RGB, Warm Cool White, Corner Floor L | $50.99 | 3.9 out of 5 stars | (55)
B0CTH2QF23: Govee Floor Lamp 2, RGBIC Smart Floor Lamp for Living Room, Bedroom | $129.99 | 4.5 out of 5 stars | (2,578)
B0GSW658C2: Govee Uplighter Floor Lamp with Nebula Effect, Projector for Living Ro | $125.99 | 4.3 out of 5 stars | (80)
B0G4W6R4SG: Aqara Indoor Security Camera G350, 4K UHD Dual-Lens Matter Camera Hub | $139.99 | 4.3 out of 5 stars | (226)
B0DPX7539M: Aqara 4MP Camera Hub G5 Pro WiFi, True Color Night Vision Security Cam | $199.99 | 4.3 out of 5 stars | (306)
B0F6CKH9BB: Aqara 2K Indoor/Outdoor Security Camera G100, HomeKit Secure Video, Wh | $39.99 | 4.2 out of 5 stars | (1,745)
B0CCHQ38D2: Aqara 2K Indoor Security Camera E1, HomeKit Secure Video Indoor Camera | $69.99 | 4.2 out of 5 stars | (1,817)
B0FN7DLWGF: Google Nest Cam Indoor (Wired, 3rd Gen) - Security Camera - 2025 - Sno | $129.00 | 4.6 out of 5 stars | (1,100)
B0G2WDPB29: SONOFF AirGuard CO2 SAWF-08P, Smart Indoor Air Quality Monitor, Matter | $49.90 | 4.4 out of 5 stars | (173)
B0H3VMW944: SONOFF AirGuard SAWF-08P, Smart Indoor Air Quality Monitor, Matter Com | $49.90 | 4.5 out of 5 stars | (22)
B0G2W4FVQF: SONOFF SAWF-07P Smart Indoor Air Quality Monitor with PM2.5, PM10, Tem | $39.90 | 3.8 out of 5 stars | (194)
B0BZV1XG6Y: GoveeLife Smart Air Quality Monitor with PM2.5 H5106, LED Display Wire | $39.99 | 4.3 out of 5 stars | (1,041)
B0FFMZL15X: GoveeLife Smart Air Quality Monitor CO2 Detector H5140, Display & Alar | $89.99 | 4.4 out of 5 stars | (241)
B0FLDCK9D2: SwitchBot CO2 Detector, Air Quality Monitor Indoor, CO2 Monitor for CO | $79.99 | 4.5 out of 5 stars | (11)
B092HK4BB1: Qingping Air Monitor Lite, Apple HomeKit Compatible Wi-Fi Indoor Air Q | $76.00 | 3.6 out of 5 stars | (709)
B0GRWHXJZT: AprilAire ZAWTHCPV Smart Indoor 5-in-1 Wi-Fi Air Quality Monitor (CO2, | $169.99 | 4.1 out of 5 stars | (34)
B0HBVLX9PZ: THIRDREALITY Smart Air Quality Sensor, Zigbee 3.0, CO₂, VOC, Temp & Hu | $49.99 | None | None
B08WXT6166: frient Air Quality Sensor | Wireless Indoor VOC, Humidity, and Tempera | $79.95 | 3.5 out of 5 stars | (61)
B09ZY917TZ: Aqara Smart Curtain Motor E1 Track Version, 1 Pack | $89.99 | 4.0 out of 5 stars | (205)
B0CYP7KNR6: Aqara Smart Curtain Motor E1 Rod Version 1Pack, Support HomeKit Alexa  | $99.99 | 4.2 out of 5 stars | (33)
B0DS6XY9H4: Smart Automatic Curtain Opener and Closer, Zigbee Curtain Robot with A | $55.99 | 3.0 out of 5 stars | (11)
B0GS29T4MM: Zigbee Rechargeable Curtain Robot, Automatic Smart Curtain Opener Moto | $58.65 | 5.0 out of 5 stars | (2)
pass 1 missing 0
