search 'smart desk lamp wifi alexa' page 1: 60 results
search 'smart table lamp wifi app' page 1: 60 results
search 'smart flush mount ceiling light wifi' page 1: 60 results
search 'smart ceiling light alexa google' page 1: 60 results
search 'portable power station wifi app' page 1: 22 results
search 'home backup battery power station app control' page 1: 22 results
search 'smart water monitor flow meter wifi' page 1: 60 results
search 'whole home water leak detector flow monitor' page 1: 60 results
search 'sunrise alarm clock app wifi' page 1: 60 results
search 'smart sunrise alarm clock sleep app' page 1: 60 results
search 'robotic pool cleaner app control' page 1: 22 results
search 'cordless robotic pool cleaner wifi app' page 1: 22 results
search 'smart scale wifi body composition' page 1: 60 results
search 'wifi bathroom scale app' page 1: 60 results
search 'smart curtain opener' page 1: 60 results
search 'smart curtain motor wifi alexa' page 1: 60 results
search 'smart pathway lights wifi app' page 1: 60 results
search 'smart landscape lights wifi' page 1: 60 results
search 'smart portable air conditioner wifi' page 1: 22 results
search 'propane tank level monitor wifi' page 1: 59 results
search 'smart propane tank gauge app' page 1: 60 results
search 'smart mailbox sensor alert app' page 1: 52 results
search 'mailbox notification sensor wifi' page 1: 58 results
search 'thread door window sensor matter' page 1: 22 results
search 'eve door window sensor thread' page 1: 9 results
search 'thread motion sensor matter' page 1: 22 results
search 'thread temperature humidity sensor matter' page 1: 60 results
search 'thread smart bulb matter' page 1: 60 results
search 'nanoleaf essentials matter bulb' page 1: 59 results
search 'matter over thread smart lock' page 1: 60 results
search 'thread smart lock apple home' page 1: 60 results
search 'matter floor lamp' page 1: 60 results
search 'matter smart table lamp' page 1: 60 results
search 'matter security camera' page 1: 22 results
search 'matter camera apple home google home' page 1: 22 results
search 'matter air quality monitor' page 1: 22 results
search 'matter co2 sensor' page 1: 22 results
search 'zigbee air quality sensor' page 1: 21 results
search 'zigbee co2 sensor' page 1: 16 results
search 'zigbee curtain motor' page 1: 60 results
search 'aqara curtain driver' page 1: 33 results
search 'z-wave keypad' page 1: 58 results
search 'z-wave security keypad' page 1: 22 results
pass 1 queries 43
