search 'self cleaning litter box app wifi' page 1: 60 results
search 'smart pet water fountain wifi app' page 1: 60 results
search 'smart window air conditioner wifi' page 1: 22 results
search 'smart tower fan wifi alexa' page 1: 60 results
search 'smart pedestal fan wifi app' page 1: 60 results
search 'smart floor lamp wifi' page 1: 60 results
search 'smart table lamp wifi alexa' page 1: 60 results
search 'smart recessed lighting wifi' page 1: 60 results
search 'smart flush mount ceiling light wifi' page 1: 60 results
search 'security camera system nvr 4k' page 1: 22 results
search 'wifi security camera system 4 cameras' page 1: 22 results
search 'smart garage door opener belt drive wifi myq' page 1: 60 results
search 'universal remote hub app control' page 1: 22 results
search 'matter robot vacuum' page 1: 22 results
search 'matter ceiling fan' page 1: 60 results
search 'matter smart power strip' page 1: 22 results
search 'zigbee water valve shut off' page 1: 60 results
search 'zigbee smoke detector' page 1: 60 results
search 'z-wave smoke detector' page 1: 60 results
search 'z-wave smoke co alarm' page 1: 60 results
